*** Using Compiler 'V6.24', folder: 'D:\keil_v5\keil\ARM\ARMCLANG\Bin'
Build target 'Target 1'
Note: source file 'D:/keil_v5/keil/tensorflow/tensorflow-lite-micro/1.25.2/tensorflow/lite/kernels/kernel_util.cpp' - object file renamed from '.\Objects\kernel_util.o' to '.\Objects\kernel_util_1.o'.src/drivers/drv_lcd.c(39): warning: implicit conversion loses integer precision: 'int' to 'uint8_t' (aka 'unsigned char') [-Wimplicit-int-conversion]
   39 |     *r = (r5 << 3) | (r5 >> 2);
      |        ~ ~~~~~~~~~~^~~~~~~~~~~
src/drivers/drv_lcd.c(40): warning: implicit conversion loses integer precision: 'int' to 'uint8_t' (aka 'unsigned char') [-Wimplicit-int-conversion]
   40 |     *g = (g6 << 2) | (g6 >> 4);
      |        ~ ~~~~~~~~~~^~~~~~~~~~~
src/drivers/drv_lcd.c(41): warning: implicit conversion loses integer precision: 'int' to 'uint8_t' (aka 'unsigned char') [-Wimplicit-int-conversion]
   41 |     *b = (b5 << 3) | (b5 >> 2);
      |        ~ ~~~~~~~~~~^~~~~~~~~~~
src/drivers/drv_lcd.c(109): warning: unused function 'LCDDrvWriteBuf' [-Wunused-function]
  109 | static void LCDDrvWriteBuf(uint8_t* buf, uint32_t size)
      |             ^~~~~~~~~~~~~~
src/drivers/drv_lcd.c(30): warning: unused variable 'gFlagWaitTX' [-Wunused-variable]
   30 | static volatile bool gFlagWaitTX = 0;
      |                      ^~~~~~~~~~~
5 warnings generated.
compiling drv_lcd.c...
linking...
Program Size: Code=70754 RO-data=436826 RW-data=412 ZI-data=379320  
".\Objects\A_i2s_capture.axf" - 0 Error(s), 5 Warning(s).
Build Time Elapsed:  00:00:02
