*** Using Compiler 'V6.24', folder: 'D:\keil_v5\keil\ARM\ARMCLANG\Bin'
Build target 'Target 1'
Note: source file 'D:/keil_v5/keil/tensorflow/tensorflow-lite-micro/1.25.2/tensorflow/lite/kernels/kernel_util.cpp' - object file renamed from '.\Objects\kernel_util.o' to '.\Objects\kernel_util_1.o'.compiling hal_entry.c...
src/drivers/drv_lcd.c(102): warning: unused function 'LCDDrvWriteBuf' [-Wunused-function]
  102 | static void LCDDrvWriteBuf(uint8_t* buf, uint32_t size)
      |             ^~~~~~~~~~~~~~
src/drivers/drv_lcd.c(30): warning: unused variable 'gFlagWaitTX' [-Wunused-variable]
   30 | static volatile bool gFlagWaitTX = 0;
      |                      ^~~~~~~~~~~
2 warnings generated.
compiling drv_lcd.c...
src/ui/lcd_draw.c(6): warning: In file included from...src/ui\font.h(7): warning: excess elements in scalar initializer [-Wexcess-initializers]
src/ui\font.h(7): warning: excess elements in scalar initializer [-Wexcess-initializers]
src/ui\font.h(7): warning: excess elements in scalar initializer [-Wexcess-initializers]
src/ui\font.h(7): warning: excess elements in scalar initializer [-Wexcess-initializers]
src/ui\font.h(7): warning: excess elements in scalar initializer [-Wexcess-initializers]
src/ui\font.h(7): warning: excess elements in scalar initializer [-Wexcess-initializers]
src/ui\font.h(7): warning: excess elements in scalar initializer [-Wexcess-initializers]
src/ui\font.h(7): warning: excess elements in scalar initializer [-Wexcess-initializers]
src/ui\font.h(7): warning: excess elements in array initializer [-Wexcess-initializers]
9 warnings generated.
compiling lcd_draw.c...
linking...
Program Size: Code=69978 RO-data=435982 RW-data=412 ZI-data=379320  
".\Objects\A_i2s_capture.axf" - 0 Error(s), 11 Warning(s).
Build Time Elapsed:  00:00:10
