*** Using Compiler 'V6.24', folder: 'D:\keil_v5\keil\ARM\ARMCLANG\Bin'
Rebuild target 'Target 1'
compiling hal_entry.c...
compiling bsp_clocks.c...
compiling system.c...
compiling bsp_common.c...
compiling bsp_linker.c...
compiling bsp_io.c...
compiling bsp_ipc.c...
compiling audio_capture.c...
compiling bsp_sbrk.c...
compiling bsp_sdram.c...
compiling bsp_ospi_b.c...
compiling bsp_security.c...
compiling bsp_irq.c...
compiling common_data.c...
compiling bsp_group_irq.c...
compiling startup.c...
compiling main.c...
compiling bsp_guard.c...
compiling r_ioport.c...
compiling bsp_macl.c...
compiling pin_data.c...
compiling r_dtc.c...
compiling vector_data.c...
compiling hal_data.c...
compiling bsp_delay.c...
compiling bsp_register_protection.c...
compiling r_gpt.c...
compiling r_sci_uart.c...
compiling r_ssi.c...
linking...
Program Size: Code=15940 RO-data=1892 RW-data=32 ZI-data=6612  
".\Objects\A_i2s_capture.axf" - 0 Error(s), 0 Warning(s).
Build Time Elapsed:  00:00:02
