<html>
<body>
<pre>
<h1>µVision Build Log</h1>
<h2>Tool Versions:</h2>
IDE-Version: ¶ÃVision V5.43.1.0
Copyright (C) 2025 ARM Ltd and ARM Germany GmbH. All rights reserved.
License Information: ≥Øø° µÀ, ÷ÿ«Ï¥Û—ß, LIC=VB4CQ-7T3TQ-AHW8D-LDGTP-NJ0C2-Q06LT
 
Tool Versions:
Toolchain:       MDK-ARM Community  Version: 5.43.0.0
Toolchain Path:  D:\keil_v5\keil\ARM\ARMCLANG\Bin
C Compiler:      ArmClang.exe V6.24
Assembler:       Armasm.exe V6.24
Linker/Locator:  ArmLink.exe V6.24
Library Manager: ArmAr.exe V6.24
Hex Converter:   FromElf.exe V6.24
CPU DLL:         
Dialog DLL:      
Target DLL:      CMSIS_AGDI_V8M.DLL V1.8.8.0
Dialog DLL:      TCM.DLL V1.56.6.0
 
<h2>Project:</h2>
D:\keil_v5\keil\PROJECT\A_i2s_capture\A_i2s_capture.uvprojx
Project File Date:  03/08/2026

<h2>Output:</h2>
*** Using Compiler 'V6.24', folder: 'D:\keil_v5\keil\ARM\ARMCLANG\Bin'
Rebuild target 'Target 1'
compiling drv_lcd.c...
compiling digit_recognizer.cpp...
compiling uart_ringbuf.c...
compiling wav_pack.c...
compiling drv_spi0_manual.c...
compiling w800_at.c...
compiling audio_features.c...
compiling system.c...
compiling http_parser_lite.c...
compiling test_audio_data.c...
compiling bsp_common.c...
compiling ui_state_machine.c...
compiling startup.c...
compiling bsp_delay.c...
compiling log.c...
compiling app_main.c...
compiling lcd_draw.c...
compiling hal_entry.c...
compiling w800_socket.c...
compiling bsp_clocks.c...
compiling bsp_group_irq.c...
compiling w800_wifi.c...
compiling drv_touch.c...
compiling cloud_http_client.c...
compiling audio_capture.c...
compiling bsp_sbrk.c...
compiling bsp_guard.c...
compiling bsp_ospi_b.c...
compiling bsp_ipc.c...
compiling bsp_irq.c...
compiling bsp_io.c...
compiling bsp_register_protection.c...
compiling bsp_macl.c...
compiling bsp_security.c...
compiling bsp_sdram.c...
compiling bsp_linker.c...
compiling r_ioport.c...
compiling r_gpt.c...
compiling r_dtc.c...
compiling r_sci_i2c.c...
compiling common_data.c...
compiling r_sci_uart.c...
compiling hal_data.c...
compiling r_ssi.c...
compiling main.c...
compiling vector_data.c...
compiling pin_data.c...
linking...
Program Size: Code=27102 RO-data=51354 RW-data=20 ZI-data=49996  
".\Objects\A_i2s_capture.axf" - 0 Error(s), 0 Warning(s).

<h2>Software Packages used:</h2>

Package Vendor: ARM
                https://www.keil.com/pack/ARM.CMSIS.6.3.0.pack
                ARM::CMSIS@6.3.0
                CMSIS (Common Microcontroller Software Interface Standard)
   * Component: CORE Version: 6.2.0

Package Vendor: Renesas
                
                Renesas::Project Content@1.0.0
                Project content managed by the Renesas Smart Configurator
   * Component: Build Configuration Version: 
   * Component: ra Version: 
   * Component: Generated Data Version: 
   * Component: Linker Script Version: 

Package Vendor: Renesas
                https://www2.renesas.eu/Keil_MDK_Packs/Renesas.RA_DFP.6.3.0.pack
                Renesas::RA_DFP@6.3.0
                Renesas RA series device family pack
   * Component: RA Configuration Version: 1.0.0

<h2>Collection of Component include folders:</h2>
  ./RTE/_Target_1
  ./ra/arm/CMSIS_6/CMSIS/Core/Include
  ./ra/fsp/inc
  ./ra/fsp/inc/api
  ./ra/fsp/inc/instances
  ./ra_cfg/fsp_cfg
  ./ra_cfg/fsp_cfg/bsp
  ./ra_gen
  D:/keil_v5/keil/ARM/CMSIS/6.3.0/CMSIS/Core/Include
  D:/keil_v5/keil/PROJECT/A_i2s_capture

<h2>Collection of Component Files used:</h2>

   * Component: ARM::CMSIS:CORE@6.2.0
      Include file:  CMSIS/Core/Include/tz_context.h

   * Component: Renesas::Flex Software:Build Configuration
      Include file:  ra_cfg/fsp_cfg/bsp/bsp_mcu_device_pn_cfg.h
      Include file:  ra_cfg/fsp_cfg/bsp/bsp_mcu_family_cfg.h
      Include file:  ra_cfg/fsp_cfg/bsp/bsp_mcu_ofs_cfg.h
      Include file:  ra_cfg/fsp_cfg/bsp/bsp_pin_cfg.h
      Include file:  ra_cfg/fsp_cfg/r_dtc_cfg.h
      Include file:  ra_cfg/fsp_cfg/r_gpt_cfg.h
      Include file:  ra_cfg/fsp_cfg/bsp/board_cfg.h
      Include file:  ra_cfg/fsp_cfg/bsp/bsp_cfg.h
      Include file:  ra_cfg/fsp_cfg/bsp/bsp_mcu_device_cfg.h
      Include file:  ra_cfg/fsp_cfg/r_ioport_cfg.h
      Include file:  ra_cfg/fsp_cfg/r_ssi_cfg.h
      Include file:  ra_cfg/fsp_cfg/r_sci_i2c_cfg.h
      Include file:  ra_cfg/fsp_cfg/r_sci_uart_cfg.h

   * Component: Renesas::Flex Software:Components:ra
      Include file:  ra/arm/CMSIS_6/CMSIS/Core/Include/m-profile/armv8m_pmu.h
      Include file:  ra/arm/CMSIS_6/CMSIS/Core/Include/core_sc000.h
      Include file:  ra/arm/CMSIS_6/CMSIS/Core/Include/core_sc300.h
      Include file:  ra/arm/CMSIS_6/CMSIS/Core/Include/m-profile/armv7m_mpu.h
      Include file:  ra/arm/CMSIS_6/CMSIS/Core/Include/m-profile/armv7m_cachel1.h
      Include file:  ra/arm/CMSIS_6/CMSIS/Core/Include/core_starmc1.h
      Include file:  ra/arm/CMSIS_6/CMSIS/Core/Include/m-profile/armv8m_mpu.h
      Include file:  ra/arm/CMSIS_6/CMSIS/Core/Include/m-profile/armv81m_pac.h
      Include file:  ra/fsp/inc/fsp_features.h
      Include file:  ra/fsp/inc/api/r_timer_api.h
      Include file:  ra/fsp/inc/instances/r_gpt.h
      Include file:  ra/fsp/inc/instances/r_ioport.h
      Include file:  ra/fsp/inc/api/r_i2c_master_api.h
      Include file:  ra/fsp/inc/api/r_ioport_api.h
      Include file:  ra/fsp/inc/api/bsp_api.h
      Include file:  ra/fsp/inc/api/fsp_common_api.h
      Include file:  ra/fsp/inc/api/r_uart_api.h
      Include file:  ra/fsp/inc/fsp_version.h
      Include file:  ra/arm/CMSIS_6/CMSIS/Core/Include/tz_context.h
      Include file:  ra/fsp/inc/instances/r_dtc.h
      Include file:  ra/fsp/inc/api/r_elc_api.h
      Include file:  ra/fsp/inc/api/r_i2s_api.h
      Include file:  ra/fsp/inc/api/r_transfer_api.h
      Include file:  ra/arm/CMSIS_6/CMSIS/Core/Include/r-profile/cmsis_clang_r.h
      Include file:  ra/arm/CMSIS_6/CMSIS/Core/Include/m-profile/cmsis_armclang_m.h
      Include file:  ra/arm/CMSIS_6/CMSIS/Core/Include/m-profile/cmsis_iccarm_m.h
      Include file:  ra/arm/CMSIS_6/CMSIS/Core/Include/m-profile/cmsis_gcc_m.h
      Include file:  ra/arm/CMSIS_6/CMSIS/Core/Include/m-profile/cmsis_tiarmclang_m.h
      Include file:  ra/arm/CMSIS_6/CMSIS/Core/Include/m-profile/cmsis_clang_m.h
      Include file:  ra/arm/CMSIS_6/CMSIS/Core/Include/r-profile/cmsis_armclang_r.h
      Include file:  ra/arm/CMSIS_6/CMSIS/Core/Include/r-profile/cmsis_gcc_r.h
      Include file:  ra/arm/CMSIS_6/CMSIS/Core/Include/core_cm1.h
      Include file:  ra/arm/CMSIS_6/CMSIS/Core/Include/core_cm23.h
      Include file:  ra/arm/CMSIS_6/CMSIS/Core/Include/cmsis_compiler.h
      Include file:  ra/arm/CMSIS_6/CMSIS/Core/Include/core_cm0.h
      Include file:  ra/arm/CMSIS_6/CMSIS/Core/Include/core_cm0plus.h
      Include file:  ra/arm/CMSIS_6/CMSIS/Core/Include/core_ca.h
      Include file:  ra/arm/CMSIS_6/CMSIS/Core/Include/cmsis_version.h
      Include file:  ra/arm/CMSIS_6/CMSIS/Core/Include/cmsis_gcc.h
      Include file:  ra/arm/CMSIS_6/CMSIS/Core/Include/a-profile/cmsis_clang_a.h
      Include file:  ra/arm/CMSIS_6/CMSIS/Core/Include/a-profile/irq_ctrl.h
      Include file:  ra/arm/CMSIS_6/CMSIS/Core/Include/cmsis_armclang.h
      Include file:  ra/arm/CMSIS_6/CMSIS/Core/Include/cmsis_clang.h
      Include file:  ra/arm/CMSIS_6/CMSIS/Core/Include/a-profile/cmsis_cp15.h
      Include file:  ra/arm/CMSIS_6/CMSIS/Core/Include/a-profile/cmsis_iccarm_a.h
      Include file:  ra/arm/CMSIS_6/CMSIS/Core/Include/a-profile/cmsis_gcc_a.h
      Include file:  ra/arm/CMSIS_6/CMSIS/Core/Include/a-profile/cmsis_armclang_a.h
      Include file:  ra/fsp/src/bsp/mcu/all/bsp_security.h
      Source file:   ra/fsp/src/bsp/mcu/ra6m5/bsp_linker.c
      Include file:  ra/fsp/src/bsp/mcu/ra6m5/bsp_peripheral.h
      Include file:  ra/fsp/src/bsp/mcu/ra6m5/bsp_mcu_info.h
      Source file:   ra/fsp/src/bsp/mcu/all/bsp_sbrk.c
      Source file:   ra/fsp/src/bsp/mcu/all/bsp_sdram.c
      Include file:  ra/fsp/src/bsp/mcu/all/bsp_sdram.h
      Source file:   ra/fsp/src/r_sci_i2c/r_sci_i2c.c
      Source file:   ra/fsp/src/r_ssi/r_ssi.c
      Source file:   ra/fsp/src/bsp/mcu/all/bsp_register_protection.c
      Include file:  ra/fsp/src/bsp/mcu/ra6m5/bsp_feature.h
      Include file:  ra/fsp/src/bsp/mcu/ra6m5/bsp_elc.h
      Source file:   ra/fsp/src/r_gpt/r_gpt.c
      Source file:   ra/fsp/src/r_sci_uart/r_sci_uart.c
      Include file:  ra/fsp/src/bsp/mcu/all/bsp_tfu.h
      Include file:  ra/fsp/src/bsp/mcu/all/bsp_register_protection.h
      Include file:  ra/fsp/src/bsp/mcu/all/bsp_ospi_b.h
      Source file:   ra/fsp/src/bsp/mcu/all/bsp_security.c
      Source file:   ra/fsp/src/r_dtc/r_dtc.c
      Source file:   ra/fsp/src/r_ioport/r_ioport.c
      Include file:  ra/arm/CMSIS_6/CMSIS/Core/Include/core_cm3.h
      Include file:  ra/arm/CMSIS_6/CMSIS/Core/Include/core_cm4.h
      Include file:  ra/arm/CMSIS_6/CMSIS/Core/Include/core_cm35p.h
      Include file:  ra/arm/CMSIS_6/CMSIS/Core/Include/core_cm52.h
      Include file:  ra/arm/CMSIS_6/CMSIS/Core/Include/core_cm33.h
      Include file:  ra/arm/CMSIS_6/CMSIS/Core/Include/core_cm55.h
      Include file:  ra/arm/CMSIS_6/CMSIS/Core/Include/core_cm7.h
      Include file:  ra/arm/CMSIS_6/CMSIS/Core/Include/core_cm85.h
      Include file:  ra/fsp/src/bsp/mcu/all/bsp_compiler_support.h
      Include file:  ra/fsp/src/bsp/cmsis/Device/RENESAS/Include/R7FA6M5BH.h
      Source file:   ra/fsp/src/bsp/cmsis/Device/RENESAS/Source/startup.c
      Include file:  ra/fsp/inc/instances/r_ssi.h
      Include file:  ra/fsp/inc/instances/r_sci_i2c.h
      Source file:   ra/fsp/src/bsp/cmsis/Device/RENESAS/Source/system.c
      Source file:   ra/fsp/src/bsp/mcu/all/bsp_delay.c
      Include file:  ra/fsp/inc/instances/r_sci_uart.h
      Source file:   ra/fsp/src/bsp/mcu/all/bsp_clocks.c
      Source file:   ra/fsp/src/bsp/mcu/all/bsp_common.c
      Include file:  ra/fsp/src/bsp/mcu/all/bsp_common.h
      Include file:  ra/fsp/src/bsp/cmsis/Device/RENESAS/Include/renesas.h
      Include file:  ra/fsp/src/bsp/cmsis/Device/RENESAS/Include/system.h
      Include file:  ra/fsp/src/bsp/mcu/all/bsp_delay.h
      Include file:  ra/fsp/src/bsp/mcu/all/bsp_clocks.h
      Include file:  ra/fsp/src/bsp/mcu/all/bsp_exceptions.h
      Include file:  ra/fsp/src/bsp/mcu/all/bsp_mcu_api.h
      Include file:  ra/fsp/src/bsp/mcu/all/bsp_group_irq.h
      Source file:   ra/fsp/src/bsp/mcu/all/bsp_irq.c
      Include file:  ra/fsp/src/bsp/mcu/all/bsp_mmf.h
      Source file:   ra/fsp/src/bsp/mcu/all/bsp_group_irq.c
      Include file:  ra/fsp/src/bsp/mcu/all/bsp_module_stop.h
      Source file:   ra/fsp/src/bsp/mcu/all/bsp_ospi_b.c
      Include file:  ra/fsp/src/bsp/mcu/all/bsp_guard.h
      Include file:  ra/fsp/src/bsp/mcu/all/bsp_ipc.h
      Source file:   ra/fsp/src/bsp/mcu/all/bsp_guard.c
      Include file:  ra/fsp/src/bsp/mcu/all/bsp_io.h
      Source file:   ra/fsp/src/bsp/mcu/all/bsp_ipc.c
      Source file:   ra/fsp/src/bsp/mcu/all/bsp_io.c
      Include file:  ra/fsp/src/bsp/mcu/all/bsp_irq.h
      Source file:   ra/fsp/src/bsp/mcu/all/bsp_macl.c
      Include file:  ra/fsp/src/bsp/mcu/all/bsp_macl.h

   * Component: Renesas::Flex Software:Generated Data
      Source file:   ra_gen/pin_data.c
      Source file:   ra_gen/main.c
      Source file:   ra_gen/vector_data.c
      Include file:  ra_gen/bsp_clock_cfg.h
      Source file:   ra_gen/common_data.c
      Include file:  ra_gen/hal_data.h
      Include file:  ra_gen/vector_data.h
      Include file:  ra_gen/common_data.h
      Source file:   ra_gen/hal_data.c

   * Component: Renesas::Flex Software:Linker Script

   * Component: Renesas::Flex Software:RA Configuration@1.0.0
Build Time Elapsed:  00:00:02
</pre>
</body>
</html>
