*** Using Compiler 'V6.24', folder: 'D:\keil_v5\keil\ARM\ARMCLANG\Bin'
Build target 'Target 1'
compiling hal_entry.c...
compiling bsp_delay.c...
compiling system.c...
compiling bsp_guard.c...
compiling bsp_macl.c...
compiling bsp_security.c...
compiling bsp_sdram.c...
compiling bsp_register_protection.c...
compiling bsp_ospi_b.c...
compiling bsp_clocks.c...
compiling startup.c...
compiling bsp_group_irq.c...
compiling main.c...
compiling bsp_linker.c...
compiling bsp_common.c...
compiling common_data.c...
compiling bsp_ipc.c...
compiling bsp_irq.c...
compiling bsp_io.c...
compiling r_dtc.c...
compiling audio_capture.c...
compiling pin_data.c...
compiling hal_data.c...
compiling r_ioport.c...
compiling r_sci_uart.c...
compiling r_ssi.c...
compiling r_gpt.c...
compiling vector_data.c...
linking...
Program Size: Code=15940 RO-data=1900 RW-data=32 ZI-data=6612  
After Build - User command #1: cmd /c "start "Renesas" /w cmd /c ""D:/keil_v5/keil/Renesas/RA_DFP/6.3.0/launcher\rasc_launcher.bat" "D:\keil_v5\keil\PROJECT\A_i2s_capture\rasc_version.txt" -nosplash --launcher.suppressErrors --gensmartbundle --compiler ARMv6 "D:\keil_v5\keil\PROJECT\A_i2s_capture\configuration.xml" "D:\keil_v5\keil\PROJECT\A_i2s_capture\Objects\A_i2s_capture.axf" 2> "%TEMP%\rasc_stderr.out"""
".\Objects\A_i2s_capture.axf" - 0 Error(s), 0 Warning(s).
Build Time Elapsed:  00:00:07
