Component: Arm Compiler for Embedded 6.24 Tool: armlink [5f371500]

==============================================================================

Section Cross References

    quantized_multiplier_stub.o(.text._ZN6tflite29MultiplyByQuantizedMultiplierEiii) refers to llshl.o(.text) for __aeabi_llsl
    quantized_multiplier_stub.o(.text._ZN6tflite29MultiplyByQuantizedMultiplierEiii) refers to llsshr.o(.text) for __aeabi_lasr
    quantized_multiplier_stub.o(.ARM.exidx.text._ZN6tflite29MultiplyByQuantizedMultiplierEiii) refers to quantized_multiplier_stub.o(.text._ZN6tflite29MultiplyByQuantizedMultiplierEiii) for [Anonymous Symbol]
    quantized_multiplier_stub.o(.text._ZN6tflite29MultiplyByQuantizedMultiplierExii) refers to llshl.o(.text) for __aeabi_llsl
    quantized_multiplier_stub.o(.text._ZN6tflite29MultiplyByQuantizedMultiplierExii) refers to llsshr.o(.text) for __aeabi_lasr
    quantized_multiplier_stub.o(.ARM.exidx.text._ZN6tflite29MultiplyByQuantizedMultiplierExii) refers to quantized_multiplier_stub.o(.text._ZN6tflite29MultiplyByQuantizedMultiplierExii) for [Anonymous Symbol]
    error_reporter_stub.o(.text._ZN6tflite13ErrorReporter6ReportEPKcz) refers to vsnprintf.o(.text) for vsnprintf
    error_reporter_stub.o(.ARM.exidx.text._ZN6tflite13ErrorReporter6ReportEPKcz) refers to error_reporter_stub.o(.text._ZN6tflite13ErrorReporter6ReportEPKcz) for [Anonymous Symbol]
    drv_lcd.o(.text) refers (Special) to _printf_percent.o(.ARM.Collect$$_printf_percent$$00000000) for _printf_percent
    drv_lcd.o(.text) refers (Special) to _printf_pad.o(.text) for _printf_pre_padding
    drv_lcd.o(.text) refers (Special) to _printf_x.o(.ARM.Collect$$_printf_percent$$0000000C) for _printf_x
    drv_lcd.o(.text) refers (Special) to _printf_d.o(.ARM.Collect$$_printf_percent$$00000009) for _printf_d
    drv_lcd.o(.text) refers (Special) to _printf_dec.o(.text) for _printf_int_dec
    drv_lcd.o(.text) refers (Special) to _printf_hex_int_ll_ptr.o(.text) for _printf_longlong_hex
    drv_lcd.o(.text.LCDGetDevice) refers (Special) to _printf_percent.o(.ARM.Collect$$_printf_percent$$00000000) for _printf_percent
    drv_lcd.o(.text.LCDGetDevice) refers (Special) to _printf_pad.o(.text) for _printf_pre_padding
    drv_lcd.o(.text.LCDGetDevice) refers (Special) to _printf_x.o(.ARM.Collect$$_printf_percent$$0000000C) for _printf_x
    drv_lcd.o(.text.LCDGetDevice) refers (Special) to _printf_d.o(.ARM.Collect$$_printf_percent$$00000009) for _printf_d
    drv_lcd.o(.text.LCDGetDevice) refers (Special) to _printf_dec.o(.text) for _printf_int_dec
    drv_lcd.o(.text.LCDGetDevice) refers (Special) to _printf_hex_int_ll_ptr.o(.text) for _printf_longlong_hex
    drv_lcd.o(.text.LCDGetDevice) refers to drv_lcd.o(.data.gLcdDevice) for [Anonymous Symbol]
    drv_lcd.o(.ARM.exidx.text.LCDGetDevice) refers (Special) to _printf_percent.o(.ARM.Collect$$_printf_percent$$00000000) for _printf_percent
    drv_lcd.o(.ARM.exidx.text.LCDGetDevice) refers (Special) to _printf_pad.o(.text) for _printf_pre_padding
    drv_lcd.o(.ARM.exidx.text.LCDGetDevice) refers (Special) to _printf_x.o(.ARM.Collect$$_printf_percent$$0000000C) for _printf_x
    drv_lcd.o(.ARM.exidx.text.LCDGetDevice) refers (Special) to _printf_d.o(.ARM.Collect$$_printf_percent$$00000009) for _printf_d
    drv_lcd.o(.ARM.exidx.text.LCDGetDevice) refers (Special) to _printf_dec.o(.text) for _printf_int_dec
    drv_lcd.o(.ARM.exidx.text.LCDGetDevice) refers (Special) to _printf_hex_int_ll_ptr.o(.text) for _printf_longlong_hex
    drv_lcd.o(.ARM.exidx.text.LCDGetDevice) refers to drv_lcd.o(.text.LCDGetDevice) for [Anonymous Symbol]
    drv_lcd.o(.text.LCDDrvFillRect) refers (Special) to _printf_percent.o(.ARM.Collect$$_printf_percent$$00000000) for _printf_percent
    drv_lcd.o(.text.LCDDrvFillRect) refers (Special) to _printf_pad.o(.text) for _printf_pre_padding
    drv_lcd.o(.text.LCDDrvFillRect) refers (Special) to _printf_x.o(.ARM.Collect$$_printf_percent$$0000000C) for _printf_x
    drv_lcd.o(.text.LCDDrvFillRect) refers (Special) to _printf_d.o(.ARM.Collect$$_printf_percent$$00000009) for _printf_d
    drv_lcd.o(.text.LCDDrvFillRect) refers (Special) to _printf_dec.o(.text) for _printf_int_dec
    drv_lcd.o(.text.LCDDrvFillRect) refers (Special) to _printf_hex_int_ll_ptr.o(.text) for _printf_longlong_hex
    drv_lcd.o(.text.LCDDrvFillRect) refers to drv_lcd.o(.text.LCDDrvSetDisplayWindow) for LCDDrvSetDisplayWindow
    drv_lcd.o(.text.LCDDrvFillRect) refers to drv_lcd.o(.text.LCDDrvWriteReg) for LCDDrvWriteReg
    drv_lcd.o(.text.LCDDrvFillRect) refers to drv_spi0_manual.o(.text.sci_spi0_wait_tx_end) for sci_spi0_wait_tx_end
    drv_lcd.o(.text.LCDDrvFillRect) refers to drv_lcd.o(.data.gLcdDevice) for [Anonymous Symbol]
    drv_lcd.o(.text.LCDDrvFillRect) refers to drv_spi0_manual.o(.text.sci_spi0_write_byte) for sci_spi0_write_byte
    drv_lcd.o(.ARM.exidx.text.LCDDrvFillRect) refers (Special) to _printf_percent.o(.ARM.Collect$$_printf_percent$$00000000) for _printf_percent
[...]
    r_sci_uart.o(.ARM.exidx.text.R_SCI_UART_Read) refers to r_sci_uart.o(.text.R_SCI_UART_Read) for [Anonymous Symbol]
    r_sci_uart.o(.ARM.exidx.text.R_SCI_UART_Write) refers to r_sci_uart.o(.text.R_SCI_UART_Write) for [Anonymous Symbol]
    r_sci_uart.o(.text.R_SCI_UART_BaudSet) refers to r_sci_uart.o(.text.r_sci_uart_baud_set) for r_sci_uart_baud_set
    r_sci_uart.o(.ARM.exidx.text.R_SCI_UART_BaudSet) refers to r_sci_uart.o(.text.R_SCI_UART_BaudSet) for [Anonymous Symbol]
    r_sci_uart.o(.ARM.exidx.text.R_SCI_UART_InfoGet) refers to r_sci_uart.o(.text.R_SCI_UART_InfoGet) for [Anonymous Symbol]
    r_sci_uart.o(.ARM.exidx.text.R_SCI_UART_Abort) refers to r_sci_uart.o(.text.R_SCI_UART_Abort) for [Anonymous Symbol]
    r_sci_uart.o(.ARM.exidx.text.R_SCI_UART_CallbackSet) refers to r_sci_uart.o(.text.R_SCI_UART_CallbackSet) for [Anonymous Symbol]
    r_sci_uart.o(.text.R_SCI_UART_Close) refers to r_sci_uart.o(.text.OUTLINED_FUNCTION_0) for OUTLINED_FUNCTION_0
    r_sci_uart.o(.ARM.exidx.text.R_SCI_UART_Close) refers to r_sci_uart.o(.text.R_SCI_UART_Close) for [Anonymous Symbol]
    r_sci_uart.o(.ARM.exidx.text.R_SCI_UART_ReadStop) refers to r_sci_uart.o(.text.R_SCI_UART_ReadStop) for [Anonymous Symbol]
    r_sci_uart.o(.ARM.exidx.text.R_SCI_UART_ReceiveSuspend) refers to r_sci_uart.o(.text.R_SCI_UART_ReceiveSuspend) for [Anonymous Symbol]
    r_sci_uart.o(.ARM.exidx.text.R_SCI_UART_ReceiveResume) refers to r_sci_uart.o(.text.R_SCI_UART_ReceiveResume) for [Anonymous Symbol]
    r_sci_uart.o(.ARM.exidx.text.R_BSP_IrqEnable) refers to r_sci_uart.o(.text.R_BSP_IrqEnable) for [Anonymous Symbol]
    r_sci_uart.o(.ARM.exidx.text.r_sci_uart_baud_set) refers to r_sci_uart.o(.text.r_sci_uart_baud_set) for [Anonymous Symbol]
    r_sci_uart.o(.text.R_SCI_UART_BaudCalculate) refers to llsdiv.o(.text) for __aeabi_ldivmod
    r_sci_uart.o(.text.R_SCI_UART_BaudCalculate) refers to system.o(.bss.SystemCoreClock) for SystemCoreClock
    r_sci_uart.o(.text.R_SCI_UART_BaudCalculate) refers to r_sci_uart.o(.rodata.g_async_baud) for [Anonymous Symbol]
    r_sci_uart.o(.text.R_SCI_UART_BaudCalculate) refers to r_sci_uart.o(.rodata.g_div_coefficient) for [Anonymous Symbol]
    r_sci_uart.o(.ARM.exidx.text.R_SCI_UART_BaudCalculate) refers to r_sci_uart.o(.text.R_SCI_UART_BaudCalculate) for [Anonymous Symbol]
    r_sci_uart.o(.text.sci_uart_txi_isr) refers to r_sci_uart.o(.text.r_sci_uart_call_callback) for r_sci_uart_call_callback
    r_sci_uart.o(.text.sci_uart_txi_isr) refers to bsp_irq.o(.bss.gp_renesas_isr_context) for gp_renesas_isr_context
    r_sci_uart.o(.ARM.exidx.text.sci_uart_txi_isr) refers to r_sci_uart.o(.text.sci_uart_txi_isr) for [Anonymous Symbol]
    r_sci_uart.o(.ARM.exidx.text.r_sci_uart_call_callback) refers to r_sci_uart.o(.text.r_sci_uart_call_callback) for [Anonymous Symbol]
    r_sci_uart.o(.text.sci_uart_rxi_isr) refers to rt_memcpy_v6.o(.text) for __aeabi_memcpy
    r_sci_uart.o(.text.sci_uart_rxi_isr) refers to r_sci_uart.o(.text.r_sci_uart_call_callback) for r_sci_uart_call_callback
    r_sci_uart.o(.text.sci_uart_rxi_isr) refers to bsp_irq.o(.bss.gp_renesas_isr_context) for gp_renesas_isr_context
    r_sci_uart.o(.ARM.exidx.text.sci_uart_rxi_isr) refers to r_sci_uart.o(.text.sci_uart_rxi_isr) for [Anonymous Symbol]
    r_sci_uart.o(.text.sci_uart_tei_isr) refers to r_sci_uart.o(.text.r_sci_uart_call_callback) for r_sci_uart_call_callback
    r_sci_uart.o(.text.sci_uart_tei_isr) refers to r_sci_uart.o(.text.OUTLINED_FUNCTION_1) for OUTLINED_FUNCTION_1
    r_sci_uart.o(.text.sci_uart_tei_isr) refers to bsp_irq.o(.bss.gp_renesas_isr_context) for gp_renesas_isr_context
    r_sci_uart.o(.ARM.exidx.text.sci_uart_tei_isr) refers to r_sci_uart.o(.text.sci_uart_tei_isr) for [Anonymous Symbol]
    r_sci_uart.o(.text.sci_uart_eri_isr) refers to r_sci_uart.o(.text.r_sci_uart_call_callback) for r_sci_uart_call_callback
    r_sci_uart.o(.text.sci_uart_eri_isr) refers to r_sci_uart.o(.text.OUTLINED_FUNCTION_1) for OUTLINED_FUNCTION_1
    r_sci_uart.o(.text.sci_uart_eri_isr) refers to bsp_irq.o(.bss.gp_renesas_isr_context) for gp_renesas_isr_context
    r_sci_uart.o(.ARM.exidx.text.sci_uart_eri_isr) refers to r_sci_uart.o(.text.sci_uart_eri_isr) for [Anonymous Symbol]
    r_sci_uart.o(.text.r_sci_irq_cfg) refers to bsp_irq.o(.bss.gp_renesas_isr_context) for gp_renesas_isr_context
    r_sci_uart.o(.ARM.exidx.text.r_sci_irq_cfg) refers to r_sci_uart.o(.text.r_sci_irq_cfg) for [Anonymous Symbol]
    r_sci_uart.o(.ARM.exidx.text.OUTLINED_FUNCTION_0) refers to r_sci_uart.o(.text.OUTLINED_FUNCTION_0) for [Anonymous Symbol]
    r_sci_uart.o(.ARM.exidx.text.OUTLINED_FUNCTION_1) refers to r_sci_uart.o(.text.OUTLINED_FUNCTION_1) for [Anonymous Symbol]
    r_sci_uart.o(.rodata.g_uart_on_sci) refers to r_sci_uart.o(.text.R_SCI_UART_Open) for R_SCI_UART_Open
    r_sci_uart.o(.rodata.g_uart_on_sci) refers to r_sci_uart.o(.text.R_SCI_UART_Read) for R_SCI_UART_Read
    r_sci_uart.o(.rodata.g_uart_on_sci) refers to r_sci_uart.o(.text.R_SCI_UART_Write) for R_SCI_UART_Write
    r_sci_uart.o(.rodata.g_uart_on_sci) refers to r_sci_uart.o(.text.R_SCI_UART_BaudSet) for R_SCI_UART_BaudSet
    r_sci_uart.o(.rodata.g_uart_on_sci) refers to r_sci_uart.o(.text.R_SCI_UART_InfoGet) for R_SCI_UART_InfoGet
    r_sci_uart.o(.rodata.g_uart_on_sci) refers to r_sci_uart.o(.text.R_SCI_UART_Abort) for R_SCI_UART_Abort
    r_sci_uart.o(.rodata.g_uart_on_sci) refers to r_sci_uart.o(.text.R_SCI_UART_CallbackSet) for R_SCI_UART_CallbackSet
    r_sci_uart.o(.rodata.g_uart_on_sci) refers to r_sci_uart.o(.text.R_SCI_UART_Close) for R_SCI_UART_Close
    r_sci_uart.o(.rodata.g_uart_on_sci) refers to r_sci_uart.o(.text.R_SCI_UART_ReadStop) for R_SCI_UART_ReadStop
    r_sci_uart.o(.rodata.g_uart_on_sci) refers to r_sci_uart.o(.text.R_SCI_UART_ReceiveSuspend) for R_SCI_UART_ReceiveSuspend
    r_sci_uart.o(.rodata.g_uart_on_sci) refers to r_sci_uart.o(.text.R_SCI_UART_ReceiveResume) for R_SCI_UART_ReceiveResume
    r_ssi.o(.text.R_SSI_Open) refers to r_ssi.o(.text.OUTLINED_FUNCTION_1) for OUTLINED_FUNCTION_1
    r_ssi.o(.text.R_SSI_Open) refers to r_ssi.o(.text.R_BSP_IrqCfgEnable) for R_BSP_IrqCfgEnable
    r_ssi.o(.ARM.exidx.text.R_SSI_Open) refers to r_ssi.o(.text.R_SSI_Open) for [Anonymous Symbol]
    r_ssi.o(.text.R_SSI_Stop) refers to r_ssi.o(.text.r_ssi_stop_sub) for r_ssi_stop_sub
    r_ssi.o(.ARM.exidx.text.R_SSI_Stop) refers to r_ssi.o(.text.R_SSI_Stop) for [Anonymous Symbol]
    r_ssi.o(.ARM.exidx.text.R_SSI_Mute) refers to r_ssi.o(.text.R_SSI_Mute) for [Anonymous Symbol]
    r_ssi.o(.text.R_SSI_Write) refers to r_ssi.o(.text.r_ssi_tx_load_fifo) for r_ssi_tx_load_fifo
    r_ssi.o(.text.R_SSI_Write) refers to r_ssi.o(.text.r_ssi_start) for r_ssi_start
    r_ssi.o(.ARM.exidx.text.R_SSI_Write) refers to r_ssi.o(.text.R_SSI_Write) for [Anonymous Symbol]
    r_ssi.o(.text.R_SSI_Read) refers to r_ssi.o(.text.r_ssi_rx_unload_fifo) for r_ssi_rx_unload_fifo
    r_ssi.o(.text.R_SSI_Read) refers to r_ssi.o(.text.r_ssi_start) for r_ssi_start
    r_ssi.o(.ARM.exidx.text.R_SSI_Read) refers to r_ssi.o(.text.R_SSI_Read) for [Anonymous Symbol]
    r_ssi.o(.text.R_SSI_WriteRead) refers to r_ssi.o(.text.r_ssi_tx_load_fifo) for r_ssi_tx_load_fifo
    r_ssi.o(.text.R_SSI_WriteRead) refers to r_ssi.o(.text.r_ssi_rx_unload_fifo) for r_ssi_rx_unload_fifo
    r_ssi.o(.text.R_SSI_WriteRead) refers to r_ssi.o(.text.r_ssi_start) for r_ssi_start
    r_ssi.o(.ARM.exidx.text.R_SSI_WriteRead) refers to r_ssi.o(.text.R_SSI_WriteRead) for [Anonymous Symbol]
    r_ssi.o(.ARM.exidx.text.R_SSI_StatusGet) refers to r_ssi.o(.text.R_SSI_StatusGet) for [Anonymous Symbol]
    r_ssi.o(.text.R_SSI_Close) refers to r_ssi.o(.text.OUTLINED_FUNCTION_0) for OUTLINED_FUNCTION_0
    r_ssi.o(.ARM.exidx.text.R_SSI_Close) refers to r_ssi.o(.text.R_SSI_Close) for [Anonymous Symbol]
    r_ssi.o(.ARM.exidx.text.R_SSI_CallbackSet) refers to r_ssi.o(.text.R_SSI_CallbackSet) for [Anonymous Symbol]
    r_ssi.o(.ARM.exidx.text.r_ssi_tx_load_fifo) refers to r_ssi.o(.text.r_ssi_tx_load_fifo) for [Anonymous Symbol]
    r_ssi.o(.ARM.exidx.text.r_ssi_start) refers to r_ssi.o(.text.r_ssi_start) for [Anonymous Symbol]
    r_ssi.o(.ARM.exidx.text.r_ssi_rx_unload_fifo) refers to r_ssi.o(.text.r_ssi_rx_unload_fifo) for [Anonymous Symbol]
    r_ssi.o(.ARM.exidx.text.r_ssi_stop_sub) refers to r_ssi.o(.text.r_ssi_stop_sub) for [Anonymous Symbol]
    r_ssi.o(.text.ssi_txi_isr) refers to r_ssi.o(.text.r_ssi_call_callback) for r_ssi_call_callback
    r_ssi.o(.text.ssi_txi_isr) refers to bsp_irq.o(.bss.gp_renesas_isr_context) for gp_renesas_isr_context
    r_ssi.o(.ARM.exidx.text.ssi_txi_isr) refers to r_ssi.o(.text.ssi_txi_isr) for [Anonymous Symbol]
    r_ssi.o(.ARM.exidx.text.r_ssi_call_callback) refers to r_ssi.o(.text.r_ssi_call_callback) for [Anonymous Symbol]
    r_ssi.o(.text.ssi_rxi_isr) refers to r_ssi.o(.text.r_ssi_fifo_read) for r_ssi_fifo_read
    r_ssi.o(.text.ssi_rxi_isr) refers to r_ssi.o(.text.r_ssi_call_callback) for r_ssi_call_callback
    r_ssi.o(.text.ssi_rxi_isr) refers to bsp_irq.o(.bss.gp_renesas_isr_context) for gp_renesas_isr_context
    r_ssi.o(.ARM.exidx.text.ssi_rxi_isr) refers to r_ssi.o(.text.ssi_rxi_isr) for [Anonymous Symbol]
    r_ssi.o(.ARM.exidx.text.r_ssi_fifo_read) refers to r_ssi.o(.text.r_ssi_fifo_read) for [Anonymous Symbol]
    r_ssi.o(.text.ssi_int_isr) refers to r_ssi.o(.text.r_ssi_fifo_read) for r_ssi_fifo_read
    r_ssi.o(.text.ssi_int_isr) refers to r_ssi.o(.text.r_ssi_stop_sub) for r_ssi_stop_sub
    r_ssi.o(.text.ssi_int_isr) refers to r_ssi.o(.text.r_ssi_call_callback) for r_ssi_call_callback
    r_ssi.o(.text.ssi_int_isr) refers to bsp_irq.o(.bss.gp_renesas_isr_context) for gp_renesas_isr_context
    r_ssi.o(.ARM.exidx.text.ssi_int_isr) refers to r_ssi.o(.text.ssi_int_isr) for [Anonymous Symbol]
    r_ssi.o(.text.R_BSP_IrqCfgEnable) refers to bsp_irq.o(.bss.gp_renesas_isr_context) for gp_renesas_isr_context
    r_ssi.o(.ARM.exidx.text.R_BSP_IrqCfgEnable) refers to r_ssi.o(.text.R_BSP_IrqCfgEnable) for [Anonymous Symbol]
    r_ssi.o(.ARM.exidx.text.OUTLINED_FUNCTION_0) refers to r_ssi.o(.text.OUTLINED_FUNCTION_0) for [Anonymous Symbol]
    r_ssi.o(.ARM.exidx.text.OUTLINED_FUNCTION_1) refers to r_ssi.o(.text.OUTLINED_FUNCTION_1) for [Anonymous Symbol]
    r_ssi.o(.rodata.g_i2s_on_ssi) refers to r_ssi.o(.text.R_SSI_Open) for R_SSI_Open
    r_ssi.o(.rodata.g_i2s_on_ssi) refers to r_ssi.o(.text.R_SSI_Stop) for R_SSI_Stop
    r_ssi.o(.rodata.g_i2s_on_ssi) refers to r_ssi.o(.text.R_SSI_Mute) for R_SSI_Mute
    r_ssi.o(.rodata.g_i2s_on_ssi) refers to r_ssi.o(.text.R_SSI_Write) for R_SSI_Write
    r_ssi.o(.rodata.g_i2s_on_ssi) refers to r_ssi.o(.text.R_SSI_Read) for R_SSI_Read
    r_ssi.o(.rodata.g_i2s_on_ssi) refers to r_ssi.o(.text.R_SSI_WriteRead) for R_SSI_WriteRead
    r_ssi.o(.rodata.g_i2s_on_ssi) refers to r_ssi.o(.text.R_SSI_StatusGet) for R_SSI_StatusGet
    r_ssi.o(.rodata.g_i2s_on_ssi) refers to r_ssi.o(.text.R_SSI_Close) for R_SSI_Close
    r_ssi.o(.rodata.g_i2s_on_ssi) refers to r_ssi.o(.text.R_SSI_CallbackSet) for R_SSI_CallbackSet
    llsdiv.o(.text) refers to lludivv7m.o(.text) for __aeabi_uldivmod
    vsnprintf.o(.text) refers (Special) to _printf_a.o(.ARM.Collect$$_printf_percent$$00000006) for _printf_a
    vsnprintf.o(.text) refers (Special) to _printf_c.o(.ARM.Collect$$_printf_percent$$00000013) for _printf_c
    vsnprintf.o(.text) refers (Special) to _printf_charcount.o(.text) for _printf_charcount
    vsnprintf.o(.text) refers (Special) to _printf_d.o(.ARM.Collect$$_printf_percent$$00000009) for _printf_d
    vsnprintf.o(.text) refers (Special) to _printf_e.o(.ARM.Collect$$_printf_percent$$00000004) for _printf_e
    vsnprintf.o(.text) refers (Special) to _printf_f.o(.ARM.Collect$$_printf_percent$$00000003) for _printf_f
    vsnprintf.o(.text) refers (Special) to printf1.o(x$fpl$printf1) for _printf_fp_dec
    vsnprintf.o(.text) refers (Special) to printf2.o(x$fpl$printf2) for _printf_fp_hex
    vsnprintf.o(.text) refers (Special) to _printf_g.o(.ARM.Collect$$_printf_percent$$00000005) for _printf_g
    vsnprintf.o(.text) refers (Special) to _printf_i.o(.ARM.Collect$$_printf_percent$$00000008) for _printf_i
    vsnprintf.o(.text) refers (Special) to _printf_dec.o(.text) for _printf_int_dec
    vsnprintf.o(.text) refers (Special) to _printf_l.o(.ARM.Collect$$_printf_percent$$00000012) for _printf_l
    vsnprintf.o(.text) refers (Special) to _printf_lc.o(.ARM.Collect$$_printf_percent$$00000015) for _printf_lc
    vsnprintf.o(.text) refers (Special) to _printf_ll.o(.ARM.Collect$$_printf_percent$$00000007) for _printf_ll
    vsnprintf.o(.text) refers (Special) to _printf_lld.o(.ARM.Collect$$_printf_percent$$0000000E) for _printf_lld
    vsnprintf.o(.text) refers (Special) to _printf_lli.o(.ARM.Collect$$_printf_percent$$0000000D) for _printf_lli
    vsnprintf.o(.text) refers (Special) to _printf_llo.o(.ARM.Collect$$_printf_percent$$00000010) for _printf_llo
    vsnprintf.o(.text) refers (Special) to _printf_llu.o(.ARM.Collect$$_printf_percent$$0000000F) for _printf_llu
    vsnprintf.o(.text) refers (Special) to _printf_llx.o(.ARM.Collect$$_printf_percent$$00000011) for _printf_llx
    vsnprintf.o(.text) refers (Special) to _printf_longlong_dec.o(.text) for _printf_longlong_dec
    vsnprintf.o(.text) refers (Special) to _printf_hex_int_ll_ptr.o(.text) for _printf_longlong_hex
    vsnprintf.o(.text) refers (Special) to _printf_oct_int_ll.o(.text) for _printf_longlong_oct
    vsnprintf.o(.text) refers (Special) to _printf_ls.o(.ARM.Collect$$_printf_percent$$00000016) for _printf_ls
    vsnprintf.o(.text) refers (Special) to _printf_n.o(.ARM.Collect$$_printf_percent$$00000001) for _printf_n
    vsnprintf.o(.text) refers (Special) to _printf_o.o(.ARM.Collect$$_printf_percent$$0000000B) for _printf_o
    vsnprintf.o(.text) refers (Special) to _printf_p.o(.ARM.Collect$$_printf_percent$$00000002) for _printf_p
    vsnprintf.o(.text) refers (Special) to _printf_percent.o(.ARM.Collect$$_printf_percent$$00000000) for _printf_percent
    vsnprintf.o(.text) refers (Special) to _printf_pad.o(.text) for _printf_post_padding
    vsnprintf.o(.text) refers (Special) to _printf_s.o(.ARM.Collect$$_printf_percent$$00000014) for _printf_s
    vsnprintf.o(.text) refers (Special) to _printf_str.o(.text) for _printf_str
    vsnprintf.o(.text) refers (Special) to _printf_truncate.o(.text) for _printf_truncate_signed
    vsnprintf.o(.text) refers (Special) to _printf_u.o(.ARM.Collect$$_printf_percent$$0000000A) for _printf_u
    vsnprintf.o(.text) refers (Special) to _printf_wctomb.o(.text) for _printf_wctomb
    vsnprintf.o(.text) refers (Special) to _printf_x.o(.ARM.Collect$$_printf_percent$$0000000C) for _printf_x
    vsnprintf.o(.text) refers to _printf_char_common.o(.text) for _printf_char_common
    vsnprintf.o(.text) refers to _snputc.o(.text) for _snputc
    __2sprintf.o(.text) refers to _printf_char_common.o(.text) for _printf_char_common
    __2sprintf.o(.text) refers to _sputc.o(.text) for _sputc
    __2snprintf.o(.text) refers to _printf_char_common.o(.text) for _printf_char_common
    __2snprintf.o(.text) refers to _snputc.o(.text) for _snputc
    noretval__2sprintf.o(.text) refers to _printf_char_common.o(.text) for _printf_char_common
    noretval__2sprintf.o(.text) refers to _sputc.o(.text) for _sputc
    noretval__2snprintf.o(.text) refers to _printf_char_common.o(.text) for _printf_char_common
    noretval__2snprintf.o(.text) refers to _snputc.o(.text) for _snputc
    __printf.o(.text) refers to _printf_percent.o(.ARM.Collect$$_printf_percent$$00000000) for _printf_percent
    _printf_str.o(.text) refers (Special) to _printf_char.o(.text) for _printf_cs_common
    _printf_str.o(.text) refers (Weak) to _printf_pad.o(.text) for _printf_pre_padding
    _printf_str.o(.text) refers (Weak) to _printf_pad.o(.text) for _printf_post_padding
    _printf_dec.o(.text) refers (Weak) to _printf_truncate.o(.text) for _printf_truncate_signed
    _printf_dec.o(.text) refers (Weak) to _printf_truncate.o(.text) for _printf_truncate_unsigned
    _printf_dec.o(.text) refers to _printf_intcommon.o(.text) for _printf_int_common
    _printf_hex_ll.o(.text) refers to _printf_intcommon.o(.text) for _printf_int_common
    _printf_hex_ll.o(.text) refers to _printf_hex_ll.o(.constdata) for .constdata
    _printf_hex_int.o(.text) refers (Weak) to _printf_truncate.o(.text) for _printf_truncate_unsigned
    _printf_hex_int.o(.text) refers to _printf_intcommon.o(.text) for _printf_int_common
    _printf_hex_int.o(.text) refers to _printf_hex_int.o(.constdata) for .constdata
    _printf_hex_int_ll.o(.text) refers to _printf_intcommon.o(.text) for _printf_int_common
    _printf_hex_int_ll.o(.text) refers (Weak) to _printf_truncate.o(.text) for _printf_truncate_unsigned
    _printf_hex_int_ll.o(.text) refers to _printf_hex_int_ll.o(.constdata) for .constdata
    _printf_hex_ptr.o(.text) refers to _printf_intcommon.o(.text) for _printf_int_common
    _printf_hex_ptr.o(.text) refers to _printf_hex_ptr.o(.constdata) for .constdata
    _printf_hex_int_ptr.o(.text) refers to _printf_intcommon.o(.text) for _printf_int_common
    _printf_hex_int_ptr.o(.text) refers (Weak) to _printf_truncate.o(.text) for _printf_truncate_unsigned
    _printf_hex_int_ptr.o(.text) refers to _printf_hex_int_ptr.o(.constdata) for .constdata
    _printf_hex_ll_ptr.o(.text) refers to _printf_intcommon.o(.text) for _printf_int_common
    _printf_hex_ll_ptr.o(.text) refers to _printf_hex_ll_ptr.o(.constdata) for .constdata
    _printf_hex_int_ll_ptr.o(.text) refers to _printf_intcommon.o(.text) for _printf_int_common
    _printf_hex_int_ll_ptr.o(.text) refers (Weak) to _printf_truncate.o(.text) for _printf_truncate_unsigned
    _printf_hex_int_ll_ptr.o(.text) refers to _printf_hex_int_ll_ptr.o(.constdata) for .constdata
    __printf_flags.o(.text) refers to _printf_percent.o(.ARM.Collect$$_printf_percent$$00000000) for _printf_percent
    __printf_flags.o(.text) refers to __printf_flags.o(.constdata) for .constdata
    __printf_ss.o(.text) refers to _printf_percent.o(.ARM.Collect$$_printf_percent$$00000000) for _printf_percent
    __printf_flags_ss.o(.text) refers to _printf_percent.o(.ARM.Collect$$_printf_percent$$00000000) for _printf_percent
    __printf_flags_ss.o(.text) refers to __printf_flags_ss.o(.constdata) for .constdata
    __printf_wp.o(.text) refers to __printf_wp.o(i._is_digit) for _is_digit
    __printf_wp.o(.text) refers to _printf_percent.o(.ARM.Collect$$_printf_percent$$00000000) for _printf_percent
    __printf_flags_wp.o(.text) refers to __printf_wp.o(i._is_digit) for _is_digit
    __printf_flags_wp.o(.text) refers to _printf_percent.o(.ARM.Collect$$_printf_percent$$00000000) for _printf_percent
    __printf_flags_wp.o(.text) refers to __printf_flags_wp.o(.constdata) for .constdata
    __printf_ss_wp.o(.text) refers to __printf_wp.o(i._is_digit) for _is_digit
    __printf_ss_wp.o(.text) refers to _printf_percent.o(.ARM.Collect$$_printf_percent$$00000000) for _printf_percent
    __printf_flags_ss_wp.o(.text) refers to __printf_wp.o(i._is_digit) for _is_digit
    __printf_flags_ss_wp.o(.text) refers to _printf_percent.o(.ARM.Collect$$_printf_percent$$00000000) for _printf_percent
    __printf_flags_ss_wp.o(.text) refers to __printf_flags_ss_wp.o(.constdata) for .constdata
    _printf_s.o(.ARM.Collect$$_printf_percent$$00000014) refers (Weak) to _printf_char.o(.text) for _printf_string
    _printf_x.o(.ARM.Collect$$_printf_percent$$0000000C) refers (Weak) to _printf_hex_int_ll_ptr.o(.text) for _printf_int_hex
    _printf_d.o(.ARM.Collect$$_printf_percent$$00000009) refers (Weak) to _printf_dec.o(.text) for _printf_int_dec
    _printf_u.o(.ARM.Collect$$_printf_percent$$0000000A) refers (Weak) to _printf_dec.o(.text) for _printf_int_dec
    _printf_percent.o(.ARM.Collect$$_printf_percent$$00000000) refers (Special) to _printf_percent_end.o(.ARM.Collect$$_printf_percent$$00000017) for _printf_percent_end
    __0sscanf.o(.text) refers to scanf_char.o(.text) for __vfscanf_char
    __0sscanf.o(.text) refers to _sgetc.o(.text) for _sgetc
    _scanf_int.o(.text) refers to _chval.o(.text) for _chval
    rt_memcpy_v6.o(.text) refers to rt_memcpy_w.o(.text) for __aeabi_memcpy4
    scanf1.o(x$fpl$scanf1) refers to scanf_fp.o(.text) for _scanf_really_real
    aeabi_ldiv0_sigfpe.o(.text) refers to rt_div0.o(.text) for __rt_div0
    _printf_intcommon.o(.text) refers (Weak) to _printf_pad.o(.text) for _printf_pre_padding
    _printf_intcommon.o(.text) refers (Weak) to _printf_pad.o(.text) for _printf_pre_padding
    _printf_intcommon.o(.text) refers (Weak) to _printf_pad.o(.text) for _printf_post_padding
    _printf_char_common.o(.text) refers to __printf_flags_ss_wp.o(.text) for __printf
    _printf_char.o(.text) refers (Weak) to _printf_str.o(.text) for _printf_str
    _printf_wctomb.o(.text) refers (Special) to _printf_wchar.o(.text) for _printf_lcs_common
    _printf_wctomb.o(.text) refers to _c32rtomb.o(.text) for _wcrtomb
    _printf_wctomb.o(.text) refers (Weak) to _printf_pad.o(.text) for _printf_pre_padding
    _printf_wctomb.o(.text) refers (Weak) to _printf_pad.o(.text) for _printf_post_padding
    _printf_wctomb.o(.text) refers to _printf_wctomb.o(.constdata) for .constdata
    _printf_wctomb.o(.constdata) refers (Special) to _printf_wchar.o(.text) for _printf_lcs_common
    _printf_longlong_dec.o(.text) refers to lludiv10.o(.text) for _ll_udiv10
    _printf_longlong_dec.o(.text) refers to _printf_intcommon.o(.text) for _printf_int_common
    _printf_oct_ll.o(.text) refers to _printf_intcommon.o(.text) for _printf_int_common
    _printf_oct_int.o(.text) refers (Weak) to _printf_truncate.o(.text) for _printf_truncate_unsigned
    _printf_oct_int.o(.text) refers to _printf_intcommon.o(.text) for _printf_int_common
    _printf_oct_int_ll.o(.text) refers to _printf_intcommon.o(.text) for _printf_int_common
    _printf_oct_int_ll.o(.text) refers (Weak) to _printf_truncate.o(.text) for _printf_truncate_unsigned
    _printf_c.o(.ARM.Collect$$_printf_percent$$00000013) refers (Weak) to _printf_char.o(.text) for _printf_char
    _printf_n.o(.ARM.Collect$$_printf_percent$$00000001) refers (Weak) to _printf_charcount.o(.text) for _printf_charcount
    _printf_p.o(.ARM.Collect$$_printf_percent$$00000002) refers (Weak) to _printf_hex_int_ll_ptr.o(.text) for _printf_hex_ptr
    _printf_o.o(.ARM.Collect$$_printf_percent$$0000000B) refers (Weak) to _printf_oct_int_ll.o(.text) for _printf_int_oct
    _printf_i.o(.ARM.Collect$$_printf_percent$$00000008) refers (Weak) to _printf_dec.o(.text) for _printf_int_dec
    _printf_f.o(.ARM.Collect$$_printf_percent$$00000003) refers (Weak) to printf1.o(x$fpl$printf1) for _printf_fp_dec
    _printf_e.o(.ARM.Collect$$_printf_percent$$00000004) refers (Weak) to printf1.o(x$fpl$printf1) for _printf_fp_dec
    _printf_g.o(.ARM.Collect$$_printf_percent$$00000005) refers (Weak) to printf1.o(x$fpl$printf1) for _printf_fp_dec
    _printf_a.o(.ARM.Collect$$_printf_percent$$00000006) refers (Weak) to printf2.o(x$fpl$printf2) for _printf_fp_hex
    _printf_lli.o(.ARM.Collect$$_printf_percent$$0000000D) refers (Special) to _printf_ll.o(.ARM.Collect$$_printf_percent$$00000007) for _printf_ll
    _printf_lli.o(.ARM.Collect$$_printf_percent$$0000000D) refers (Weak) to _printf_longlong_dec.o(.text) for _printf_longlong_dec
    _printf_lld.o(.ARM.Collect$$_printf_percent$$0000000E) refers (Special) to _printf_ll.o(.ARM.Collect$$_printf_percent$$00000007) for _printf_ll
    _printf_lld.o(.ARM.Collect$$_printf_percent$$0000000E) refers (Weak) to _printf_longlong_dec.o(.text) for _printf_longlong_dec
    _printf_llu.o(.ARM.Collect$$_printf_percent$$0000000F) refers (Special) to _printf_ll.o(.ARM.Collect$$_printf_percent$$00000007) for _printf_ll
    _printf_llu.o(.ARM.Collect$$_printf_percent$$0000000F) refers (Weak) to _printf_longlong_dec.o(.text) for _printf_longlong_dec
    _printf_lc.o(.ARM.Collect$$_printf_percent$$00000015) refers (Special) to _printf_l.o(.ARM.Collect$$_printf_percent$$00000012) for _printf_l
    _printf_lc.o(.ARM.Collect$$_printf_percent$$00000015) refers (Weak) to _printf_wchar.o(.text) for _printf_wchar
    _printf_ls.o(.ARM.Collect$$_printf_percent$$00000016) refers (Special) to _printf_l.o(.ARM.Collect$$_printf_percent$$00000012) for _printf_l
    _printf_ls.o(.ARM.Collect$$_printf_percent$$00000016) refers (Weak) to _printf_wchar.o(.text) for _printf_wstring
    _printf_llo.o(.ARM.Collect$$_printf_percent$$00000010) refers (Special) to _printf_ll.o(.ARM.Collect$$_printf_percent$$00000007) for _printf_ll
    _printf_llo.o(.ARM.Collect$$_printf_percent$$00000010) refers (Weak) to _printf_oct_int_ll.o(.text) for _printf_ll_oct
    _printf_llx.o(.ARM.Collect$$_printf_percent$$00000011) refers (Special) to _printf_ll.o(.ARM.Collect$$_printf_percent$$00000007) for _printf_ll
    _printf_llx.o(.ARM.Collect$$_printf_percent$$00000011) refers (Weak) to _printf_hex_int_ll_ptr.o(.text) for _printf_ll_hex
    scanf_fp.o(.text) refers (Special) to usenofp.o(x$fpl$usenofp) for __I$use$fp
    scanf_fp.o(.text) refers (Special) to lc_numeric_c.o(locale$$code) for _get_lc_numeric
    scanf_fp.o(.text) refers to rt_errno_addr.o(.text) for __aeabi_errno_addr
    scanf_fp.o(.text) refers to istatus.o(x$fpl$ieeestatus) for __ieee_status
    scanf_fp.o(.text) refers to bigflt0.o(.text) for _btod_etento
    scanf_fp.o(.text) refers to btod.o(CL$$btod_emuld) for _btod_emuld
    scanf_fp.o(.text) refers to btod.o(CL$$btod_edivd) for _btod_edivd
    scanf_fp.o(.text) refers to rt_locale.o(.text) for __rt_locale
    scanf_fp.o(.text) refers to scanf2.o(x$fpl$scanf2) for _scanf_infnan
    scanf_fp.o(.text) refers to __printf_wp.o(i._is_digit) for _is_digit
    scanf_fp.o(.text) refers to fpconst.o(c$$dmax) for __dbl_max
    scanf_fp.o(.text) refers to fpconst.o(c$$dinf) for __huge_val
    scanf_fp.o(.text) refers to narrow.o(i.__mathlib_narrow) for __mathlib_narrow
    scanf_fp_accurate.o(.text) refers (Special) to usenofp.o(x$fpl$usenofp) for __I$use$fp
    scanf_fp_accurate.o(.text) refers (Special) to lc_numeric_c.o(locale$$code) for _get_lc_numeric
    scanf_fp_accurate.o(.text) refers to strlen.o(.text) for strlen
    scanf_fp_accurate.o(.text) refers to dtob_accurate.o(.text) for _dtob
    scanf_fp_accurate.o(.text) refers to rt_errno_addr.o(.text) for __aeabi_errno_addr
    scanf_fp_accurate.o(.text) refers to llshl.o(.text) for __aeabi_llsl
    scanf_fp_accurate.o(.text) refers to rt_locale.o(.text) for __rt_locale
    scanf_fp_accurate.o(.text) refers to scanf2.o(x$fpl$scanf2) for _scanf_infnan
    scanf_fp_accurate.o(.text) refers to __printf_wp.o(i._is_digit) for _is_digit
    scanf_fp_accurate.o(.text) refers to narrow.o(i.__mathlib_narrow) for __mathlib_narrow
    scanf_char.o(.text) refers to _scanf.o(.text) for __vfscanf
    scanf_char.o(.text) refers to isspace.o(.text) for isspace
    printf1.o(x$fpl$printf1) refers to _printf_fp_dec.o(.text) for _printf_fp_dec_real
    printf2.o(x$fpl$printf2) refers to _printf_fp_hex.o(.text) for _printf_fp_hex_real
    printf2b.o(x$fpl$printf2) refers to _printf_fp_hex.o(.text) for _printf_fp_hex_real
    rt_div0.o(.text) refers to defsig_fpe_outer.o(.text) for __rt_SIGFPE
    rt_locale.o(.text) refers to rt_locale.o(.bss) for __rt_locale_data
    rt_locale_intlibspace.o(.text) refers to libspace.o(.bss) for __libspace_start
    rt_errno_addr.o(.text) refers to rt_errno_addr.o(.bss) for __aeabi_errno_addr_data
    rt_errno_addr_intlibspace.o(.text) refers to libspace.o(.bss) for __libspace_start
    isspace.o(.text) refers to rt_ctype_table.o(.text) for __rt_ctype_table
    _printf_fp_dec.o(.text) refers (Special) to usenofp.o(x$fpl$usenofp) for __I$use$fp
    _printf_fp_dec.o(.text) refers (Special) to lc_numeric_c.o(locale$$code) for _get_lc_numeric
    _printf_fp_dec.o(.text) refers to bigflt0.o(.text) for _btod_etento
    _printf_fp_dec.o(.text) refers to btod.o(CL$$btod_d2e) for _btod_d2e
    _printf_fp_dec.o(.text) refers to btod.o(CL$$btod_ediv) for _btod_ediv
    _printf_fp_dec.o(.text) refers to btod.o(CL$$btod_emul) for _btod_emul
    _printf_fp_dec.o(.text) refers to lludiv10.o(.text) for _ll_udiv10
    _printf_fp_dec.o(.text) refers to fpclassify.o(i.__ARM_fpclassify) for __ARM_fpclassify
    _printf_fp_dec.o(.text) refers to _printf_fp_infnan.o(.text) for _printf_fp_infnan
    _printf_fp_dec.o(.text) refers (Weak) to _printf_pad.o(.text) for _printf_pre_padding
    _printf_fp_dec.o(.text) refers (Weak) to _printf_pad.o(.text) for _printf_pre_padding
    _printf_fp_dec.o(.text) refers to rt_locale.o(.text) for __rt_locale
    _printf_fp_dec.o(.text) refers (Weak) to _printf_pad.o(.text) for _printf_post_padding
    _printf_fp_dec_accurate.o(.text) refers (Special) to usenofp.o(x$fpl$usenofp) for __I$use$fp
    _printf_fp_dec_accurate.o(.text) refers (Special) to lc_numeric_c.o(locale$$code) for _get_lc_numeric
    _printf_fp_dec_accurate.o(.text) refers to btod_accurate.o(.text) for _btod_main
    _printf_fp_dec_accurate.o(.text) refers to fpclassify.o(i.__ARM_fpclassify) for __ARM_fpclassify
    _printf_fp_dec_accurate.o(.text) refers to _printf_fp_infnan.o(.text) for _printf_fp_infnan
    _printf_fp_dec_accurate.o(.text) refers (Weak) to _printf_pad.o(.text) for _printf_pre_padding
    _printf_fp_dec_accurate.o(.text) refers (Weak) to _printf_pad.o(.text) for _printf_pre_padding
    _printf_fp_dec_accurate.o(.text) refers to rt_locale.o(.text) for __rt_locale
    _printf_fp_dec_accurate.o(.text) refers (Weak) to _printf_pad.o(.text) for _printf_post_padding
    _printf_fp_hex.o(.text) refers (Special) to usenofp.o(x$fpl$usenofp) for __I$use$fp
    _printf_fp_hex.o(.text) refers to fpclassify.o(i.__ARM_fpclassify) for __ARM_fpclassify
    _printf_fp_hex.o(.text) refers to _printf_fp_infnan.o(.text) for _printf_fp_infnan
    _printf_fp_hex.o(.text) refers (Weak) to _printf_pad.o(.text) for _printf_pre_padding
    _printf_fp_hex.o(.text) refers (Weak) to _printf_pad.o(.text) for _printf_pre_padding
    _printf_fp_hex.o(.text) refers (Weak) to _printf_pad.o(.text) for _printf_post_padding
    _printf_fp_hex.o(.text) refers to _printf_fp_hex.o(.constdata) for .constdata
    _printf_fp_hex.o(.constdata) refers (Special) to usenofp.o(x$fpl$usenofp) for __I$use$fp
    _printf_wchar.o(.text) refers (Weak) to _printf_wctomb.o(.text) for _printf_wctomb
    _scanf.o(.text) refers (Weak) to scanf1.o(x$fpl$scanf1) for _scanf_real
    _scanf.o(.text) refers (Weak) to _scanf_int.o(.text) for _scanf_int
    bigflt0.o(.text) refers (Special) to usenofp.o(x$fpl$usenofp) for __I$use$fp
    bigflt0.o(.text) refers to btod.o(CL$$btod_emul) for _btod_emul
    bigflt0.o(.text) refers to btod.o(CL$$btod_ediv) for _btod_ediv
    bigflt0.o(.text) refers to bigflt0.o(.constdata) for .constdata
    bigflt0.o(.constdata) refers (Special) to usenofp.o(x$fpl$usenofp) for __I$use$fp
    btod.o(CL$$btod_d2e) refers (Special) to usenofp.o(x$fpl$usenofp) for __I$use$fp
    btod.o(CL$$btod_d2e) refers to btod.o(CL$$btod_d2e_norm_op1) for _d2e_norm_op1
    btod.o(CL$$btod_d2e_norm_op1) refers (Special) to usenofp.o(x$fpl$usenofp) for __I$use$fp
    btod.o(CL$$btod_d2e_norm_op1) refers to btod.o(CL$$btod_d2e_denorm_low) for _d2e_denorm_low
    btod.o(CL$$btod_d2e_denorm_low) refers (Special) to usenofp.o(x$fpl$usenofp) for __I$use$fp
    btod.o(CL$$btod_emul) refers (Special) to usenofp.o(x$fpl$usenofp) for __I$use$fp
    btod.o(CL$$btod_emul) refers to btod.o(CL$$btod_mult_common) for __btod_mult_common
    btod.o(CL$$btod_emul) refers to btod.o(CL$$btod_e2e) for _e2e
    btod.o(CL$$btod_ediv) refers (Special) to usenofp.o(x$fpl$usenofp) for __I$use$fp
    btod.o(CL$$btod_ediv) refers to btod.o(CL$$btod_div_common) for __btod_div_common
    btod.o(CL$$btod_ediv) refers to btod.o(CL$$btod_e2e) for _e2e
    btod.o(CL$$btod_emuld) refers (Special) to usenofp.o(x$fpl$usenofp) for __I$use$fp
    btod.o(CL$$btod_emuld) refers to btod.o(CL$$btod_mult_common) for __btod_mult_common
    btod.o(CL$$btod_emuld) refers to btod.o(CL$$btod_e2d) for _e2d
    btod.o(CL$$btod_edivd) refers (Special) to usenofp.o(x$fpl$usenofp) for __I$use$fp
    btod.o(CL$$btod_edivd) refers to btod.o(CL$$btod_div_common) for __btod_div_common
    btod.o(CL$$btod_edivd) refers to btod.o(CL$$btod_e2d) for _e2d
    btod.o(CL$$btod_e2e) refers (Special) to usenofp.o(x$fpl$usenofp) for __I$use$fp
    btod.o(CL$$btod_e2d) refers (Special) to usenofp.o(x$fpl$usenofp) for __I$use$fp
    btod.o(CL$$btod_e2d) refers to btod.o(CL$$btod_e2e) for _e2e
    btod.o(CL$$btod_mult_common) refers (Special) to usenofp.o(x$fpl$usenofp) for __I$use$fp
    btod.o(CL$$btod_div_common) refers (Special) to usenofp.o(x$fpl$usenofp) for __I$use$fp
    dtob_accurate.o(.text) refers to llshl.o(.text) for __aeabi_llsl
    dtob_accurate.o(.text) refers to btod_accurate_common.o(.text) for _btod_pow
    dtob_accurate.o(.text) refers to dtob_accurate.o(.constdata) for .constdata
    _c32rtomb.o(.text) refers to rt_ctype_table.o(.text) for __rt_ctype_table
    lc_numeric_c.o(locale$$data) refers (Special) to libinit2.o(.ARM.Collect$$libinit$$00000019) for __rt_lib_init_lc_numeric_2
    lc_numeric_c.o(locale$$code) refers (Special) to libinit2.o(.ARM.Collect$$libinit$$00000019) for __rt_lib_init_lc_numeric_2
    lc_numeric_c.o(locale$$code) refers to strcmpv8m_maindsp.o(.text) for strcmp
    lc_numeric_c.o(locale$$code) refers to lc_numeric_c.o(locale$$data) for __lcnum_c_name
    fpconst.o(c$$dinf) refers (Special) to usenofp.o(x$fpl$usenofp) for __I$use$fp
    fpconst.o(c$$dnan) refers (Special) to usenofp.o(x$fpl$usenofp) for __I$use$fp
    fpconst.o(c$$finf) refers (Special) to usenofp.o(x$fpl$usenofp) for __I$use$fp
    fpconst.o(c$$dmax) refers (Special) to usenofp.o(x$fpl$usenofp) for __I$use$fp
    istatus.o(x$fpl$ieeestatus) refers (Special) to usenofp.o(x$fpl$usenofp) for __I$use$fp
    scanf2.o(x$fpl$scanf2) refers to scanf_hexfp.o(.text) for _scanf_really_hex_real
    scanf2.o(x$fpl$scanf2) refers to scanf_infnan.o(.text) for _scanf_really_infnan
    scanf2b.o(x$fpl$scanf2) refers to scanf_hexfp.o(.text) for _scanf_really_hex_real
    scanf2b.o(x$fpl$scanf2) refers to scanf_infnan.o(.text) for _scanf_really_infnan
    narrow.o(i.__hardfp___mathlib_tofloat) refers (Special) to usenofp.o(x$fpl$usenofp) for __I$use$fp
    narrow.o(i.__hardfp___mathlib_tofloat) refers to frexp.o(i.frexp) for frexp
    narrow.o(i.__hardfp___mathlib_tofloat) refers to deqf.o(x$fpl$deqf) for __aeabi_cdcmpeq
    narrow.o(i.__hardfp___mathlib_tofloat) refers to d2f.o(x$fpl$d2f) for __aeabi_d2f
    narrow.o(i.__hardfp___mathlib_tofloat) refers to _rserrno.o(.text) for __set_errno
    narrow.o(i.__hardfp___mathlib_tofloat) refers to drleqf.o(x$fpl$drleqf) for __aeabi_cdrcmple
    narrow.o(i.__mathlib_narrow) refers (Special) to usenofp.o(x$fpl$usenofp) for __I$use$fp
    narrow.o(i.__mathlib_narrow) refers to narrow.o(i.__hardfp___mathlib_tofloat) for __hardfp___mathlib_tofloat
    narrow.o(i.__mathlib_tofloat) refers (Special) to usenofp.o(x$fpl$usenofp) for __I$use$fp
    narrow.o(i.__mathlib_tofloat) refers to narrow.o(i.__hardfp___mathlib_tofloat) for __hardfp___mathlib_tofloat
    narrow.o(i.__softfp___mathlib_tofloat) refers (Special) to usenofp.o(x$fpl$usenofp) for __I$use$fp
    narrow.o(i.__softfp___mathlib_tofloat) refers to narrow.o(i.__hardfp___mathlib_tofloat) for __hardfp___mathlib_tofloat
    libspace.o(.text) refers to libspace.o(.bss) for __libspace_start
    rt_ctype_table.o(.text) refers to rt_locale.o(.text) for __rt_locale
    rt_ctype_table.o(.text) refers to lc_ctype_c.o(locale$$code) for _get_lc_ctype
    _rserrno.o(.text) refers to rt_errno_addr.o(.text) for __aeabi_errno_addr
    _printf_fp_infnan.o(.text) refers (Weak) to _printf_pad.o(.text) for _printf_pre_padding
    _printf_fp_infnan.o(.text) refers (Weak) to _printf_pad.o(.text) for _printf_post_padding
    scanf_hexfp.o(.text) refers to _chval.o(.text) for _chval
    scanf_hexfp.o(.text) refers to llshl.o(.text) for __aeabi_llsl
    scanf_hexfp.o(.text) refers to ldexp.o(i.__support_ldexp) for __support_ldexp
    scanf_hexfp.o(.text) refers to narrow.o(i.__mathlib_narrow) for __mathlib_narrow
    btod_accurate_common.o(.text) refers to llushr.o(.text) for __aeabi_llsr
    btod_accurate.o(.text) refers to btod_accurate_common.o(.text) for _btod_common
    defsig_fpe_outer.o(.text) refers to defsig_fpe_inner.o(.text) for __rt_SIGFPE_inner
    defsig_fpe_outer.o(.text) refers to defsig_exit.o(.text) for __sig_exit
    defsig_fpe_formal.o(.text) refers to rt_raise.o(.text) for __rt_raise
    libinit2.o(.ARM.Collect$$libinit$$00000001) refers to fpinit.o(x$fpl$fpinit) for _fp_init
    libinit2.o(.ARM.Collect$$libinit$$00000011) refers (Weak) to rt_locale.o(.text) for __rt_locale
    libinit2.o(.ARM.Collect$$libinit$$00000012) refers to libinit2.o(.ARM.Collect$$libinit$$00000011) for .ARM.Collect$$libinit$$00000011
    libinit2.o(.ARM.Collect$$libinit$$00000014) refers to libinit2.o(.ARM.Collect$$libinit$$00000011) for .ARM.Collect$$libinit$$00000011
    libinit2.o(.ARM.Collect$$libinit$$00000014) refers (Weak) to lc_ctype_c.o(locale$$code) for _get_lc_ctype
    libinit2.o(.ARM.Collect$$libinit$$00000016) refers to libinit2.o(.ARM.Collect$$libinit$$00000011) for .ARM.Collect$$libinit$$00000011
    libinit2.o(.ARM.Collect$$libinit$$00000018) refers to libinit2.o(.ARM.Collect$$libinit$$00000011) for .ARM.Collect$$libinit$$00000011
    libinit2.o(.ARM.Collect$$libinit$$00000018) refers (Weak) to lc_numeric_c.o(locale$$code) for _get_lc_numeric
    libinit2.o(.ARM.Collect$$libinit$$0000001A) refers to libinit2.o(.ARM.Collect$$libinit$$00000011) for .ARM.Collect$$libinit$$00000011
    libinit2.o(.ARM.Collect$$libinit$$00000028) refers to argv_veneer.o(.emb_text) for __ARM_argv_veneer
    libinit2.o(.ARM.Collect$$libinit$$00000029) refers to argv_veneer.o(.emb_text) for __ARM_argv_veneer
    d2f.o(x$fpl$d2f) refers (Special) to usenofp.o(x$fpl$usenofp) for __I$use$fp
    d2f.o(x$fpl$d2f) refers to fretinf.o(x$fpl$fretinf) for __fpl_fretinf
    d2f.o(x$fpl$d2f) refers to dnaninf.o(x$fpl$dnaninf) for __fpl_dnaninf
    deqf.o(x$fpl$deqf) refers (Special) to usenofp.o(x$fpl$usenofp) for __I$use$fp
    deqf.o(x$fpl$deqf) refers to dnaninf.o(x$fpl$dnaninf) for __fpl_dnaninf
    deqf.o(x$fpl$deqf) refers to dcmpi.o(x$fpl$dcmpinf) for __fpl_dcmp_Inf
    drleqf.o(x$fpl$drleqf) refers (Special) to usenofp.o(x$fpl$usenofp) for __I$use$fp
    drleqf.o(x$fpl$drleqf) refers to dleqf.o(x$fpl$dleqf) for __fpl_dcmple_InfNaN
    fpclassify.o(i.__ARM_fpclassify) refers (Special) to usenofp.o(x$fpl$usenofp) for __I$use$fp
    frexp.o(i.__hardfp_frexp) refers (Special) to usenofp.o(x$fpl$usenofp) for __I$use$fp
    frexp.o(i.__hardfp_frexp) refers to dmul.o(x$fpl$dmul) for __aeabi_dmul
    frexp.o(i.__softfp_frexp) refers (Special) to usenofp.o(x$fpl$usenofp) for __I$use$fp
    frexp.o(i.__softfp_frexp) refers to dmul.o(x$fpl$dmul) for __aeabi_dmul
    frexp.o(i.frexp) refers (Special) to usenofp.o(x$fpl$usenofp) for __I$use$fp
    frexp.o(i.frexp) refers to dmul.o(x$fpl$dmul) for __aeabi_dmul
    rt_raise.o(.text) refers to __raise.o(.text) for __raise
    rt_raise.o(.text) refers to sys_exit.o(.text) for _sys_exit
    lc_ctype_c.o(locale$$data) refers (Special) to libinit2.o(.ARM.Collect$$libinit$$00000015) for __rt_lib_init_lc_ctype_2
    lc_ctype_c.o(locale$$code) refers (Special) to libinit2.o(.ARM.Collect$$libinit$$00000015) for __rt_lib_init_lc_ctype_2
    lc_ctype_c.o(locale$$code) refers to strcmpv8m_maindsp.o(.text) for strcmp
    lc_ctype_c.o(locale$$code) refers to lc_ctype_c.o(locale$$data) for __lcctype_c_name
    defsig_exit.o(.text) refers to sys_exit.o(.text) for _sys_exit
    defsig_fpe_inner.o(.text) refers to defsig_general.o(.text) for __default_signal_display
    argv_veneer.o(.emb_text) refers to no_argv.o(.text) for __ARM_get_argv
    dcmpi.o(x$fpl$dcmpinf) refers (Special) to usenofp.o(x$fpl$usenofp) for __I$use$fp
    dleqf.o(x$fpl$dleqf) refers (Special) to usenofp.o(x$fpl$usenofp) for __I$use$fp
    dleqf.o(x$fpl$dleqf) refers to dnaninf.o(x$fpl$dnaninf) for __fpl_dnaninf
    dleqf.o(x$fpl$dleqf) refers to dcmpi.o(x$fpl$dcmpinf) for __fpl_dcmp_Inf
    dmul.o(x$fpl$dmul) refers (Special) to usenofp.o(x$fpl$usenofp) for __I$use$fp
    dmul.o(x$fpl$dmul) refers to dretinf.o(x$fpl$dretinf) for __fpl_dretinf
    dmul.o(x$fpl$dmul) refers to dnaninf.o(x$fpl$dnaninf) for __fpl_dnaninf
    dnaninf.o(x$fpl$dnaninf) refers (Special) to usenofp.o(x$fpl$usenofp) for __I$use$fp
    fretinf.o(x$fpl$fretinf) refers (Special) to usenofp.o(x$fpl$usenofp) for __I$use$fp
    ldexp.o(i.__hardfp_ldexp) refers (Special) to usenofp.o(x$fpl$usenofp) for __I$use$fp
    ldexp.o(i.__hardfp_ldexp) refers to deqf.o(x$fpl$deqf) for __aeabi_cdcmpeq
    ldexp.o(i.__hardfp_ldexp) refers to scalbn.o(x$fpl$scalbn) for __ARM_scalbn
    ldexp.o(i.__hardfp_ldexp) refers to _rserrno.o(.text) for __set_errno
    ldexp.o(i.__hardfp_ldexp) refers to dunder.o(i.__mathlib_dbl_underflow) for __mathlib_dbl_underflow
    ldexp.o(i.__hardfp_ldexp) refers to dunder.o(i.__mathlib_dbl_overflow) for __mathlib_dbl_overflow
    ldexp.o(i.__softfp_ldexp) refers (Special) to usenofp.o(x$fpl$usenofp) for __I$use$fp
    ldexp.o(i.__softfp_ldexp) refers to ldexp.o(i.__hardfp_ldexp) for __hardfp_ldexp
    ldexp.o(i.__support_ldexp) refers (Special) to usenofp.o(x$fpl$usenofp) for __I$use$fp
    ldexp.o(i.__support_ldexp) refers to ldexp.o(i.__hardfp_ldexp) for __hardfp_ldexp
    ldexp.o(i.ldexp) refers (Special) to usenofp.o(x$fpl$usenofp) for __I$use$fp
    ldexp.o(i.ldexp) refers to ldexp.o(i.__hardfp_ldexp) for __hardfp_ldexp
    sys_exit.o(.text) refers (Special) to use_no_semi.o(.text) for __I$use$semihosting
    sys_exit.o(.text) refers (Special) to indicate_semi.o(.text) for __semihosting_library_function
    sys_exit_hlt.o(.text) refers (Special) to use_no_semi.o(.text) for __I$use$semihosting
    sys_exit_hlt.o(.text) refers (Special) to indicate_semi.o(.text) for __semihosting_library_function
    __raise.o(.text) refers to defsig.o(CL$$defsig) for __default_signal_handler
    defsig_general.o(.text) refers to sys_wrch.o(.text) for _ttywrch
    _get_argv_nomalloc.o(.text) refers (Special) to hrguard.o(.text) for __heap_region$guard
    _get_argv_nomalloc.o(.text) refers to defsig_rtmem_outer.o(.text) for __rt_SIGRTMEM
    _get_argv_nomalloc.o(.text) refers to sys_command.o(.text) for _sys_command_string
    dretinf.o(x$fpl$dretinf) refers (Special) to usenofp.o(x$fpl$usenofp) for __I$use$fp
    scalbn.o(x$fpl$scalbn) refers (Special) to usenofp.o(x$fpl$usenofp) for __I$use$fp
    scalbn.o(x$fpl$scalbn) refers to dcheck1.o(x$fpl$dcheck1) for __fpl_dcheck_NaN1
    dunder.o(i.__mathlib_dbl_divzero) refers to ddiv.o(x$fpl$ddiv) for __aeabi_ddiv
    dunder.o(i.__mathlib_dbl_infnan) refers to daddsub_clz.o(x$fpl$dadd) for __aeabi_dadd
    dunder.o(i.__mathlib_dbl_infnan2) refers to daddsub_clz.o(x$fpl$dadd) for __aeabi_dadd
    dunder.o(i.__mathlib_dbl_invalid) refers to ddiv.o(x$fpl$ddiv) for __aeabi_ddiv
    dunder.o(i.__mathlib_dbl_overflow) refers to dmul.o(x$fpl$dmul) for __aeabi_dmul
    dunder.o(i.__mathlib_dbl_posinfnan) refers to dmul.o(x$fpl$dmul) for __aeabi_dmul
    dunder.o(i.__mathlib_dbl_underflow) refers to dmul.o(x$fpl$dmul) for __aeabi_dmul
    sys_wrch.o(.text) refers (Special) to use_no_semi.o(.text) for __I$use$semihosting
    sys_wrch.o(.text) refers (Special) to indicate_semi.o(.text) for __semihosting_library_function
    sys_command.o(.text) refers (Special) to use_no_semi.o(.text) for __I$use$semihosting
    sys_command.o(.text) refers (Special) to indicate_semi.o(.text) for __semihosting_library_function
    sys_wrch_hlt.o(.text) refers (Special) to use_no_semi.o(.text) for __I$use$semihosting
    sys_wrch_hlt.o(.text) refers (Special) to indicate_semi.o(.text) for __semihosting_library_function
    sys_command_hlt.o(.text) refers (Special) to use_no_semi.o(.text) for __I$use$semihosting
    sys_command_hlt.o(.text) refers (Special) to indicate_semi.o(.text) for __semihosting_library_function
    defsig_rtmem_outer.o(.text) refers to defsig_rtmem_inner.o(.text) for __rt_SIGRTMEM_inner
    defsig_rtmem_outer.o(.text) refers to defsig_exit.o(.text) for __sig_exit
    defsig_rtmem_formal.o(.text) refers to rt_raise.o(.text) for __rt_raise
    defsig.o(CL$$defsig) refers to defsig_fpe_inner.o(.text) for __rt_SIGFPE_inner
    defsig.o(CL$$defsig) refers to defsig_rtmem_inner.o(.text) for __rt_SIGRTMEM_inner
    daddsub_clz.o(x$fpl$dadd) refers (Special) to usenofp.o(x$fpl$usenofp) for __I$use$fp
    daddsub_clz.o(x$fpl$dadd) refers to daddsub_clz.o(x$fpl$dsub) for _dsub1
    daddsub_clz.o(x$fpl$dadd) refers to dretinf.o(x$fpl$dretinf) for __fpl_dretinf
    daddsub_clz.o(x$fpl$dadd) refers to dnaninf.o(x$fpl$dnaninf) for __fpl_dnaninf
    daddsub_clz.o(x$fpl$drsb) refers (Special) to usenofp.o(x$fpl$usenofp) for __I$use$fp
    daddsub_clz.o(x$fpl$drsb) refers to daddsub_clz.o(x$fpl$dadd) for _dadd1
    daddsub_clz.o(x$fpl$drsb) refers to daddsub_clz.o(x$fpl$dsub) for _dsub1
    daddsub_clz.o(x$fpl$dsub) refers (Special) to usenofp.o(x$fpl$usenofp) for __I$use$fp
    daddsub_clz.o(x$fpl$dsub) refers to daddsub_clz.o(x$fpl$dadd) for _dadd1
    daddsub_clz.o(x$fpl$dsub) refers to dnaninf.o(x$fpl$dnaninf) for __fpl_dnaninf
    dcheck1.o(x$fpl$dcheck1) refers (Special) to usenofp.o(x$fpl$usenofp) for __I$use$fp
    dcheck1.o(x$fpl$dcheck1) refers to retnan.o(x$fpl$retnan) for __fpl_return_NaN
    ddiv.o(x$fpl$drdiv) refers (Special) to usenofp.o(x$fpl$usenofp) for __I$use$fp
    ddiv.o(x$fpl$drdiv) refers to ddiv.o(x$fpl$ddiv) for ddiv_entry
    ddiv.o(x$fpl$ddiv) refers (Special) to usenofp.o(x$fpl$usenofp) for __I$use$fp
    ddiv.o(x$fpl$ddiv) refers to dretinf.o(x$fpl$dretinf) for __fpl_dretinf
    ddiv.o(x$fpl$ddiv) refers to dnaninf.o(x$fpl$dnaninf) for __fpl_dnaninf
    defsig_abrt_inner.o(.text) refers to defsig_general.o(.text) for __default_signal_display
    defsig_rtred_inner.o(.text) refers to defsig_general.o(.text) for __default_signal_display
    defsig_rtmem_inner.o(.text) refers to defsig_general.o(.text) for __default_signal_display
    defsig_stak_inner.o(.text) refers to defsig_general.o(.text) for __default_signal_display
    defsig_pvfn_inner.o(.text) refers to defsig_general.o(.text) for __default_signal_display
    defsig_cppl_inner.o(.text) refers to defsig_general.o(.text) for __default_signal_display
    defsig_segv_inner.o(.text) refers to defsig_general.o(.text) for __default_signal_display
    defsig_other.o(.text) refers to defsig_general.o(.text) for __default_signal_display
    retnan.o(x$fpl$retnan) refers (Special) to usenofp.o(x$fpl$usenofp) for __I$use$fp
    retnan.o(x$fpl$retnan) refers to trapv.o(x$fpl$trapveneer) for __fpl_cmpreturn
    trapv.o(x$fpl$trapveneer) refers (Special) to usenofp.o(x$fpl$usenofp) for __I$use$fp


==============================================================================

Removing Unused input sections from the image.

    Removing quantized_multiplier_stub.o(.text), (0 bytes).
    Removing quantized_multiplier_stub.o(.text._ZN6tflite29MultiplyByQuantizedMultiplierEiii), (34 bytes).
    Removing quantized_multiplier_stub.o(.ARM.exidx.text._ZN6tflite29MultiplyByQuantizedMultiplierEiii), (8 bytes).
    Removing quantized_multiplier_stub.o(.text._ZN6tflite29MultiplyByQuantizedMultiplierExii), (64 bytes).
    Removing quantized_multiplier_stub.o(.ARM.exidx.text._ZN6tflite29MultiplyByQuantizedMultiplierExii), (8 bytes).
    Removing error_reporter_stub.o(.text), (0 bytes).
    Removing error_reporter_stub.o(.text._ZN6tflite13ErrorReporter6ReportEPKcz), (52 bytes).
    Removing error_reporter_stub.o(.ARM.exidx.text._ZN6tflite13ErrorReporter6ReportEPKcz), (8 bytes).
    Removing digit_model.o(.text), (0 bytes).
    Removing digit_model.o(.rodata.g_digit_model_data), (370528 bytes).
    Removing digit_model.o(.rodata.g_digit_model_data_len), (4 bytes).
    Removing drv_lcd.o(.text), (0 bytes).
    Removing drv_lcd.o(.text.LCDGetDevice), (8 bytes).
    Removing drv_lcd.o(.ARM.exidx.text.LCDGetDevice), (8 bytes).
    Removing drv_lcd.o(.text.LCDDrvFillRect), (156 bytes).
    Removing drv_lcd.o(.ARM.exidx.text.LCDDrvFillRect), (8 bytes).
    Removing drv_lcd.o(.text.LCDDrvSetDisplayWindow), (80 bytes).
    Removing drv_lcd.o(.ARM.exidx.text.LCDDrvSetDisplayWindow), (8 bytes).
    Removing drv_lcd.o(.text.LCDDrvWriteReg), (36 bytes).
    Removing drv_lcd.o(.ARM.exidx.text.LCDDrvWriteReg), (8 bytes).
    Removing drv_lcd.o(.text.LCDDrvInit), (716 bytes).
    Removing drv_lcd.o(.ARM.exidx.text.LCDDrvInit), (8 bytes).
    Removing drv_lcd.o(.text.LCDDrvSetDisplayOn), (12 bytes).
    Removing drv_lcd.o(.ARM.exidx.text.LCDDrvSetDisplayOn), (8 bytes).
    Removing drv_lcd.o(.text.LCDDrvSetDisplayOff), (12 bytes).
    Removing drv_lcd.o(.ARM.exidx.text.LCDDrvSetDisplayOff), (8 bytes).
    Removing drv_lcd.o(.text.LCDDrvFlush), (2 bytes).
    Removing drv_lcd.o(.ARM.exidx.text.LCDDrvFlush), (8 bytes).
    Removing drv_lcd.o(.text.LCDDrvSetPixel), (72 bytes).
    Removing drv_lcd.o(.ARM.exidx.text.LCDDrvSetPixel), (8 bytes).
    Removing drv_lcd.o(.text.LCDDrvWriteDat), (36 bytes).
    Removing drv_lcd.o(.ARM.exidx.text.LCDDrvWriteDat), (8 bytes).
    Removing drv_lcd.o(.data.gLcdDevice), (48 bytes).
    Removing drv_lcd.o(.rodata.str1.1), (138 bytes).
    Removing digit_recognizer.o(.text), (0 bytes).
    Removing digit_recognizer.o(.text.digit_recognizer_init), (4 bytes).
    Removing digit_recognizer.o(.ARM.exidx.text.digit_recognizer_init), (8 bytes).
    Removing digit_recognizer.o(.text.digit_recognizer_run), (12 bytes).
    Removing digit_recognizer.o(.ARM.exidx.text.digit_recognizer_run), (8 bytes).
    Removing drv_spi0_manual.o(.text), (0 bytes).
    Removing drv_spi0_manual.o(.text.drv_lcd_pin_init), (104 bytes).
    Removing drv_spi0_manual.o(.ARM.exidx.text.drv_lcd_pin_init), (8 bytes).
    Removing drv_spi0_manual.o(.text.sci_spi0_init_baremetal), (156 bytes).
    Removing drv_spi0_manual.o(.ARM.exidx.text.sci_spi0_init_baremetal), (8 bytes).
    Removing drv_spi0_manual.o(.text.sci_spi0_write_byte), (48 bytes).
    Removing drv_spi0_manual.o(.ARM.exidx.text.sci_spi0_write_byte), (8 bytes).
    Removing drv_spi0_manual.o(.text.spi_drain_rx), (48 bytes).
    Removing drv_spi0_manual.o(.ARM.exidx.text.spi_drain_rx), (8 bytes).
    Removing drv_spi0_manual.o(.text.sci_spi0_wait_tx_end), (44 bytes).
    Removing drv_spi0_manual.o(.ARM.exidx.text.sci_spi0_wait_tx_end), (8 bytes).
    Removing drv_spi0_manual.o(.text.sci_spi0_write_buffer), (28 bytes).
    Removing drv_spi0_manual.o(.ARM.exidx.text.sci_spi0_write_buffer), (8 bytes).
    Removing lcd_draw.o(.text), (0 bytes).
    Removing lcd_draw.o(.text.LCD_FillRect), (14 bytes).
    Removing lcd_draw.o(.ARM.exidx.text.LCD_FillRect), (8 bytes).
    Removing lcd_draw.o(.text.LCD_DrawLine), (164 bytes).
    Removing lcd_draw.o(.ARM.exidx.text.LCD_DrawLine), (8 bytes).
    Removing lcd_draw.o(.text.LCD_DrawRect), (96 bytes).
    Removing lcd_draw.o(.ARM.exidx.text.LCD_DrawRect), (8 bytes).
    Removing lcd_draw.o(.text.LCD_DrawChar), (128 bytes).
    Removing lcd_draw.o(.ARM.exidx.text.LCD_DrawChar), (8 bytes).
    Removing lcd_draw.o(.text.LCD_DrawString), (56 bytes).
    Removing lcd_draw.o(.ARM.exidx.text.LCD_DrawString), (8 bytes).
    Removing lcd_draw.o(.text.LCD_DrawCharScaled), (144 bytes).
    Removing lcd_draw.o(.ARM.exidx.text.LCD_DrawCharScaled), (8 bytes).
    Removing lcd_draw.o(.text.LCD_DrawStringScaled), (76 bytes).
    Removing lcd_draw.o(.ARM.exidx.text.LCD_DrawStringScaled), (8 bytes).
    Removing lcd_draw.o(.text.LCD_DrawRoundRect), (196 bytes).
    Removing lcd_draw.o(.ARM.exidx.text.LCD_DrawRoundRect), (8 bytes).
    Removing lcd_draw.o(.text.LCD_DrawCircleHelper), (278 bytes).
    Removing lcd_draw.o(.ARM.exidx.text.LCD_DrawCircleHelper), (8 bytes).
    Removing lcd_draw.o(.text.LCD_FillRoundRect), (94 bytes).
    Removing lcd_draw.o(.ARM.exidx.text.LCD_FillRoundRect), (8 bytes).
    Removing lcd_draw.o(.text.LCD_FillCircleHelper), (246 bytes).
    Removing lcd_draw.o(.ARM.exidx.text.LCD_FillCircleHelper), (8 bytes).
    Removing lcd_draw.o(.text.LCD_DrawThickRoundRect), (78 bytes).
    Removing lcd_draw.o(.ARM.exidx.text.LCD_DrawThickRoundRect), (8 bytes).
    Removing lcd_draw.o(.text.OUTLINED_FUNCTION_0), (14 bytes).
    Removing lcd_draw.o(.ARM.exidx.text.OUTLINED_FUNCTION_0), (8 bytes).
    Removing lcd_draw.o(.text.OUTLINED_FUNCTION_1), (14 bytes).
    Removing lcd_draw.o(.ARM.exidx.text.OUTLINED_FUNCTION_1), (8 bytes).
    Removing lcd_draw.o(.text.OUTLINED_FUNCTION_2), (14 bytes).
    Removing lcd_draw.o(.ARM.exidx.text.OUTLINED_FUNCTION_2), (8 bytes).
    Removing lcd_draw.o(.text.OUTLINED_FUNCTION_3), (6 bytes).
    Removing lcd_draw.o(.ARM.exidx.text.OUTLINED_FUNCTION_3), (8 bytes).
    Removing lcd_draw.o(.rodata.font_data), (760 bytes).
    Removing ui_state_machine.o(.text), (0 bytes).
    Removing ui_state_machine.o(.text.UI_Init), (16 bytes).
    Removing ui_state_machine.o(.ARM.exidx.text.UI_Init), (8 bytes).
    Removing ui_state_machine.o(.text.Draw_BackgroundHUD), (156 bytes).
    Removing ui_state_machine.o(.ARM.exidx.text.Draw_BackgroundHUD), (8 bytes).
    Removing ui_state_machine.o(.text.UI_PointInRect), (50 bytes).
    Removing ui_state_machine.o(.ARM.exidx.text.UI_PointInRect), (8 bytes).
    Removing ui_state_machine.o(.text.UI_GetStandbyStartRect), (8 bytes).
    Removing ui_state_machine.o(.ARM.exidx.text.UI_GetStandbyStartRect), (8 bytes).
    Removing ui_state_machine.o(.text.UI_GetFaceAbortRect), (8 bytes).
    Removing ui_state_machine.o(.ARM.exidx.text.UI_GetFaceAbortRect), (8 bytes).
    Removing ui_state_machine.o(.text.UI_GetFaceProceedRect), (8 bytes).
    Removing ui_state_machine.o(.ARM.exidx.text.UI_GetFaceProceedRect), (8 bytes).
    Removing ui_state_machine.o(.text.UI_GetVoiceRefreshRect), (8 bytes).
    Removing ui_state_machine.o(.ARM.exidx.text.UI_GetVoiceRefreshRect), (8 bytes).
    Removing ui_state_machine.o(.text.UI_GetVoiceHoldRect), (8 bytes).
    Removing ui_state_machine.o(.ARM.exidx.text.UI_GetVoiceHoldRect), (8 bytes).
    Removing ui_state_machine.o(.text.UI_GetResultActionRect), (8 bytes).
    Removing ui_state_machine.o(.ARM.exidx.text.UI_GetResultActionRect), (8 bytes).
    Removing ui_state_machine.o(.text.UI_GetResultBypassRect), (8 bytes).
    Removing ui_state_machine.o(.ARM.exidx.text.UI_GetResultBypassRect), (8 bytes).
    Removing ui_state_machine.o(.text.UI_DrawStandby), (100 bytes).
    Removing ui_state_machine.o(.ARM.exidx.text.UI_DrawStandby), (8 bytes).
    Removing ui_state_machine.o(.text.Draw_Header), (96 bytes).
    Removing ui_state_machine.o(.ARM.exidx.text.Draw_Header), (8 bytes).
    Removing ui_state_machine.o(.text.Draw_StandbyStartButton), (136 bytes).
    Removing ui_state_machine.o(.ARM.exidx.text.Draw_StandbyStartButton), (8 bytes).
    Removing ui_state_machine.o(.text.Draw_CenteredTextScaled), (64 bytes).
    Removing ui_state_machine.o(.ARM.exidx.text.Draw_CenteredTextScaled), (8 bytes).
    Removing ui_state_machine.o(.text.UI_DrawFaceLocked), (168 bytes).
    Removing ui_state_machine.o(.ARM.exidx.text.UI_DrawFaceLocked), (8 bytes).
    Removing ui_state_machine.o(.text.Draw_FaceAbortButton), (72 bytes).
    Removing ui_state_machine.o(.ARM.exidx.text.Draw_FaceAbortButton), (8 bytes).
    Removing ui_state_machine.o(.text.Draw_FaceProceedButton), (68 bytes).
    Removing ui_state_machine.o(.ARM.exidx.text.Draw_FaceProceedButton), (8 bytes).
    Removing ui_state_machine.o(.text.UI_DrawVoiceAuth), (492 bytes).
    Removing ui_state_machine.o(.ARM.exidx.text.UI_DrawVoiceAuth), (8 bytes).
    Removing ui_state_machine.o(.text.Draw_VoiceRefreshButton), (72 bytes).
    Removing ui_state_machine.o(.ARM.exidx.text.Draw_VoiceRefreshButton), (8 bytes).
    Removing ui_state_machine.o(.text.Draw_VoiceHoldButton), (172 bytes).
    Removing ui_state_machine.o(.ARM.exidx.text.Draw_VoiceHoldButton), (8 bytes).
    Removing ui_state_machine.o(.text.UI_DrawResult), (268 bytes).
    Removing ui_state_machine.o(.ARM.exidx.text.UI_DrawResult), (8 bytes).
    Removing ui_state_machine.o(.text.Draw_ResultActionButton), (144 bytes).
    Removing ui_state_machine.o(.ARM.exidx.text.Draw_ResultActionButton), (8 bytes).
    Removing ui_state_machine.o(.text.UI_RedrawStandbyStartButton), (4 bytes).
    Removing ui_state_machine.o(.ARM.exidx.text.UI_RedrawStandbyStartButton), (8 bytes).
    Removing ui_state_machine.o(.text.UI_RedrawFaceAbortButton), (4 bytes).
    Removing ui_state_machine.o(.ARM.exidx.text.UI_RedrawFaceAbortButton), (8 bytes).
    Removing ui_state_machine.o(.text.UI_RedrawFaceProceedButton), (4 bytes).
    Removing ui_state_machine.o(.ARM.exidx.text.UI_RedrawFaceProceedButton), (8 bytes).
    Removing ui_state_machine.o(.text.UI_RedrawVoiceRefreshButton), (4 bytes).
    Removing ui_state_machine.o(.ARM.exidx.text.UI_RedrawVoiceRefreshButton), (8 bytes).
    Removing ui_state_machine.o(.text.UI_RedrawVoiceHoldButton), (4 bytes).
    Removing ui_state_machine.o(.ARM.exidx.text.UI_RedrawVoiceHoldButton), (8 bytes).
    Removing ui_state_machine.o(.text.UI_RedrawResultActionButton), (4 bytes).
    Removing ui_state_machine.o(.ARM.exidx.text.UI_RedrawResultActionButton), (8 bytes).
    Removing ui_state_machine.o(.text.Draw_Button), (204 bytes).
    Removing ui_state_machine.o(.ARM.exidx.text.Draw_Button), (8 bytes).
    Removing ui_state_machine.o(.text.OUTLINED_FUNCTION_0), (6 bytes).
    Removing ui_state_machine.o(.ARM.exidx.text.OUTLINED_FUNCTION_0), (8 bytes).
    Removing ui_state_machine.o(.bss.current_state), (4 bytes).
    Removing ui_state_machine.o(.rodata.s_rect_standby_start), (8 bytes).
    Removing ui_state_machine.o(.rodata.s_rect_face_abort), (8 bytes).
    Removing ui_state_machine.o(.rodata.s_rect_face_proceed), (8 bytes).
    Removing ui_state_machine.o(.rodata.s_rect_voice_refresh), (8 bytes).
    Removing ui_state_machine.o(.rodata.s_rect_voice_hold), (8 bytes).
    Removing ui_state_machine.o(.rodata.s_rect_result_action), (8 bytes).
    Removing ui_state_machine.o(.rodata.s_rect_result_bypass), (8 bytes).
    Removing ui_state_machine.o(.rodata.str1.1), (23 bytes).
    Removing drv_touch.o(.text), (0 bytes).
    Removing drv_touch.o(.text.sci_i2c_master_callback), (32 bytes).
    Removing drv_touch.o(.ARM.exidx.text.sci_i2c_master_callback), (8 bytes).
    Removing drv_touch.o(.text.FT6336_Init), (720 bytes).
    Removing drv_touch.o(.ARM.exidx.text.FT6336_Init), (8 bytes).
    Removing drv_touch.o(.text.FT6336_UpdateDisplaySize), (36 bytes).
    Removing drv_touch.o(.ARM.exidx.text.FT6336_UpdateDisplaySize), (8 bytes).
    Removing drv_touch.o(.text.FT6336_ClearPoints), (24 bytes).
    Removing drv_touch.o(.ARM.exidx.text.FT6336_ClearPoints), (8 bytes).
    Removing drv_touch.o(.text.FT6336_SetRotation), (12 bytes).
    Removing drv_touch.o(.ARM.exidx.text.FT6336_SetRotation), (8 bytes).
    Removing drv_touch.o(.text.FT6336_Scan), (260 bytes).
    Removing drv_touch.o(.ARM.exidx.text.FT6336_Scan), (8 bytes).
    Removing drv_touch.o(.text.FT6336_ReadRegs), (404 bytes).
    Removing drv_touch.o(.ARM.exidx.text.FT6336_ReadRegs), (8 bytes).
    Removing drv_touch.o(.text.FT6336_MapPoint), (96 bytes).
    Removing drv_touch.o(.ARM.exidx.text.FT6336_MapPoint), (8 bytes).
    Removing drv_touch.o(.text.FT6336_GetTouchCount), (12 bytes).
    Removing drv_touch.o(.ARM.exidx.text.FT6336_GetTouchCount), (8 bytes).
    Removing drv_touch.o(.text.FT6336_GetPoint), (52 bytes).
    Removing drv_touch.o(.ARM.exidx.text.FT6336_GetPoint), (8 bytes).
    Removing drv_touch.o(.text.FT6336_Read_Touch), (44 bytes).
    Removing drv_touch.o(.ARM.exidx.text.FT6336_Read_Touch), (8 bytes).
    Removing drv_touch.o(.text.FT6336_OnInterrupt), (16 bytes).
    Removing drv_touch.o(.ARM.exidx.text.FT6336_OnInterrupt), (8 bytes).
    Removing drv_touch.o(.text.FT6336_IsPressed), (24 bytes).
    Removing drv_touch.o(.ARM.exidx.text.FT6336_IsPressed), (8 bytes).
    Removing drv_touch.o(.text.FT6336_GetEvent), (180 bytes).
    Removing drv_touch.o(.ARM.exidx.text.FT6336_GetEvent), (8 bytes).
    Removing drv_touch.o(.text.i2c_wait_flag), (68 bytes).
    Removing drv_touch.o(.ARM.exidx.text.i2c_wait_flag), (8 bytes).
    Removing drv_touch.o(.text.OUTLINED_FUNCTION_0), (10 bytes).
    Removing drv_touch.o(.ARM.exidx.text.OUTLINED_FUNCTION_0), (8 bytes).
    Removing drv_touch.o(.text.OUTLINED_FUNCTION_1), (8 bytes).
    Removing drv_touch.o(.ARM.exidx.text.OUTLINED_FUNCTION_1), (8 bytes).
    Removing drv_touch.o(.text.OUTLINED_FUNCTION_2), (6 bytes).
    Removing drv_touch.o(.ARM.exidx.text.OUTLINED_FUNCTION_2), (8 bytes).
    Removing drv_touch.o(.text.OUTLINED_FUNCTION_3), (14 bytes).
    Removing drv_touch.o(.ARM.exidx.text.OUTLINED_FUNCTION_3), (8 bytes).
    Removing drv_touch.o(.text.OUTLINED_FUNCTION_4), (6 bytes).
    Removing drv_touch.o(.ARM.exidx.text.OUTLINED_FUNCTION_4), (8 bytes).
    Removing drv_touch.o(.data.s_ft6336), (24 bytes).
    Removing drv_touch.o(.rodata.str1.1), (244 bytes).
    Removing drv_touch.o(.bss.FT6336_Scan.comm_fail_count), (4 bytes).
    Removing drv_touch.o(.bss..L_MergedGlobals), (18 bytes).
    Removing cloud_asr_client.o(.text), (0 bytes).
    Removing cloud_asr_client.o(.text.cloud_asr_client_init), (132 bytes).
    Removing cloud_asr_client.o(.ARM.exidx.text.cloud_asr_client_init), (8 bytes).
    Removing cloud_asr_client.o(.text.cloud_log), (44 bytes).
    Removing cloud_asr_client.o(.ARM.exidx.text.cloud_log), (8 bytes).
    Removing cloud_asr_client.o(.text.cloud_enter_recover), (32 bytes).
    Removing cloud_asr_client.o(.ARM.exidx.text.cloud_enter_recover), (8 bytes).
    Removing cloud_asr_client.o(.text.cloud_asr_client_on_pcm_slot), (56 bytes).
    Removing cloud_asr_client.o(.ARM.exidx.text.cloud_asr_client_on_pcm_slot), (8 bytes).
    Removing cloud_asr_client.o(.text.start_slot_send), (156 bytes).
    Removing cloud_asr_client.o(.ARM.exidx.text.start_slot_send), (8 bytes).
    Removing cloud_asr_client.o(.text.cloud_asr_client_poll), (1532 bytes).
    Removing cloud_asr_client.o(.ARM.exidx.text.cloud_asr_client_poll), (8 bytes).
    Removing cloud_asr_client.o(.text.cloud_now_ms), (76 bytes).
    Removing cloud_asr_client.o(.ARM.exidx.text.cloud_now_ms), (8 bytes).
    Removing cloud_asr_client.o(.text.send_cmd), (48 bytes).
    Removing cloud_asr_client.o(.ARM.exidx.text.send_cmd), (8 bytes).
    Removing cloud_asr_client.o(.text.cloud_asr_client_suspend), (20 bytes).
    Removing cloud_asr_client.o(.ARM.exidx.text.cloud_asr_client_suspend), (8 bytes).
    Removing cloud_asr_client.o(.text.cloud_asr_client_restart), (4 bytes).
    Removing cloud_asr_client.o(.ARM.exidx.text.cloud_asr_client_restart), (8 bytes).
    Removing cloud_asr_client.o(.text.cloud_asr_client_is_suspended), (12 bytes).
    Removing cloud_asr_client.o(.ARM.exidx.text.cloud_asr_client_is_suspended), (8 bytes).
    Removing cloud_asr_client.o(.text.line_has), (14 bytes).
    Removing cloud_asr_client.o(.ARM.exidx.text.line_has), (8 bytes).
    Removing cloud_asr_client.o(.text.OUTLINED_FUNCTION_0), (12 bytes).
    Removing cloud_asr_client.o(.ARM.exidx.text.OUTLINED_FUNCTION_0), (8 bytes).
    Removing cloud_asr_client.o(.text.OUTLINED_FUNCTION_1), (8 bytes).
    Removing cloud_asr_client.o(.ARM.exidx.text.OUTLINED_FUNCTION_1), (8 bytes).
    Removing cloud_asr_client.o(.text.OUTLINED_FUNCTION_2), (8 bytes).
    Removing cloud_asr_client.o(.ARM.exidx.text.OUTLINED_FUNCTION_2), (8 bytes).
    Removing cloud_asr_client.o(.text.OUTLINED_FUNCTION_3), (8 bytes).
    Removing cloud_asr_client.o(.ARM.exidx.text.OUTLINED_FUNCTION_3), (8 bytes).
    Removing cloud_asr_client.o(.text.OUTLINED_FUNCTION_4), (6 bytes).
    Removing cloud_asr_client.o(.ARM.exidx.text.OUTLINED_FUNCTION_4), (8 bytes).
    Removing cloud_asr_client.o(.data.s_session_id), (4 bytes).
    Removing cloud_asr_client.o(.bss.s_slot_pcm), (48000 bytes).
    Removing cloud_asr_client.o(.rodata.str1.1), (112 bytes).
    Removing cloud_asr_client.o(.bss.s_send_len_cmd), (96 bytes).
    Removing cloud_asr_client.o(.bss.s_header), (96 bytes).
    Removing cloud_asr_client.o(.bss..L_MergedGlobals), (40 bytes).
    Removing w800_at.o(.text), (0 bytes).
    Removing w800_at.o(.text.w800_at_init), (140 bytes).
    Removing w800_at.o(.ARM.exidx.text.w800_at_init), (8 bytes).
    Removing w800_at.o(.text.channel_open), (34 bytes).
    Removing w800_at.o(.ARM.exidx.text.channel_open), (8 bytes).
    Removing w800_at.o(.text.bridge_reset_trackers), (48 bytes).
    Removing w800_at.o(.ARM.exidx.text.bridge_reset_trackers), (8 bytes).
    Removing w800_at.o(.text.w800_at_set_boot_level), (20 bytes).
    Removing w800_at.o(.ARM.exidx.text.w800_at_set_boot_level), (8 bytes).
    Removing w800_at.o(.text.w800_at_set_wakeup_level), (20 bytes).
    Removing w800_at.o(.ARM.exidx.text.w800_at_set_wakeup_level), (8 bytes).
    Removing w800_at.o(.text.w800_at_set_reset_level), (20 bytes).
    Removing w800_at.o(.ARM.exidx.text.w800_at_set_reset_level), (8 bytes).
    Removing w800_at.o(.text.channel_set_baud), (58 bytes).
    Removing w800_at.o(.ARM.exidx.text.channel_set_baud), (8 bytes).
    Removing w800_at.o(.text.w800_at_poll), (2 bytes).
    Removing w800_at.o(.ARM.exidx.text.w800_at_poll), (8 bytes).
    Removing w800_at.o(.text.w800_at_reset_rx), (20 bytes).
    Removing w800_at.o(.ARM.exidx.text.w800_at_reset_rx), (8 bytes).
    Removing w800_at.o(.text.w800_at_set_baud), (12 bytes).
    Removing w800_at.o(.ARM.exidx.text.w800_at_set_baud), (8 bytes).
    Removing w800_at.o(.text.w800_at_get_baud), (12 bytes).
    Removing w800_at.o(.ARM.exidx.text.w800_at_get_baud), (8 bytes).
    Removing w800_at.o(.text.w800_at_send), (16 bytes).
    Removing w800_at.o(.ARM.exidx.text.w800_at_send), (8 bytes).
    Removing w800_at.o(.text.channel_send), (64 bytes).
    Removing w800_at.o(.ARM.exidx.text.channel_send), (8 bytes).
    Removing w800_at.o(.text.w800_at_send_str), (26 bytes).
    Removing w800_at.o(.ARM.exidx.text.w800_at_send_str), (8 bytes).
    Removing w800_at.o(.text.w800_at_read_line), (116 bytes).
    Removing w800_at.o(.ARM.exidx.text.w800_at_read_line), (8 bytes).
    Removing w800_at.o(.text.w800_at_read_bytes), (16 bytes).
    Removing w800_at.o(.ARM.exidx.text.w800_at_read_bytes), (8 bytes).
    Removing w800_at.o(.text.channel_read_bytes), (70 bytes).
    Removing w800_at.o(.ARM.exidx.text.channel_read_bytes), (8 bytes).
    Removing w800_at.o(.text.w800_at_tx_idle), (16 bytes).
    Removing w800_at.o(.ARM.exidx.text.w800_at_tx_idle), (8 bytes).
    Removing w800_at.o(.text.w800_at_last_tx_ok), (12 bytes).
    Removing w800_at.o(.ARM.exidx.text.w800_at_last_tx_ok), (8 bytes).
    Removing w800_at.o(.text.w800_at_hard_reset), (40 bytes).
    Removing w800_at.o(.ARM.exidx.text.w800_at_hard_reset), (8 bytes).
    Removing w800_at.o(.text.bridge_wait_uart_idle), (24 bytes).
    Removing w800_at.o(.ARM.exidx.text.bridge_wait_uart_idle), (8 bytes).
    Removing w800_at.o(.text.bridge_reset_pulse), (56 bytes).
    Removing w800_at.o(.ARM.exidx.text.bridge_reset_pulse), (8 bytes).
    Removing w800_at.o(.text.w800_enter_flash_mode), (6 bytes).
    Removing w800_at.o(.ARM.exidx.text.w800_enter_flash_mode), (8 bytes).
    Removing w800_at.o(.text.bridge_enter_flash_mode_with_level), (76 bytes).
    Removing w800_at.o(.ARM.exidx.text.bridge_enter_flash_mode_with_level), (8 bytes).
    Removing w800_at.o(.text.w800_enter_run_mode), (88 bytes).
    Removing w800_at.o(.ARM.exidx.text.w800_enter_run_mode), (8 bytes).
    Removing w800_at.o(.text.w800_bridge_poll), (772 bytes).
    Removing w800_at.o(.ARM.exidx.text.w800_bridge_poll), (8 bytes).
    Removing w800_at.o(.text.bridge_command_poll), (748 bytes).
    Removing w800_at.o(.ARM.exidx.text.bridge_command_poll), (8 bytes).
    Removing w800_at.o(.text.w800_bridge_is_active), (16 bytes).
    Removing w800_at.o(.ARM.exidx.text.w800_bridge_is_active), (8 bytes).
    Removing w800_at.o(.text.w800_bridge_get_state), (12 bytes).
    Removing w800_at.o(.ARM.exidx.text.w800_bridge_get_state), (8 bytes).
    Removing w800_at.o(.text.uart5_callback), (16 bytes).
    Removing w800_at.o(.ARM.exidx.text.uart5_callback), (8 bytes).
    Removing w800_at.o(.text.channel_handle_callback), (108 bytes).
    Removing w800_at.o(.ARM.exidx.text.channel_handle_callback), (8 bytes).
    Removing w800_at.o(.text.uart6_callback), (12 bytes).
    Removing w800_at.o(.ARM.exidx.text.uart6_callback), (8 bytes).
    Removing w800_at.o(.text.bridge_now_ms), (76 bytes).
    Removing w800_at.o(.ARM.exidx.text.bridge_now_ms), (8 bytes).
    Removing w800_at.o(.text.bridge_start_flash_attempt), (92 bytes).
    Removing w800_at.o(.ARM.exidx.text.bridge_start_flash_attempt), (8 bytes).
    Removing w800_at.o(.text.bridge_send_bootloader_escape), (72 bytes).
    Removing w800_at.o(.ARM.exidx.text.bridge_send_bootloader_escape), (8 bytes).
    Removing w800_at.o(.text.bridge_report_status), (200 bytes).
    Removing w800_at.o(.ARM.exidx.text.bridge_report_status), (8 bytes).
    Removing w800_at.o(.text.bridge_report_pin_levels), (160 bytes).
    Removing w800_at.o(.ARM.exidx.text.bridge_report_pin_levels), (8 bytes).
    Removing w800_at.o(.text.bridge_resume_normal_app), (84 bytes).
    Removing w800_at.o(.ARM.exidx.text.bridge_resume_normal_app), (8 bytes).
    Removing w800_at.o(.text.bridge_report_uart_status), (56 bytes).
    Removing w800_at.o(.ARM.exidx.text.bridge_report_uart_status), (8 bytes).
    Removing w800_at.o(.text.bridge_read_pin_level), (36 bytes).
    Removing w800_at.o(.ARM.exidx.text.bridge_read_pin_level), (8 bytes).
    Removing w800_at.o(.text.bridge_print_prompt), (28 bytes).
    Removing w800_at.o(.ARM.exidx.text.bridge_print_prompt), (8 bytes).
    Removing w800_at.o(.text.bridge_flush_escape_to_host_queue), (48 bytes).
    Removing w800_at.o(.ARM.exidx.text.bridge_flush_escape_to_host_queue), (8 bytes).
    Removing w800_at.o(.text.OUTLINED_FUNCTION_0), (12 bytes).
    Removing w800_at.o(.ARM.exidx.text.OUTLINED_FUNCTION_0), (8 bytes).
    Removing w800_at.o(.text.OUTLINED_FUNCTION_1), (8 bytes).
    Removing w800_at.o(.ARM.exidx.text.OUTLINED_FUNCTION_1), (8 bytes).
    Removing w800_at.o(.text.OUTLINED_FUNCTION_2), (8 bytes).
    Removing w800_at.o(.ARM.exidx.text.OUTLINED_FUNCTION_2), (8 bytes).
    Removing w800_at.o(.text.OUTLINED_FUNCTION_3), (12 bytes).
    Removing w800_at.o(.ARM.exidx.text.OUTLINED_FUNCTION_3), (8 bytes).
    Removing w800_at.o(.text.OUTLINED_FUNCTION_4), (12 bytes).
    Removing w800_at.o(.ARM.exidx.text.OUTLINED_FUNCTION_4), (8 bytes).
    Removing w800_at.o(.text.OUTLINED_FUNCTION_5), (10 bytes).
    Removing w800_at.o(.ARM.exidx.text.OUTLINED_FUNCTION_5), (8 bytes).
    Removing w800_at.o(.text.OUTLINED_FUNCTION_6), (6 bytes).
    Removing w800_at.o(.ARM.exidx.text.OUTLINED_FUNCTION_6), (8 bytes).
    Removing w800_at.o(.text.OUTLINED_FUNCTION_7), (6 bytes).
    Removing w800_at.o(.ARM.exidx.text.OUTLINED_FUNCTION_7), (8 bytes).
    Removing w800_at.o(.rodata.str1.1), (787 bytes).
    Removing w800_at.o(.bss.s_at_rx_ring), (4096 bytes).
    Removing w800_at.o(.bss.s_flash_rx_ring), (4096 bytes).
    Removing w800_at.o(.bss.s_bridge_core_hz), (4 bytes).
    Removing w800_at.o(.bss.s_bridge_host_pending), (64 bytes).
    Removing w800_at.o(.bss.s_bridge_dev_pending), (64 bytes).
    Removing w800_at.o(.rodata..Lswitch.table.bridge_report_status.43), (16 bytes).
    Removing w800_at.o(.data..L_MergedGlobals), (104 bytes).
    Removing w800_at.o(.bss..L_MergedGlobals.44), (112 bytes).
    Removing startup.o(.text), (0 bytes).
    Removing startup.o(.ARM.exidx.text.Reset_Handler), (8 bytes).
    Removing startup.o(.ARM.exidx.text.Default_Handler), (8 bytes).
    Removing system.o(.text), (0 bytes).
    Removing system.o(.ARM.exidx.text.SystemInit), (8 bytes).
    Removing system.o(.ARM.exidx.text.R_BSP_WarmStart), (8 bytes).
    Removing system.o(.ARM.exidx.text.SystemRuntimeInit), (8 bytes).
    Removing bsp_clocks.o(.text), (0 bytes).
    Removing bsp_clocks.o(.text.bsp_prv_operating_mode_set), (60 bytes).
    Removing bsp_clocks.o(.ARM.exidx.text.bsp_prv_operating_mode_set), (8 bytes).
    Removing bsp_clocks.o(.text.bsp_prv_prepare_pll), (20 bytes).
    Removing bsp_clocks.o(.ARM.exidx.text.bsp_prv_prepare_pll), (8 bytes).
    Removing bsp_clocks.o(.ARM.exidx.text.SystemCoreClockUpdate), (8 bytes).
    Removing bsp_clocks.o(.text.bsp_prv_clock_dividers_set), (12 bytes).
    Removing bsp_clocks.o(.ARM.exidx.text.bsp_prv_clock_dividers_set), (8 bytes).
    Removing bsp_clocks.o(.text.bsp_prv_clock_set), (184 bytes).
    Removing bsp_clocks.o(.ARM.exidx.text.bsp_prv_clock_set), (8 bytes).
    Removing bsp_clocks.o(.ARM.exidx.text.bsp_clock_init), (8 bytes).
    Removing bsp_clocks.o(.text.R_BSP_SubClockStabilizeWait), (8 bytes).
    Removing bsp_clocks.o(.ARM.exidx.text.R_BSP_SubClockStabilizeWait), (8 bytes).
    Removing bsp_clocks.o(.ARM.exidx.text.R_BSP_SubClockStabilizeWaitAfterReset), (8 bytes).
    Removing bsp_clocks.o(.text.R_BSP_OctaclkUpdate), (248 bytes).
    Removing bsp_clocks.o(.ARM.exidx.text.R_BSP_OctaclkUpdate), (8 bytes).
    Removing bsp_clocks.o(.text.R_BSP_SourceClockHzGet), (12 bytes).
    Removing bsp_clocks.o(.ARM.exidx.text.R_BSP_SourceClockHzGet), (8 bytes).
    Removing bsp_clocks.o(.ARM.exidx.text.R_BSP_Init_RTC), (8 bytes).
    Removing bsp_common.o(.text), (0 bytes).
    Removing bsp_common.o(.ARM.exidx.text.bsp_init_internal), (8 bytes).
    Removing bsp_common.o(.text.R_FSP_VersionGet), (12 bytes).
    Removing bsp_common.o(.ARM.exidx.text.R_FSP_VersionGet), (8 bytes).
    Removing bsp_common.o(.text.__aeabi_assert), (4 bytes).
    Removing bsp_common.o(.ARM.exidx.text.__aeabi_assert), (8 bytes).
    Removing bsp_delay.o(.text), (0 bytes).
    Removing bsp_delay.o(.ARM.exidx.text.R_BSP_SoftwareDelay), (8 bytes).
    Removing bsp_delay.o(.ARM.exidx.text.bsp_prv_software_delay_loop), (8 bytes).
    Removing bsp_guard.o(.text), (0 bytes).
    Removing bsp_group_irq.o(.text), (0 bytes).
    Removing bsp_group_irq.o(.text.R_BSP_GroupIrqWrite), (16 bytes).
    Removing bsp_group_irq.o(.ARM.exidx.text.R_BSP_GroupIrqWrite), (8 bytes).
    Removing bsp_group_irq.o(.ARM.exidx.text.NMI_Handler), (8 bytes).
    Removing bsp_io.o(.text), (0 bytes).
    Removing bsp_io.o(.bss.g_protect_pfswe_counter), (4 bytes).
    Removing bsp_ipc.o(.text), (0 bytes).
    Removing bsp_irq.o(.text), (0 bytes).
    Removing bsp_irq.o(.ARM.exidx.text.bsp_irq_cfg), (8 bytes).
    Removing bsp_irq.o(.rodata.g_interrupt_event_link_select), (72 bytes).
    Removing bsp_linker.o(.text), (0 bytes).
    Removing bsp_macl.o(.text), (0 bytes).
    Removing bsp_ospi_b.o(.text), (0 bytes).
    Removing bsp_register_protection.o(.text), (0 bytes).
    Removing bsp_register_protection.o(.ARM.exidx.text.R_BSP_RegisterProtectEnable), (8 bytes).
    Removing bsp_register_protection.o(.ARM.exidx.text.R_BSP_RegisterProtectDisable), (8 bytes).
    Removing bsp_sbrk.o(.text), (0 bytes).
    Removing bsp_sdram.o(.text), (0 bytes).
    Removing bsp_security.o(.text), (0 bytes).
    Removing common_data.o(.text), (0 bytes).
    Removing common_data.o(.text.g_common_init), (2 bytes).
    Removing common_data.o(.ARM.exidx.text.g_common_init), (8 bytes).
    Removing common_data.o(.bss.g_ioport_ctrl), (8 bytes).
    Removing common_data.o(.rodata.g_ioport), (12 bytes).
    Removing hal_data.o(.text), (0 bytes).
    Removing hal_data.o(.text.g_hal_init), (4 bytes).
    Removing hal_data.o(.ARM.exidx.text.g_hal_init), (8 bytes).
    Removing hal_data.o(.rodata.g_timer0_extend), (128 bytes).
    Removing hal_data.o(.rodata.g_timer0_cfg), (36 bytes).
    Removing hal_data.o(.bss.g_timer0_ctrl), (32 bytes).
    Removing hal_data.o(.rodata.g_timer0), (12 bytes).
    Removing hal_data.o(.rodata.g_timer1_extend), (128 bytes).
    Removing hal_data.o(.rodata.g_timer1_cfg), (36 bytes).
    Removing hal_data.o(.bss.g_timer1_ctrl), (32 bytes).
    Removing hal_data.o(.rodata.g_timer1), (12 bytes).
    Removing hal_data.o(.data.g_uart5_baud_setting), (4 bytes).
    Removing hal_data.o(.rodata.g_uart5_cfg_extend), (44 bytes).
    Removing hal_data.o(.rodata.g_uart5_cfg), (68 bytes).
    Removing hal_data.o(.bss.g_uart5_ctrl), (48 bytes).
    Removing hal_data.o(.rodata.g_uart5), (12 bytes).
    Removing hal_data.o(.data.g_uart6_baud_setting), (4 bytes).
    Removing hal_data.o(.rodata.g_uart6_cfg_extend), (44 bytes).
    Removing hal_data.o(.rodata.g_uart6_cfg), (68 bytes).
    Removing hal_data.o(.bss.g_uart6_ctrl), (48 bytes).
    Removing hal_data.o(.rodata.g_uart6), (12 bytes).
    Removing hal_data.o(.data.g_uart7_baud_setting), (4 bytes).
    Removing hal_data.o(.rodata.g_uart7_cfg_extend), (44 bytes).
    Removing hal_data.o(.rodata.g_uart7_cfg), (68 bytes).
    Removing hal_data.o(.bss.g_uart7_ctrl), (48 bytes).
    Removing hal_data.o(.rodata.g_uart7), (12 bytes).
    Removing hal_data.o(.data.g_transfer_rx_info), (16 bytes).
    Removing hal_data.o(.rodata.g_transfer_rx_cfg_extend), (4 bytes).
    Removing hal_data.o(.rodata.g_transfer_rx_cfg), (8 bytes).
    Removing hal_data.o(.bss.g_transfer_rx_ctrl), (8 bytes).
    Removing hal_data.o(.rodata.g_transfer_rx), (12 bytes).
    Removing hal_data.o(.data.g_transfer_tx_info), (16 bytes).
    Removing hal_data.o(.rodata.g_transfer_tx_cfg_extend), (4 bytes).
    Removing hal_data.o(.rodata.g_transfer_tx_cfg), (8 bytes).
    Removing hal_data.o(.bss.g_transfer_tx_ctrl), (8 bytes).
    Removing hal_data.o(.rodata.g_transfer_tx), (12 bytes).
    Removing hal_data.o(.rodata.g_i2s0_cfg_extend), (8 bytes).
    Removing hal_data.o(.rodata.g_i2s0_cfg), (56 bytes).
    Removing hal_data.o(.bss.g_i2s0_ctrl), (44 bytes).
    Removing hal_data.o(.rodata.g_i2s0), (12 bytes).
    Removing hal_data.o(.rodata.g_i2c0_cfg_extend), (6 bytes).
    Removing hal_data.o(.rodata.g_i2c0_cfg), (56 bytes).
    Removing hal_data.o(.bss.g_i2c0_ctrl), (72 bytes).
    Removing hal_data.o(.rodata.g_i2c0), (12 bytes).
    Removing main.o(.text), (0 bytes).
    Removing main.o(.ARM.exidx.text.main), (8 bytes).
    Removing main.o(.ARM.use_no_argv), (4 bytes).
    Removing pin_data.o(.text), (0 bytes).
    Removing pin_data.o(.rodata.g_bsp_pin_cfg_data), (128 bytes).
    Removing pin_data.o(.rodata.g_bsp_pin_cfg), (12 bytes).
    Removing vector_data.o(.text), (0 bytes).
    Removing r_dtc.o(.text), (0 bytes).
    Removing r_dtc.o(.text.R_DTC_Open), (120 bytes).
    Removing r_dtc.o(.ARM.exidx.text.R_DTC_Open), (8 bytes).
    Removing r_dtc.o(.text.R_DTC_Reconfigure), (60 bytes).
    Removing r_dtc.o(.ARM.exidx.text.R_DTC_Reconfigure), (8 bytes).
    Removing r_dtc.o(.text.R_DTC_Reset), (116 bytes).
    Removing r_dtc.o(.ARM.exidx.text.R_DTC_Reset), (8 bytes).
    Removing r_dtc.o(.text.R_DTC_Enable), (24 bytes).
    Removing r_dtc.o(.ARM.exidx.text.R_DTC_Enable), (8 bytes).
    Removing r_dtc.o(.text.R_DTC_Disable), (24 bytes).
    Removing r_dtc.o(.ARM.exidx.text.R_DTC_Disable), (8 bytes).
    Removing r_dtc.o(.text.R_DTC_SoftwareStart), (4 bytes).
    Removing r_dtc.o(.ARM.exidx.text.R_DTC_SoftwareStart), (8 bytes).
    Removing r_dtc.o(.text.R_DTC_SoftwareStop), (4 bytes).
    Removing r_dtc.o(.ARM.exidx.text.R_DTC_SoftwareStop), (8 bytes).
    Removing r_dtc.o(.text.R_DTC_InfoGet), (72 bytes).
    Removing r_dtc.o(.ARM.exidx.text.R_DTC_InfoGet), (8 bytes).
    Removing r_dtc.o(.text.R_DTC_Close), (40 bytes).
    Removing r_dtc.o(.ARM.exidx.text.R_DTC_Close), (8 bytes).
    Removing r_dtc.o(.text.R_DTC_Reload), (4 bytes).
    Removing r_dtc.o(.ARM.exidx.text.R_DTC_Reload), (8 bytes).
    Removing r_dtc.o(.text.R_DTC_CallbackSet), (4 bytes).
    Removing r_dtc.o(.ARM.exidx.text.R_DTC_CallbackSet), (8 bytes).
    Removing r_dtc.o(.text.r_dtc_set_info), (68 bytes).
    Removing r_dtc.o(.ARM.exidx.text.r_dtc_set_info), (8 bytes).
    Removing r_dtc.o(.text.r_dtc_wait_for_transfer_complete), (20 bytes).
    Removing r_dtc.o(.ARM.exidx.text.r_dtc_wait_for_transfer_complete), (8 bytes).
    Removing r_dtc.o(.rodata.g_transfer_on_dtc), (44 bytes).
    Removing r_dtc.o(.bss.r_dtc_state_initialize.g_dtc_state_initialized), (1 bytes).
    Removing r_gpt.o(.text), (0 bytes).
    Removing r_gpt.o(.text.R_GPT_Open), (532 bytes).
    Removing r_gpt.o(.ARM.exidx.text.R_GPT_Open), (8 bytes).
    Removing r_gpt.o(.text.R_GPT_Start), (10 bytes).
    Removing r_gpt.o(.ARM.exidx.text.R_GPT_Start), (8 bytes).
    Removing r_gpt.o(.text.R_GPT_Stop), (10 bytes).
    Removing r_gpt.o(.ARM.exidx.text.R_GPT_Stop), (8 bytes).
    Removing r_gpt.o(.text.R_GPT_Reset), (10 bytes).
    Removing r_gpt.o(.ARM.exidx.text.R_GPT_Reset), (8 bytes).
    Removing r_gpt.o(.text.R_GPT_Enable), (52 bytes).
    Removing r_gpt.o(.ARM.exidx.text.R_GPT_Enable), (8 bytes).
    Removing r_gpt.o(.text.R_GPT_Disable), (10 bytes).
    Removing r_gpt.o(.ARM.exidx.text.R_GPT_Disable), (8 bytes).
    Removing r_gpt.o(.text.R_GPT_PeriodSet), (56 bytes).
    Removing r_gpt.o(.ARM.exidx.text.R_GPT_PeriodSet), (8 bytes).
    Removing r_gpt.o(.text.R_GPT_DutyCycleSet), (162 bytes).
    Removing r_gpt.o(.ARM.exidx.text.R_GPT_DutyCycleSet), (8 bytes).
    Removing r_gpt.o(.text.R_GPT_CompareMatchSet), (28 bytes).
    Removing r_gpt.o(.ARM.exidx.text.R_GPT_CompareMatchSet), (8 bytes).
    Removing r_gpt.o(.text.R_GPT_InfoGet), (60 bytes).
    Removing r_gpt.o(.ARM.exidx.text.R_GPT_InfoGet), (8 bytes).
    Removing r_gpt.o(.text.R_GPT_StatusGet), (18 bytes).
    Removing r_gpt.o(.ARM.exidx.text.R_GPT_StatusGet), (8 bytes).
    Removing r_gpt.o(.text.R_GPT_CallbackSet), (10 bytes).
    Removing r_gpt.o(.ARM.exidx.text.R_GPT_CallbackSet), (8 bytes).
    Removing r_gpt.o(.text.R_GPT_Close), (60 bytes).
    Removing r_gpt.o(.ARM.exidx.text.R_GPT_Close), (8 bytes).
    Removing r_gpt.o(.text.gpt_hardware_events_disable), (28 bytes).
    Removing r_gpt.o(.ARM.exidx.text.gpt_hardware_events_disable), (8 bytes).
    Removing r_gpt.o(.text.gpt_calculate_duty_cycle), (102 bytes).
    Removing r_gpt.o(.ARM.exidx.text.gpt_calculate_duty_cycle), (8 bytes).
    Removing r_gpt.o(.text.R_GPT_CounterSet), (8 bytes).
    Removing r_gpt.o(.ARM.exidx.text.R_GPT_CounterSet), (8 bytes).
    Removing r_gpt.o(.text.R_GPT_OutputEnable), (28 bytes).
    Removing r_gpt.o(.ARM.exidx.text.R_GPT_OutputEnable), (8 bytes).
    Removing r_gpt.o(.text.R_GPT_OutputDisable), (28 bytes).
    Removing r_gpt.o(.ARM.exidx.text.R_GPT_OutputDisable), (8 bytes).
    Removing r_gpt.o(.text.R_GPT_AdcTriggerSet), (12 bytes).
    Removing r_gpt.o(.ARM.exidx.text.R_GPT_AdcTriggerSet), (8 bytes).
    Removing r_gpt.o(.text.R_GPT_PwmOutputDelaySet), (4 bytes).
    Removing r_gpt.o(.ARM.exidx.text.R_GPT_PwmOutputDelaySet), (8 bytes).
    Removing r_gpt.o(.text.r_gpt_disable_irq), (48 bytes).
    Removing r_gpt.o(.ARM.exidx.text.r_gpt_disable_irq), (8 bytes).
    Removing r_gpt.o(.text.R_GPT_PwmOutputDelayInitialize), (4 bytes).
    Removing r_gpt.o(.ARM.exidx.text.R_GPT_PwmOutputDelayInitialize), (8 bytes).
    Removing r_gpt.o(.text.gpt_counter_overflow_isr), (148 bytes).
    Removing r_gpt.o(.ARM.exidx.text.gpt_counter_overflow_isr), (8 bytes).
    Removing r_gpt.o(.text.R_BSP_IrqClearPending), (52 bytes).
    Removing r_gpt.o(.ARM.exidx.text.R_BSP_IrqClearPending), (8 bytes).
    Removing r_gpt.o(.text.r_gpt_clear_pending_irq), (10 bytes).
    Removing r_gpt.o(.ARM.exidx.text.r_gpt_clear_pending_irq), (8 bytes).
    Removing r_gpt.o(.text.r_gpt_call_callback), (48 bytes).
    Removing r_gpt.o(.ARM.exidx.text.r_gpt_call_callback), (8 bytes).
    Removing r_gpt.o(.text.gpt_capture_compare_a_isr), (6 bytes).
    Removing r_gpt.o(.ARM.exidx.text.gpt_capture_compare_a_isr), (8 bytes).
    Removing r_gpt.o(.text.r_gpt_ccmp_common_isr), (120 bytes).
    Removing r_gpt.o(.ARM.exidx.text.r_gpt_ccmp_common_isr), (8 bytes).
    Removing r_gpt.o(.text.gpt_capture_compare_b_isr), (6 bytes).
    Removing r_gpt.o(.ARM.exidx.text.gpt_capture_compare_b_isr), (8 bytes).
    Removing r_gpt.o(.text.gpt_compare_match_c_isr), (6 bytes).
    Removing r_gpt.o(.ARM.exidx.text.gpt_compare_match_c_isr), (8 bytes).
    Removing r_gpt.o(.text.gpt_compare_match_d_isr), (6 bytes).
    Removing r_gpt.o(.ARM.exidx.text.gpt_compare_match_d_isr), (8 bytes).
    Removing r_gpt.o(.text.gpt_compare_match_e_isr), (6 bytes).
    Removing r_gpt.o(.ARM.exidx.text.gpt_compare_match_e_isr), (8 bytes).
    Removing r_gpt.o(.text.gpt_compare_match_f_isr), (6 bytes).
    Removing r_gpt.o(.ARM.exidx.text.gpt_compare_match_f_isr), (8 bytes).
    Removing r_gpt.o(.text.gpt_gtior_calculate), (40 bytes).
    Removing r_gpt.o(.ARM.exidx.text.gpt_gtior_calculate), (8 bytes).
    Removing r_gpt.o(.text.r_gpt_enable_irq), (60 bytes).
    Removing r_gpt.o(.ARM.exidx.text.r_gpt_enable_irq), (8 bytes).
    Removing r_gpt.o(.rodata.g_timer_on_gpt), (52 bytes).
    Removing r_ioport.o(.text), (0 bytes).
    Removing r_ioport.o(.text.R_IOPORT_Open), (20 bytes).
    Removing r_ioport.o(.ARM.exidx.text.R_IOPORT_Open), (8 bytes).
    Removing r_ioport.o(.text.R_IOPORT_Close), (8 bytes).
    Removing r_ioport.o(.ARM.exidx.text.R_IOPORT_Close), (8 bytes).
    Removing r_ioport.o(.text.R_IOPORT_PinsCfg), (12 bytes).
    Removing r_ioport.o(.ARM.exidx.text.R_IOPORT_PinsCfg), (8 bytes).
    Removing r_ioport.o(.text.R_IOPORT_PinCfg), (50 bytes).
    Removing r_ioport.o(.ARM.exidx.text.R_IOPORT_PinCfg), (8 bytes).
    Removing r_ioport.o(.text.R_IOPORT_PinEventInputRead), (40 bytes).
    Removing r_ioport.o(.ARM.exidx.text.R_IOPORT_PinEventInputRead), (8 bytes).
    Removing r_ioport.o(.text.R_IOPORT_PinEventOutputWrite), (60 bytes).
    Removing r_ioport.o(.ARM.exidx.text.R_IOPORT_PinEventOutputWrite), (8 bytes).
    Removing r_ioport.o(.text.R_IOPORT_PinRead), (32 bytes).
    Removing r_ioport.o(.ARM.exidx.text.R_IOPORT_PinRead), (8 bytes).
    Removing r_ioport.o(.text.R_IOPORT_PinWrite), (44 bytes).
    Removing r_ioport.o(.ARM.exidx.text.R_IOPORT_PinWrite), (8 bytes).
    Removing r_ioport.o(.text.R_IOPORT_PortDirectionSet), (36 bytes).
    Removing r_ioport.o(.ARM.exidx.text.R_IOPORT_PortDirectionSet), (8 bytes).
    Removing r_ioport.o(.text.R_IOPORT_PortEventInputRead), (24 bytes).
    Removing r_ioport.o(.ARM.exidx.text.R_IOPORT_PortEventInputRead), (8 bytes).
    Removing r_ioport.o(.text.R_IOPORT_PortEventOutputWrite), (32 bytes).
    Removing r_ioport.o(.ARM.exidx.text.R_IOPORT_PortEventOutputWrite), (8 bytes).
    Removing r_ioport.o(.text.R_IOPORT_PortRead), (24 bytes).
    Removing r_ioport.o(.ARM.exidx.text.R_IOPORT_PortRead), (8 bytes).
    Removing r_ioport.o(.text.R_IOPORT_PortWrite), (32 bytes).
    Removing r_ioport.o(.ARM.exidx.text.R_IOPORT_PortWrite), (8 bytes).
    Removing r_ioport.o(.text.r_ioport_pins_config), (48 bytes).
    Removing r_ioport.o(.ARM.exidx.text.r_ioport_pins_config), (8 bytes).
    Removing r_ioport.o(.text.bsp_vbatt_init), (204 bytes).
    Removing r_ioport.o(.ARM.exidx.text.bsp_vbatt_init), (8 bytes).
    Removing r_ioport.o(.text.R_BSP_PinAccessEnable), (48 bytes).
    Removing r_ioport.o(.ARM.exidx.text.R_BSP_PinAccessEnable), (8 bytes).
    Removing r_ioport.o(.text.r_ioport_pfs_write), (56 bytes).
    Removing r_ioport.o(.ARM.exidx.text.r_ioport_pfs_write), (8 bytes).
    Removing r_ioport.o(.text.R_BSP_PinAccessDisable), (52 bytes).
    Removing r_ioport.o(.ARM.exidx.text.R_BSP_PinAccessDisable), (8 bytes).
    Removing r_ioport.o(.text.OUTLINED_FUNCTION_0), (10 bytes).
    Removing r_ioport.o(.ARM.exidx.text.OUTLINED_FUNCTION_0), (8 bytes).
    Removing r_ioport.o(.rodata.g_ioport_on_ioport), (52 bytes).
    Removing r_sci_i2c.o(.text), (0 bytes).
    Removing r_sci_i2c.o(.text.R_SCI_I2C_Open), (216 bytes).
    Removing r_sci_i2c.o(.ARM.exidx.text.R_SCI_I2C_Open), (8 bytes).
    Removing r_sci_i2c.o(.text.R_SCI_I2C_Read), (16 bytes).
    Removing r_sci_i2c.o(.ARM.exidx.text.R_SCI_I2C_Read), (8 bytes).
    Removing r_sci_i2c.o(.text.R_SCI_I2C_Write), (16 bytes).
    Removing r_sci_i2c.o(.ARM.exidx.text.R_SCI_I2C_Write), (8 bytes).
    Removing r_sci_i2c.o(.text.R_SCI_I2C_Abort), (10 bytes).
    Removing r_sci_i2c.o(.ARM.exidx.text.R_SCI_I2C_Abort), (8 bytes).
    Removing r_sci_i2c.o(.text.R_SCI_I2C_SlaveAddressSet), (8 bytes).
    Removing r_sci_i2c.o(.ARM.exidx.text.R_SCI_I2C_SlaveAddressSet), (8 bytes).
    Removing r_sci_i2c.o(.text.R_SCI_I2C_CallbackSet), (10 bytes).
    Removing r_sci_i2c.o(.ARM.exidx.text.R_SCI_I2C_CallbackSet), (8 bytes).
    Removing r_sci_i2c.o(.text.R_SCI_I2C_StatusGet), (24 bytes).
    Removing r_sci_i2c.o(.ARM.exidx.text.R_SCI_I2C_StatusGet), (8 bytes).
    Removing r_sci_i2c.o(.text.R_SCI_I2C_Close), (64 bytes).
    Removing r_sci_i2c.o(.ARM.exidx.text.R_SCI_I2C_Close), (8 bytes).
    Removing r_sci_i2c.o(.text.sci_i2c_read_write), (130 bytes).
    Removing r_sci_i2c.o(.ARM.exidx.text.sci_i2c_read_write), (8 bytes).
    Removing r_sci_i2c.o(.text.sci_i2c_abort_seq_master), (36 bytes).
    Removing r_sci_i2c.o(.ARM.exidx.text.sci_i2c_abort_seq_master), (8 bytes).
    Removing r_sci_i2c.o(.ARM.exidx.text.sci_i2c_notify), (8 bytes).
    Removing r_sci_i2c.o(.ARM.exidx.text.sci_i2c_txi_isr), (8 bytes).
    Removing r_sci_i2c.o(.ARM.exidx.text.sci_i2c_tei_isr), (8 bytes).
    Removing r_sci_i2c.o(.text.R_BSP_IrqCfgEnable), (72 bytes).
    Removing r_sci_i2c.o(.ARM.exidx.text.R_BSP_IrqCfgEnable), (8 bytes).
    Removing r_sci_i2c.o(.ARM.exidx.text.OUTLINED_FUNCTION_0), (8 bytes).
    Removing r_sci_i2c.o(.ARM.exidx.text.OUTLINED_FUNCTION_1), (8 bytes).
    Removing r_sci_i2c.o(.rodata.g_i2c_master_on_sci), (32 bytes).
    Removing r_sci_uart.o(.text), (0 bytes).
    Removing r_sci_uart.o(.text.R_SCI_UART_Open), (428 bytes).
    Removing r_sci_uart.o(.ARM.exidx.text.R_SCI_UART_Open), (8 bytes).
    Removing r_sci_uart.o(.text.R_SCI_UART_Read), (8 bytes).
    Removing r_sci_uart.o(.ARM.exidx.text.R_SCI_UART_Read), (8 bytes).
    Removing r_sci_uart.o(.text.R_SCI_UART_Write), (66 bytes).
    Removing r_sci_uart.o(.ARM.exidx.text.R_SCI_UART_Write), (8 bytes).
    Removing r_sci_uart.o(.text.R_SCI_UART_BaudSet), (62 bytes).
    Removing r_sci_uart.o(.ARM.exidx.text.R_SCI_UART_BaudSet), (8 bytes).
    Removing r_sci_uart.o(.text.R_SCI_UART_InfoGet), (12 bytes).
    Removing r_sci_uart.o(.ARM.exidx.text.R_SCI_UART_InfoGet), (8 bytes).
    Removing r_sci_uart.o(.text.R_SCI_UART_Abort), (34 bytes).
    Removing r_sci_uart.o(.ARM.exidx.text.R_SCI_UART_Abort), (8 bytes).
    Removing r_sci_uart.o(.text.R_SCI_UART_CallbackSet), (10 bytes).
    Removing r_sci_uart.o(.ARM.exidx.text.R_SCI_UART_CallbackSet), (8 bytes).
    Removing r_sci_uart.o(.text.R_SCI_UART_Close), (112 bytes).
    Removing r_sci_uart.o(.ARM.exidx.text.R_SCI_UART_Close), (8 bytes).
    Removing r_sci_uart.o(.text.R_SCI_UART_ReadStop), (12 bytes).
    Removing r_sci_uart.o(.ARM.exidx.text.R_SCI_UART_ReadStop), (8 bytes).
    Removing r_sci_uart.o(.text.R_SCI_UART_ReceiveSuspend), (4 bytes).
    Removing r_sci_uart.o(.ARM.exidx.text.R_SCI_UART_ReceiveSuspend), (8 bytes).
    Removing r_sci_uart.o(.text.R_SCI_UART_ReceiveResume), (4 bytes).
    Removing r_sci_uart.o(.ARM.exidx.text.R_SCI_UART_ReceiveResume), (8 bytes).
    Removing r_sci_uart.o(.text.R_BSP_IrqEnable), (60 bytes).
    Removing r_sci_uart.o(.ARM.exidx.text.R_BSP_IrqEnable), (8 bytes).
    Removing r_sci_uart.o(.text.r_sci_uart_baud_set), (42 bytes).
    Removing r_sci_uart.o(.ARM.exidx.text.r_sci_uart_baud_set), (8 bytes).
    Removing r_sci_uart.o(.text.R_SCI_UART_BaudCalculate), (340 bytes).
    Removing r_sci_uart.o(.ARM.exidx.text.R_SCI_UART_BaudCalculate), (8 bytes).
    Removing r_sci_uart.o(.ARM.exidx.text.sci_uart_txi_isr), (8 bytes).
    Removing r_sci_uart.o(.ARM.exidx.text.r_sci_uart_call_callback), (8 bytes).
    Removing r_sci_uart.o(.ARM.exidx.text.sci_uart_rxi_isr), (8 bytes).
    Removing r_sci_uart.o(.ARM.exidx.text.sci_uart_tei_isr), (8 bytes).
    Removing r_sci_uart.o(.ARM.exidx.text.sci_uart_eri_isr), (8 bytes).
    Removing r_sci_uart.o(.text.r_sci_irq_cfg), (76 bytes).
    Removing r_sci_uart.o(.ARM.exidx.text.r_sci_irq_cfg), (8 bytes).
    Removing r_sci_uart.o(.text.OUTLINED_FUNCTION_0), (24 bytes).
    Removing r_sci_uart.o(.ARM.exidx.text.OUTLINED_FUNCTION_0), (8 bytes).
    Removing r_sci_uart.o(.ARM.exidx.text.OUTLINED_FUNCTION_1), (8 bytes).
    Removing r_sci_uart.o(.rodata.g_uart_on_sci), (44 bytes).
    Removing r_sci_uart.o(.rodata.g_async_baud), (13 bytes).
    Removing r_sci_uart.o(.rodata.g_div_coefficient), (26 bytes).
    Removing r_ssi.o(.text), (0 bytes).
    Removing r_ssi.o(.text.R_SSI_Open), (316 bytes).
    Removing r_ssi.o(.ARM.exidx.text.R_SSI_Open), (8 bytes).
    Removing r_ssi.o(.text.R_SSI_Stop), (10 bytes).
    Removing r_ssi.o(.ARM.exidx.text.R_SSI_Stop), (8 bytes).
    Removing r_ssi.o(.text.R_SSI_Mute), (14 bytes).
    Removing r_ssi.o(.ARM.exidx.text.R_SSI_Mute), (8 bytes).
    Removing r_ssi.o(.text.R_SSI_Write), (36 bytes).
    Removing r_ssi.o(.ARM.exidx.text.R_SSI_Write), (8 bytes).
    Removing r_ssi.o(.text.R_SSI_Read), (36 bytes).
    Removing r_ssi.o(.ARM.exidx.text.R_SSI_Read), (8 bytes).
    Removing r_ssi.o(.text.R_SSI_WriteRead), (64 bytes).
    Removing r_ssi.o(.ARM.exidx.text.R_SSI_WriteRead), (8 bytes).
    Removing r_ssi.o(.text.R_SSI_StatusGet), (14 bytes).
    Removing r_ssi.o(.ARM.exidx.text.R_SSI_StatusGet), (8 bytes).
    Removing r_ssi.o(.text.R_SSI_Close), (164 bytes).
    Removing r_ssi.o(.ARM.exidx.text.R_SSI_Close), (8 bytes).
    Removing r_ssi.o(.text.R_SSI_CallbackSet), (10 bytes).
    Removing r_ssi.o(.ARM.exidx.text.R_SSI_CallbackSet), (8 bytes).
    Removing r_ssi.o(.text.r_ssi_tx_load_fifo), (46 bytes).
    Removing r_ssi.o(.ARM.exidx.text.r_ssi_tx_load_fifo), (8 bytes).
    Removing r_ssi.o(.text.r_ssi_start), (86 bytes).
    Removing r_ssi.o(.ARM.exidx.text.r_ssi_start), (8 bytes).
    Removing r_ssi.o(.text.r_ssi_rx_unload_fifo), (70 bytes).
    Removing r_ssi.o(.ARM.exidx.text.r_ssi_rx_unload_fifo), (8 bytes).
    Removing r_ssi.o(.ARM.exidx.text.r_ssi_stop_sub), (8 bytes).
    Removing r_ssi.o(.ARM.exidx.text.ssi_txi_isr), (8 bytes).
    Removing r_ssi.o(.ARM.exidx.text.r_ssi_call_callback), (8 bytes).
    Removing r_ssi.o(.ARM.exidx.text.ssi_rxi_isr), (8 bytes).
    Removing r_ssi.o(.ARM.exidx.text.r_ssi_fifo_read), (8 bytes).
    Removing r_ssi.o(.ARM.exidx.text.ssi_int_isr), (8 bytes).
    Removing r_ssi.o(.text.R_BSP_IrqCfgEnable), (80 bytes).
    Removing r_ssi.o(.ARM.exidx.text.R_BSP_IrqCfgEnable), (8 bytes).
    Removing r_ssi.o(.text.OUTLINED_FUNCTION_0), (12 bytes).
    Removing r_ssi.o(.ARM.exidx.text.OUTLINED_FUNCTION_0), (8 bytes).
    Removing r_ssi.o(.text.OUTLINED_FUNCTION_1), (10 bytes).
    Removing r_ssi.o(.ARM.exidx.text.OUTLINED_FUNCTION_1), (8 bytes).
    Removing r_ssi.o(.rodata.g_i2s_on_ssi), (36 bytes).

713 unused section(s) (total 454012 bytes) removed from the image.
