Component: Arm Compiler for Embedded 6.24 Tool: armlink [5f371500]

==============================================================================

Section Cross References

    drv_lcd.o(.text) refers (Special) to _printf_percent.o(.ARM.Collect$$_printf_percent$$00000000) for _printf_percent
    drv_lcd.o(.text) refers (Special) to _printf_pad.o(.text) for _printf_pre_padding
    drv_lcd.o(.text) refers (Special) to _printf_x.o(.ARM.Collect$$_printf_percent$$0000000C) for _printf_x
    drv_lcd.o(.text) refers (Special) to _printf_d.o(.ARM.Collect$$_printf_percent$$00000009) for _printf_d
    drv_lcd.o(.text) refers (Special) to _printf_dec.o(.text) for _printf_int_dec
    drv_lcd.o(.text) refers (Special) to _printf_hex_int_ll_ptr.o(.text) for _printf_longlong_hex
    drv_lcd.o(.text.LCDGetDevice) refers (Special) to _printf_percent.o(.ARM.Collect$$_printf_percent$$00000000) for _printf_percent
    drv_lcd.o(.text.LCDGetDevice) refers (Special) to _printf_pad.o(.text) for _printf_pre_padding
    drv_lcd.o(.text.LCDGetDevice) refers (Special) to _printf_x.o(.ARM.Collect$$_printf_percent$$0000000C) for _printf_x
    drv_lcd.o(.text.LCDGetDevice) refers (Special) to _printf_d.o(.ARM.Collect$$_printf_percent$$00000009) for _printf_d
    drv_lcd.o(.text.LCDGetDevice) refers (Special) to _printf_dec.o(.text) for _printf_int_dec
    drv_lcd.o(.text.LCDGetDevice) refers (Special) to _printf_hex_int_ll_ptr.o(.text) for _printf_longlong_hex
    drv_lcd.o(.text.LCDGetDevice) refers to drv_lcd.o(.data.gLcdDevice) for [Anonymous Symbol]
    drv_lcd.o(.ARM.exidx.text.LCDGetDevice) refers (Special) to _printf_percent.o(.ARM.Collect$$_printf_percent$$00000000) for _printf_percent
    drv_lcd.o(.ARM.exidx.text.LCDGetDevice) refers (Special) to _printf_pad.o(.text) for _printf_pre_padding
    drv_lcd.o(.ARM.exidx.text.LCDGetDevice) refers (Special) to _printf_x.o(.ARM.Collect$$_printf_percent$$0000000C) for _printf_x
    drv_lcd.o(.ARM.exidx.text.LCDGetDevice) refers (Special) to _printf_d.o(.ARM.Collect$$_printf_percent$$00000009) for _printf_d
    drv_lcd.o(.ARM.exidx.text.LCDGetDevice) refers (Special) to _printf_dec.o(.text) for _printf_int_dec
    drv_lcd.o(.ARM.exidx.text.LCDGetDevice) refers (Special) to _printf_hex_int_ll_ptr.o(.text) for _printf_longlong_hex
    drv_lcd.o(.ARM.exidx.text.LCDGetDevice) refers to drv_lcd.o(.text.LCDGetDevice) for [Anonymous Symbol]
    drv_lcd.o(.text.LCDDrvFillRect) refers (Special) to _printf_percent.o(.ARM.Collect$$_printf_percent$$00000000) for _printf_percent
    drv_lcd.o(.text.LCDDrvFillRect) refers (Special) to _printf_pad.o(.text) for _printf_pre_padding
    drv_lcd.o(.text.LCDDrvFillRect) refers (Special) to _printf_x.o(.ARM.Collect$$_printf_percent$$0000000C) for _printf_x
    drv_lcd.o(.text.LCDDrvFillRect) refers (Special) to _printf_d.o(.ARM.Collect$$_printf_percent$$00000009) for _printf_d
    drv_lcd.o(.text.LCDDrvFillRect) refers (Special) to _printf_dec.o(.text) for _printf_int_dec
    drv_lcd.o(.text.LCDDrvFillRect) refers (Special) to _printf_hex_int_ll_ptr.o(.text) for _printf_longlong_hex
    drv_lcd.o(.text.LCDDrvFillRect) refers to drv_lcd.o(.text.LCDDrvSetDisplayWindow) for LCDDrvSetDisplayWindow
    drv_lcd.o(.text.LCDDrvFillRect) refers to drv_lcd.o(.text.LCDDrvWriteReg) for LCDDrvWriteReg
    drv_lcd.o(.text.LCDDrvFillRect) refers to drv_spi0_manual.o(.text.sci_spi0_wait_tx_end) for sci_spi0_wait_tx_end
    drv_lcd.o(.text.LCDDrvFillRect) refers to drv_lcd.o(.data.gLcdDevice) for [Anonymous Symbol]
    drv_lcd.o(.text.LCDDrvFillRect) refers to drv_spi0_manual.o(.text.sci_spi0_write_byte) for sci_spi0_write_byte
    drv_lcd.o(.ARM.exidx.text.LCDDrvFillRect) refers (Special) to _printf_percent.o(.ARM.Collect$$_printf_percent$$00000000) for _printf_percent
    drv_lcd.o(.ARM.exidx.text.LCDDrvFillRect) refers (Special) to _printf_pad.o(.text) for _printf_pre_padding
    drv_lcd.o(.ARM.exidx.text.LCDDrvFillRect) refers (Special) to _printf_x.o(.ARM.Collect$$_printf_percent$$0000000C) for _printf_x
    drv_lcd.o(.ARM.exidx.text.LCDDrvFillRect) refers (Special) to _printf_d.o(.ARM.Collect$$_printf_percent$$00000009) for _printf_d
    drv_lcd.o(.ARM.exidx.text.LCDDrvFillRect) refers (Special) to _printf_dec.o(.text) for _printf_int_dec
    drv_lcd.o(.ARM.exidx.text.LCDDrvFillRect) refers (Special) to _printf_hex_int_ll_ptr.o(.text) for _printf_longlong_hex
    drv_lcd.o(.ARM.exidx.text.LCDDrvFillRect) refers to drv_lcd.o(.text.LCDDrvFillRect) for [Anonymous Symbol]
    drv_lcd.o(.text.LCDDrvSetDisplayWindow) refers (Special) to _printf_percent.o(.ARM.Collect$$_printf_percent$$00000000) for _printf_percent
    drv_lcd.o(.text.LCDDrvSetDisplayWindow) refers (Special) to _printf_pad.o(.text) for _printf_pre_padding
    drv_lcd.o(.text.LCDDrvSetDisplayWindow) refers (Special) to _printf_x.o(.ARM.Collect$$_printf_percent$$0000000C) for _printf_x
[...]


    Execution Region __ram_zero_nocache_pad (Exec base: 0x200000e0, Load base: 0x00000104, Size: 0x00000000, Max: 0x00000000, ABSOLUTE)

    Exec Addr    Load Addr    Size         Type   Attr      Idx    E Section Name        Object

    0x200000e0        -       0x00000000   Zero   RW           43    __ram_zero_nocache_pad.bss  anon$$obj.o


    Execution Region __ram_noinit (Exec base: 0x200000e0, Load base: 0x00000104, Size: 0x00000000, Max: 0xffffffff, ABSOLUTE, UNINIT)

    **** No section assigned to this execution region ****


    Execution Region ARM_LIB_STACK (Exec base: 0x200000e0, Load base: 0x00000104, Size: 0x00000000, Max: 0x00000000, ABSOLUTE, UNINIT)

    Exec Addr    Load Addr    Size         Type   Attr      Idx    E Section Name        Object

    0x200000e0        -       0x00000000   Zero   RW           44    ARM_LIB_STACK.bss   anon$$obj.o


    Execution Region ARM_LIB_HEAP (Exec base: 0x200000e0, Load base: 0x00000104, Size: 0x00001000, Max: 0xffffffff, ABSOLUTE, UNINIT)

    Exec Addr    Load Addr    Size         Type   Attr      Idx    E Section Name        Object

    0x200000e0        -       0x00001000   Zero   RW         1045    .bss.g_heap         startup.o


    Execution Region __post_heap (Exec base: 0x200010e0, Load base: 0x00000104, Size: 0x0000401c, Max: 0xffffffff, ABSOLUTE, UNINIT)

    Exec Addr    Load Addr    Size         Type   Attr      Idx    E Section Name        Object

    0x200010e0        -       0x00004000   Zero   RW         1043    .bss.g_main_stack   startup.o
    0x200050e0        -       0x0000001c   Zero   RW         1090    .bss.ram_noinit     bsp_clocks.o


    Execution Region __ram_zero (Exec base: 0x20005100, Load base: 0x00000104, Size: 0x0000632c, Max: 0xffffffff, ABSOLUTE)

    Exec Addr    Load Addr    Size         Type   Attr      Idx    E Section Name        Object

    0x20005100        -       0x00000014   Zero   RW         1737    .bss                c_wu.l(rt_locale.o)
    0x20005114        -       0x00000004   Zero   RW         1742    .bss                c_wu.l(rt_errno_addr.o)
    0x20005118        -       0x00000012   Zero   RW          406    .bss..L_MergedGlobals  drv_touch.o
    0x2000512a   0x00000104   0x00000002   PAD
    0x2000512c        -       0x00000018   Zero   RW          732    .bss..L_MergedGlobals  app_main.o
    0x20005144   0x00000104   0x00000004   PAD
    0x20005148        -       0x0000002c   Zero   RW          924    .bss..L_MergedGlobals  w800_at_1.o
    0x20005174        -       0x0000007c   Zero   RW          510    .bss..L_MergedGlobals.36  audio_capture.o
    0x200051f0        -       0x00000004   Zero   RW         1059    .bss.SystemCoreClock  system.o
    0x200051f4        -       0x00000040   Zero   RW         1132    .bss.g_bsp_group_irq_sources  bsp_group_irq.o
    0x20005234        -       0x00000008   Zero   RW         1542    .bss.g_ioport_ctrl  common_data.o
    0x2000523c        -       0x0000000a   Zero   RW         1167    .bss.g_protect_counters  bsp_register_protection.o
    0x20005246   0x00000104   0x00000002   PAD
    0x20005248        -       0x00000004   Zero   RW         1142    .bss.g_protect_pfswe_counter  bsp_io.o
    0x2000524c        -       0x00000030   Zero   RW         1563    .bss.g_uart5_ctrl   hal_data.o
    0x2000527c        -       0x00000030   Zero   RW         1568    .bss.g_uart6_ctrl   hal_data.o
    0x200052ac        -       0x00000030   Zero   RW         1573    .bss.g_uart7_ctrl   hal_data.o
    0x200052dc        -       0x00000001   Zero   RW          419    .bss.g_ui_switch_requested  hal_entry.o
    0x200052dd   0x00000104   0x00000003   PAD
    0x200052e0        -       0x00000048   Zero   RW         1152    .bss.gp_renesas_isr_context  bsp_irq.o
    0x20005328        -       0x00001000   Zero   RW          707    .bss.s_at_rx_ring   w800_at.o
    0x20006328        -       0x00001000   Zero   RW          709    .bss.s_flash_rx_ring  w800_at.o
    0x20007328        -       0x00000100   Zero   RW          729    .bss.s_last_reply   app_main.o
    0x20007428        -       0x00002000   Zero   RW          921    .bss.s_rx_storage   w800_at_1.o
    0x20009428        -       0x00002000   Zero   RW          503    .bss.s_uart7_rx_ring  audio_capture.o
    0x2000b428        -       0x00000001   Zero   RW          923    .bss.s_uart_opened  w800_at_1.o
    0x2000b429   0x00000104   0x00000001   PAD
    0x2000b42a        -       0x00000002   Zero   RW          969    .bss.w800_socket_open_tcp.s_ephemeral_port  w800_socket.o


    Execution Region __ram_thread_stack (Exec base: 0x2000b430, Load base: 0x00000104, Size: 0x00000000, Max: 0xffffffff, ABSOLUTE, UNINIT)

    **** No section assigned to this execution region ****


    Execution Region __ddsc_RAM_END (Exec base: 0x2000b600, Load base: 0x00000104, Size: 0x00000000, Max: 0x00000000, ABSOLUTE)

    Exec Addr    Load Addr    Size         Type   Attr      Idx    E Section Name        Object

    0x2000b600        -       0x00000000   Zero   RW           45    __ddsc_RAM_END.bss  anon$$obj.o


    Execution Region .ram.endof (Exec base: 0x2000b600, Load base: 0x00000104, Size: 0x00000000, Max: 0x00000000, ABSOLUTE)

    Exec Addr    Load Addr    Size         Type   Attr      Idx    E Section Name        Object

    0x2000b600        -       0x00000000   Zero   RW           46    .ram.endof.bss      anon$$obj.o


    Execution Region __RAM_end (Exec base: 0x2000b600, Load base: 0x00000104, Size: 0x00000000, Max: 0x00000000, ABSOLUTE)

    Exec Addr    Load Addr    Size         Type   Attr      Idx    E Section Name        Object

    0x2000b600        -       0x00000000   Zero   RW           47    __RAM_end.bss       anon$$obj.o


    Execution Region __ospi0_cs0_from_data_flash_jump (Exec base: 0x68000000, Load base: 0x00000088, Size: 0x00000000, Max: 0x00000000, ABSOLUTE)

    Exec Addr    Load Addr    Size         Type   Attr      Idx    E Section Name        Object

    0x68000000        -       0x00000000   Zero   RW           37    __ospi0_cs0_from_data_flash_jump.bss  anon$$obj.o


    Execution Region __ospi0_cs0_from_flash (Exec base: 0x68000000, Load base: 0x00000088, Size: 0x00000000, Max: 0xffffffff, ABSOLUTE)

    **** No section assigned to this execution region ****


    Execution Region __ospi0_cs0_noinit_nocache (Exec base: 0x68000000, Load base: 0x00000088, Size: 0x00000000, Max: 0xffffffff, ABSOLUTE, UNINIT)

    **** No section assigned to this execution region ****


    Execution Region __ospi0_cs0_zero_nocache (Exec base: 0x68000000, Load base: 0x00000088, Size: 0x00000000, Max: 0xffffffff, ABSOLUTE)

    **** No section assigned to this execution region ****


    Execution Region __ospi0_cs0_zero_nocache_pad (Exec base: 0x68000000, Load base: 0x00000088, Size: 0x00000000, Max: 0x00000000, ABSOLUTE)

    Exec Addr    Load Addr    Size         Type   Attr      Idx    E Section Name        Object

    0x68000000        -       0x00000000   Zero   RW           38    __ospi0_cs0_zero_nocache_pad.bss  anon$$obj.o


    Execution Region __ospi0_cs0_noinit (Exec base: 0x68000000, Load base: 0x00000088, Size: 0x00000000, Max: 0xffffffff, ABSOLUTE, UNINIT)

    **** No section assigned to this execution region ****


    Execution Region __ospi0_cs0_zero (Exec base: 0x68000000, Load base: 0x00000088, Size: 0x00000000, Max: 0xffffffff, ABSOLUTE)

    **** No section assigned to this execution region ****


    Execution Region __ddsc_OSPI0_CS0_END (Exec base: 0x68000000, Load base: 0x00000088, Size: 0x00000000, Max: 0x00000000, ABSOLUTE)

    Exec Addr    Load Addr    Size         Type   Attr      Idx    E Section Name        Object

    0x68000000        -       0x00000000   Zero   RW           39    __ddsc_OSPI0_CS0_END.bss  anon$$obj.o


    Execution Region .ospi0_cs0.endof (Exec base: 0x68000000, Load base: 0x00000088, Size: 0x00000000, Max: 0x00000000, ABSOLUTE)

    Exec Addr    Load Addr    Size         Type   Attr      Idx    E Section Name        Object

    0x68000000        -       0x00000000   Zero   RW           40    .ospi0_cs0.endof.bss  anon$$obj.o


    Execution Region __OSPI0_CS0_end (Exec base: 0x68000000, Load base: 0x00000088, Size: 0x00000000, Max: 0x00000000, ABSOLUTE)

    Exec Addr    Load Addr    Size         Type   Attr      Idx    E Section Name        Object

    0x68000000        -       0x00000000   Zero   RW           41    __OSPI0_CS0_end.bss  anon$$obj.o



  Load Region LOAD_REGION_FLASH_JUMP (Base: 0x00000108, Size: 0x000c05e0, Max: 0xffffffff, ABSOLUTE)

    Execution Region __flash_readonly (Exec base: 0x00000108, Load base: 0x00000108, Size: 0x000c05e0, Max: 0xffffffff, ABSOLUTE, FIXED)

    Exec Addr    Load Addr    Size         Type   Attr      Idx    E Section Name        Object

    0x00000108   0x00000108   0x00000000   Code   RO         1695    .ARM.Collect$$_printf_percent$$00000000  c_wu.l(_printf_percent.o)
    0x00000108   0x00000108   0x00000006   Code   RO         1772    .ARM.Collect$$_printf_percent$$00000001  c_wu.l(_printf_n.o)
    0x0000010e   0x0000010e   0x00000006   Code   RO         1773    .ARM.Collect$$_printf_percent$$00000002  c_wu.l(_printf_p.o)
    0x00000114   0x00000114   0x00000006   Code   RO         1776    .ARM.Collect$$_printf_percent$$00000003  c_wu.l(_printf_f.o)
    0x0000011a   0x0000011a   0x00000006   Code   RO         1777    .ARM.Collect$$_printf_percent$$00000004  c_wu.l(_printf_e.o)
    0x00000120   0x00000120   0x00000006   Code   RO         1778    .ARM.Collect$$_printf_percent$$00000005  c_wu.l(_printf_g.o)
    0x00000126   0x00000126   0x00000006   Code   RO         1779    .ARM.Collect$$_printf_percent$$00000006  c_wu.l(_printf_a.o)
    0x0000012c   0x0000012c   0x0000000a   Code   RO         1784    .ARM.Collect$$_printf_percent$$00000007  c_wu.l(_printf_ll.o)
    0x00000136   0x00000136   0x00000006   Code   RO         1775    .ARM.Collect$$_printf_percent$$00000008  c_wu.l(_printf_i.o)
    0x0000013c   0x0000013c   0x00000006   Code   RO         1693    .ARM.Collect$$_printf_percent$$00000009  c_wu.l(_printf_d.o)
    0x00000142   0x00000142   0x00000006   Code   RO         1694    .ARM.Collect$$_printf_percent$$0000000A  c_wu.l(_printf_u.o)
    0x00000148   0x00000148   0x00000006   Code   RO         1774    .ARM.Collect$$_printf_percent$$0000000B  c_wu.l(_printf_o.o)
    0x0000014e   0x0000014e   0x00000006   Code   RO         1692    .ARM.Collect$$_printf_percent$$0000000C  c_wu.l(_printf_x.o)
    0x00000154   0x00000154   0x00000006   Code   RO         1781    .ARM.Collect$$_printf_percent$$0000000D  c_wu.l(_printf_lli.o)
    0x0000015a   0x0000015a   0x00000006   Code   RO         1782    .ARM.Collect$$_printf_percent$$0000000E  c_wu.l(_printf_lld.o)
    0x00000160   0x00000160   0x00000006   Code   RO         1783    .ARM.Collect$$_printf_percent$$0000000F  c_wu.l(_printf_llu.o)
    0x00000166   0x00000166   0x00000006   Code   RO         1788    .ARM.Collect$$_printf_percent$$00000010  c_wu.l(_printf_llo.o)
    0x0000016c   0x0000016c   0x00000006   Code   RO         1789    .ARM.Collect$$_printf_percent$$00000011  c_wu.l(_printf_llx.o)
    0x00000172   0x00000172   0x0000000a   Code   RO         1785    .ARM.Collect$$_printf_percent$$00000012  c_wu.l(_printf_l.o)
    0x0000017c   0x0000017c   0x00000006   Code   RO         1771    .ARM.Collect$$_printf_percent$$00000013  c_wu.l(_printf_c.o)
    0x00000182   0x00000182   0x00000006   Code   RO         1691    .ARM.Collect$$_printf_percent$$00000014  c_wu.l(_printf_s.o)
    0x00000188   0x00000188   0x00000006   Code   RO         1786    .ARM.Collect$$_printf_percent$$00000015  c_wu.l(_printf_lc.o)
    0x0000018e   0x0000018e   0x00000006   Code   RO         1787    .ARM.Collect$$_printf_percent$$00000016  c_wu.l(_printf_ls.o)
    0x00000194   0x00000194   0x00000004   Code   RO         1780    .ARM.Collect$$_printf_percent$$00000017  c_wu.l(_printf_percent_end.o)
    0x00000198   0x00000198   0x00000000   Code   RO         1888    .ARM.Collect$$libinit$$00000015  c_wu.l(libinit2.o)
    0x00000198   0x00000198   0x00000000   Code   RO         1892    .ARM.Collect$$libinit$$00000019  c_wu.l(libinit2.o)
    0x00000198   0x00000198   0x00000010   Code   RO         1623    .text               c_wu.l(rt_ctype_table.o)
    0x000001a8   0x000001a8   0x000000f0   Code   RO         1625    .text               c_wu.l(lludivv7m.o)
    0x00000298   0x00000298   0x00000074   Code   RO         1627    .text               c_wu.l(llsdiv.o)
    0x0000030c   0x0000030c   0x0000003c   Code   RO         1631    .text               c_wu.l(vsnprintf.o)
    0x00000348   0x00000348   0x00000040   Code   RO         1635    .text               c_wu.l(__2snprintf.o)
    0x00000388   0x00000388   0x0000004e   Code   RO         1643    .text               c_wu.l(_printf_pad.o)
    0x000003d6   0x000003d6   0x00000052   Code   RO         1645    .text               c_wu.l(_printf_str.o)
    0x00000428   0x00000428   0x00000078   Code   RO         1647    .text               c_wu.l(_printf_dec.o)
    0x000004a0   0x000004a0   0x00000094   Code   RO         1667    .text               c_wu.l(_printf_hex_int_ll_ptr.o)
    0x00000534   0x00000534   0x00000188   Code   RO         1688    .text               c_wu.l(__printf_flags_ss_wp.o)
    0x000006bc   0x000006bc   0x00000070   Code   RO         1704    .text               c_wu.l(strtol.o)
    0x0000072c   0x0000072c   0x00000072   Code   RO         1706    .text               c_wu.l(strtoul.o)
    0x0000079e   0x0000079e   0x00000014   Code   RO         1708    .text               c_wu.l(strchr.o)
    0x000007b2   0x000007b2   0x00000024   Code   RO         1710    .text               c_wu.l(strstr.o)
    0x000007d6   0x000007d6   0x0000003e   Code   RO         1714    .text               c_wu.l(strlen.o)
    0x00000814   0x00000814   0x0000008a   Code   RO         1716    .text               c_wu.l(rt_memcpy_v6.o)
    0x0000089e   0x0000089e   0x00000064   Code   RO         1718    .text               c_wu.l(rt_memcpy_w.o)
    0x00000902   0x00000902   0x00000044   Code   RO         1720    .text               c_wu.l(rt_memclr.o)
    0x00000946   0x00000946   0x0000004e   Code   RO         1722    .text               c_wu.l(rt_memclr_w.o)
    0x00000994   0x00000994   0x00000056   Code   RO         1724    .text               c_wu.l(strncpy.o)
    0x000009ea   0x000009ea   0x00000006   PAD
    0x000009f0   0x000009f0   0x0000007c   Code   RO         1726    .text               c_wu.l(strcmpv8m_maindsp.o)
    0x00000a6c   0x00000a6c   0x00000008   Code   RO         1736    .text               c_wu.l(rt_locale.o)
    0x00000a74   0x00000a74   0x00000008   Code   RO         1741    .text               c_wu.l(rt_errno_addr.o)
    0x00000a7c   0x00000a7c   0x00000024   Code   RO         1746    .text               c_wu.l(_printf_truncate.o)
    0x00000aa0   0x00000aa0   0x000000b2   Code   RO         1748    .text               c_wu.l(_printf_intcommon.o)
    0x00000b52   0x00000b52   0x00000028   Code   RO         1750    .text               c_wu.l(_printf_charcount.o)
    0x00000b7a   0x00000b7a   0x00000002   PAD
    0x00000b7c   0x00000b7c   0x00000030   Code   RO         1752    .text               c_wu.l(_printf_char_common.o)
    0x00000bac   0x00000bac   0x00000010   Code   RO         1756    .text               c_wu.l(_snputc.o)
    0x00000bbc   0x00000bbc   0x0000002c   Code   RO         1758    .text               c_wu.l(_printf_char.o)
    0x00000be8   0x00000be8   0x000000bc   Code   RO         1760    .text               c_wu.l(_printf_wctomb.o)
    0x00000ca4   0x00000ca4   0x0000007c   Code   RO         1763    .text               c_wu.l(_printf_longlong_dec.o)
    0x00000d20   0x00000d20   0x00000070   Code   RO         1769    .text               c_wu.l(_printf_oct_int_ll.o)
    0x00000d90   0x00000d90   0x0000001c   Code   RO         1790    .text               c_wu.l(_chval.o)
    0x00000dac   0x00000dac   0x0000009e   Code   RO         1800    .text               c_wu.l(_strtoul.o)
    0x00000e4a   0x00000e4a   0x0000008a   Code   RO         1821    .text               c_wu.l(lludiv10.o)
    0x00000ed4   0x00000ed4   0x0000041c   Code   RO         1825    .text               c_wu.l(_printf_fp_dec.o)
    0x000012f0   0x000012f0   0x000002fc   Code   RO         1829    .text               c_wu.l(_printf_fp_hex.o)
    0x000015ec   0x000015ec   0x0000002c   Code   RO         1834    .text               c_wu.l(_printf_wchar.o)
    0x00001618   0x00001618   0x000000e4   Code   RO         1838    .text               c_wu.l(bigflt0.o)
    0x000016fc   0x000016fc   0x00000048   Code   RO         1866    .text               c_wu.l(_c32rtomb.o)
    0x00001744   0x00001744   0x00000080   Code   RO         1940    .text               c_wu.l(_printf_fp_infnan.o)
    0x000017c4   0x000017c4   0x00000004   Code   RO         1041    .text.Default_Handler  startup.o
    0x000017c8   0x000017c8   0x00000010   Code   RO          385    .text.FT6336_OnInterrupt  drv_touch.o
    0x000017d8   0x000017d8   0x00000040   Code   RO         1130    .text.NMI_Handler   bsp_group_irq.o
    0x00001818   0x00001818   0x00000006   Code   RO          727    .text.OUTLINED_FUNCTION_0  app_main.o
    0x0000181e   0x0000181e   0x0000000a   Code   RO          909    .text.OUTLINED_FUNCTION_0  w800_at_1.o
    0x00001828   0x00001828   0x00000008   Code   RO          957    .text.OUTLINED_FUNCTION_0  w800_socket.o
    0x00001830   0x00001830   0x00000008   Code   RO         1011    .text.OUTLINED_FUNCTION_0  w800_wifi.o
    0x00001838   0x00001838   0x0000000a   Code   RO         1382    .text.OUTLINED_FUNCTION_0  r_ioport.o
    0x00001842   0x00001842   0x00000016   Code   RO         1421    .text.OUTLINED_FUNCTION_0  r_sci_i2c.o
    0x00001858   0x00001858   0x00000018   Code   RO         1474    .text.OUTLINED_FUNCTION_0  r_sci_uart.o
    0x00001870   0x00001870   0x00000008   Code   RO          911    .text.OUTLINED_FUNCTION_1  w800_at_1.o
    0x00001878   0x00001878   0x0000000a   Code   RO          959    .text.OUTLINED_FUNCTION_1  w800_socket.o
    0x00001882   0x00001882   0x00000008   Code   RO         1013    .text.OUTLINED_FUNCTION_1  w800_wifi.o
    0x0000188a   0x0000188a   0x0000000e   Code   RO         1423    .text.OUTLINED_FUNCTION_1  r_sci_i2c.o
    0x00001898   0x00001898   0x00000012   Code   RO         1476    .text.OUTLINED_FUNCTION_1  r_sci_uart.o
    0x000018aa   0x000018aa   0x00000008   Code   RO          913    .text.OUTLINED_FUNCTION_2  w800_at_1.o
    0x000018b2   0x000018b2   0x00000008   Code   RO          961    .text.OUTLINED_FUNCTION_2  w800_socket.o
    0x000018ba   0x000018ba   0x0000000a   Code   RO         1015    .text.OUTLINED_FUNCTION_2  w800_wifi.o
    0x000018c4   0x000018c4   0x00000006   Code   RO          915    .text.OUTLINED_FUNCTION_3  w800_at_1.o
    0x000018ca   0x000018ca   0x00000006   Code   RO          963    .text.OUTLINED_FUNCTION_3  w800_socket.o
    0x000018d0   0x000018d0   0x0000000a   Code   RO         1017    .text.OUTLINED_FUNCTION_3  w800_wifi.o
    0x000018da   0x000018da   0x00000008   Code   RO          917    .text.OUTLINED_FUNCTION_4  w800_at_1.o
    0x000018e2   0x000018e2   0x0000000a   Code   RO          965    .text.OUTLINED_FUNCTION_4  w800_socket.o
    0x000018ec   0x000018ec   0x0000000a   Code   RO          919    .text.OUTLINED_FUNCTION_5  w800_at_1.o
    0x000018f6   0x000018f6   0x00000006   Code   RO          967    .text.OUTLINED_FUNCTION_5  w800_socket.o
    0x000018fc   0x000018fc   0x00000074   Code   RO         1088    .text.R_BSP_Init_RTC  bsp_clocks.o
    0x00001970   0x00001970   0x0000003c   Code   RO         1456    .text.R_BSP_IrqEnable  r_sci_uart.o
    0x000019ac   0x000019ac   0x0000002c   Code   RO         1380    .text.R_BSP_PinAccessDisable  r_ioport.o
    0x000019d8   0x000019d8   0x00000030   Code   RO         1376    .text.R_BSP_PinAccessEnable  r_ioport.o
    0x00001a08   0x00001a08   0x00000038   Code   RO         1165    .text.R_BSP_RegisterProtectDisable  bsp_register_protection.o
    0x00001a40   0x00001a40   0x00000048   Code   RO         1163    .text.R_BSP_RegisterProtectEnable  bsp_register_protection.o
    0x00001a88   0x00001a88   0x0000006c   Code   RO         1116    .text.R_BSP_SoftwareDelay  bsp_delay.o
    0x00001af4   0x00001af4   0x00000002   Code   RO         1082    .text.R_BSP_SubClockStabilizeWaitAfterReset  bsp_clocks.o
    0x00001af6   0x00001af6   0x00000002   PAD
    0x00001af8   0x00001af8   0x00000018   Code   RO          417    .text.R_BSP_WarmStart  hal_entry.o
    0x00001b10   0x00001b10   0x00000008   Code   RO         1348    .text.R_IOPORT_Close  r_ioport.o
    0x00001b18   0x00001b18   0x00000014   Code   RO         1346    .text.R_IOPORT_Open  r_ioport.o
    0x00001b2c   0x00001b2c   0x00000032   Code   RO         1352    .text.R_IOPORT_PinCfg  r_ioport.o
    0x00001b5e   0x00001b5e   0x00000002   PAD
    0x00001b60   0x00001b60   0x00000024   Code   RO         1354    .text.R_IOPORT_PinEventInputRead  r_ioport.o
    0x00001b84   0x00001b84   0x00000038   Code   RO         1356    .text.R_IOPORT_PinEventOutputWrite  r_ioport.o
    0x00001bbc   0x00001bbc   0x00000020   Code   RO         1358    .text.R_IOPORT_PinRead  r_ioport.o
    0x00001bdc   0x00001bdc   0x00000028   Code   RO         1360    .text.R_IOPORT_PinWrite  r_ioport.o
    0x00001c04   0x00001c04   0x0000000c   Code   RO         1350    .text.R_IOPORT_PinsCfg  r_ioport.o
    0x00001c10   0x00001c10   0x00000024   Code   RO         1362    .text.R_IOPORT_PortDirectionSet  r_ioport.o
    0x00001c34   0x00001c34   0x00000014   Code   RO         1364    .text.R_IOPORT_PortEventInputRead  r_ioport.o
    0x00001c48   0x00001c48   0x00000020   Code   RO         1366    .text.R_IOPORT_PortEventOutputWrite  r_ioport.o
    0x00001c68   0x00001c68   0x00000018   Code   RO         1368    .text.R_IOPORT_PortRead  r_ioport.o
    0x00001c80   0x00001c80   0x00000020   Code   RO         1370    .text.R_IOPORT_PortWrite  r_ioport.o
    0x00001ca0   0x00001ca0   0x00000022   Code   RO         1444    .text.R_SCI_UART_Abort  r_sci_uart.o
    0x00001cc2   0x00001cc2   0x00000002   PAD
    0x00001cc4   0x00001cc4   0x00000154   Code   RO         1460    .text.R_SCI_UART_BaudCalculate  r_sci_uart.o
    0x00001e18   0x00001e18   0x0000003e   Code   RO         1440    .text.R_SCI_UART_BaudSet  r_sci_uart.o
    0x00001e56   0x00001e56   0x0000000a   Code   RO         1446    .text.R_SCI_UART_CallbackSet  r_sci_uart.o
    0x00001e60   0x00001e60   0x0000006c   Code   RO         1448    .text.R_SCI_UART_Close  r_sci_uart.o
    0x00001ecc   0x00001ecc   0x0000000c   Code   RO         1442    .text.R_SCI_UART_InfoGet  r_sci_uart.o
    0x00001ed8   0x00001ed8   0x000001ac   Code   RO         1434    .text.R_SCI_UART_Open  r_sci_uart.o
    0x00002084   0x00002084   0x00000008   Code   RO         1436    .text.R_SCI_UART_Read  r_sci_uart.o
    0x0000208c   0x0000208c   0x0000000c   Code   RO         1450    .text.R_SCI_UART_ReadStop  r_sci_uart.o
    0x00002098   0x00002098   0x00000004   Code   RO         1454    .text.R_SCI_UART_ReceiveResume  r_sci_uart.o
    0x0000209c   0x0000209c   0x00000004   Code   RO         1452    .text.R_SCI_UART_ReceiveSuspend  r_sci_uart.o
    0x000020a0   0x000020a0   0x00000042   Code   RO         1438    .text.R_SCI_UART_Write  r_sci_uart.o
    0x000020e2   0x000020e2   0x0000000a   Code   RO         1039  * .text.Reset_Handler  startup.o
    0x000020ec   0x000020ec   0x00000028   Code   RO         1072    .text.SystemCoreClockUpdate  bsp_clocks.o
    0x00002114   0x00002114   0x0000009c   Code   RO         1053    .text.SystemInit    system.o
    0x000021b0   0x000021b0   0x0000004c   Code   RO         1057    .text.SystemRuntimeInit  system.o
    0x000021fc   0x000021fc   0x00000074   Code   RO          721    .text.app_main_init  app_main.o
    0x00002270   0x00002270   0x00000598   Code   RO          723    .text.app_main_poll  app_main.o
    0x00002808   0x00002808   0x00000034   Code   RO          482    .text.audio_debug_only_init  audio_capture.o
    0x0000283c   0x0000283c   0x00000006   Code   RO          456    .text.audio_debug_write_bytes_blocking  audio_capture.o
    0x00002842   0x00002842   0x00000002   PAD
    0x00002844   0x00002844   0x000000f8   Code   RO         1078    .text.bsp_clock_init  bsp_clocks.o
    0x0000293c   0x0000293c   0x00000002   Code   RO         1099    .text.bsp_init_internal  bsp_common.o
    0x0000293e   0x0000293e   0x00000002   PAD
    0x00002940   0x00002940   0x00000080   Code   RO         1149    .text.bsp_irq_cfg   bsp_irq.o
    0x000029c0   0x000029c0   0x00000008   Code   RO         1118    .text.bsp_prv_software_delay_loop  bsp_delay.o
    0x000029c8   0x000029c8   0x000000cc   Code   RO         1374    .text.bsp_vbatt_init  r_ioport.o
    0x00002a94   0x00002a94   0x00000030   Code   RO          725    .text.contains_ipv4  app_main.o
    0x00002ac4   0x00002ac4   0x00000014   Code   RO          415    .text.hal_entry     hal_entry.o
    0x00002ad8   0x00002ad8   0x00000014   Code   RO          490    .text.key_irq6_isr  audio_capture.o
    0x00002aec   0x00002aec   0x00000016   Code   RO          893    .text.line_has      w800_at_1.o
    0x00002b02   0x00002b02   0x00000002   PAD
    0x00002b04   0x00002b04   0x00000040   Code   RO          889    .text.line_is_err   w800_at_1.o
    0x00002b44   0x00002b44   0x00000030   Code   RO          887    .text.line_is_ok    w800_at_1.o
    0x00002b74   0x00002b74   0x0000000a   Code   RO         1599    .text.main          main.o
    0x00002b7e   0x00002b7e   0x00000018   Code   RO          809    .text.mvp_log_printf  log.o
    0x00002b96   0x00002b96   0x00000002   PAD
    0x00002b98   0x00002b98   0x00000078   Code   RO          807    .text.mvp_log_vprintf  log.o
    0x00002c10   0x00002c10   0x00000060   Code   RO          863    .text.mvp_now_ms    w800_at_1.o
    0x00002c70   0x00002c70   0x00000002   Code   RO          907    .text.mvp_uart5_callback  w800_at_1.o
    0x00002c72   0x00002c72   0x00000002   PAD
    0x00002c74   0x00002c74   0x00000068   Code   RO          903    .text.mvp_uart6_callback  w800_at_1.o
    0x00002cdc   0x00002cdc   0x00000060   Code   RO          937    .text.parse_ok_value  w800_socket.o
    0x00002d3c   0x00002d3c   0x00000078   Code   RO          945    .text.parse_sksnd_ok_value  w800_socket.o
    0x00002db4   0x00002db4   0x00000038   Code   RO         1378    .text.r_ioport_pfs_write  r_ioport.o
    0x00002dec   0x00002dec   0x00000030   Code   RO         1372    .text.r_ioport_pins_config  r_ioport.o
    0x00002e1c   0x00002e1c   0x00000048   Code   RO         1472    .text.r_sci_irq_cfg  r_sci_uart.o
    0x00002e64   0x00002e64   0x0000002a   Code   RO         1458    .text.r_sci_uart_baud_set  r_sci_uart.o
    0x00002e8e   0x00002e8e   0x0000003a   Code   RO         1464    .text.r_sci_uart_call_callback  r_sci_uart.o
    0x00002ec8   0x00002ec8   0x0000002c   Code   RO         1517    .text.r_ssi_call_callback  r_ssi.o
    0x00002ef4   0x00002ef4   0x0000007e   Code   RO         1521    .text.r_ssi_fifo_read  r_ssi.o
    0x00002f72   0x00002f72   0x00000002   PAD
    0x00002f74   0x00002f74   0x00000054   Code   RO         1513    .text.r_ssi_stop_sub  r_ssi.o
    0x00002fc8   0x00002fc8   0x000000bc   Code   RO          935    .text.read_until_ok_line  w800_socket.o
    0x00003084   0x00003084   0x00000028   Code   RO          985    .text.run_simple_cmd  w800_wifi.o
    0x000030ac   0x000030ac   0x0000002c   Code   RO         1413    .text.sci_i2c_notify  r_sci_i2c.o
    0x000030d8   0x000030d8   0x000000cc   Code   RO         1417    .text.sci_i2c_tei_isr  r_sci_i2c.o
    0x000031a4   0x000031a4   0x00000100   Code   RO         1415    .text.sci_i2c_txi_isr  r_sci_i2c.o
    0x000032a4   0x000032a4   0x00000054   Code   RO         1470    .text.sci_uart_eri_isr  r_sci_uart.o
    0x000032f8   0x000032f8   0x00000078   Code   RO         1466    .text.sci_uart_rxi_isr  r_sci_uart.o
    0x00003370   0x00003370   0x00000038   Code   RO         1468    .text.sci_uart_tei_isr  r_sci_uart.o
    0x000033a8   0x000033a8   0x00000080   Code   RO         1462    .text.sci_uart_txi_isr  r_sci_uart.o
    0x00003428   0x00003428   0x00000006   Code   RO          741    .text.speaker_demo_client_init  cloud_speaker_demo_client.o
    0x0000342e   0x0000342e   0x00000002   PAD
    0x00003430   0x00003430   0x0000033c   Code   RO          743    .text.speaker_demo_client_send_clip  cloud_speaker_demo_client.o
    0x0000376c   0x0000376c   0x0000005c   Code   RO         1523    .text.ssi_int_isr   r_ssi.o
    0x000037c8   0x000037c8   0x00000040   Code   RO         1519    .text.ssi_rxi_isr   r_ssi.o
    0x00003808   0x00003808   0x000000c8   Code   RO         1515    .text.ssi_txi_isr   r_ssi.o
    0x000038d0   0x000038d0   0x00000004   Code   RO          819    .text.test_audio_clip_count  test_audio_data.o
    0x000038d4   0x000038d4   0x00000018   Code   RO          821    .text.test_audio_get_clip  test_audio_data.o
    0x000038ec   0x000038ec   0x00000004   Code   RO          680    .text.uart5_callback  w800_at.o
    0x000038f0   0x000038f0   0x00000080   Code   RO          682    .text.uart6_callback  w800_at.o
    0x00003970   0x00003970   0x00000070   Code   RO          494    .text.uart7_callback  audio_capture.o
    0x000039e0   0x000039e0   0x00000060   Code   RO          454    .text.uart7_write_bytes_internal  audio_capture.o
    0x00003a40   0x00003a40   0x0000002c   Code   RO          867    .text.uart_open_if_needed  w800_at_1.o
    0x00003a6c   0x00003a6c   0x0000000a   Code   RO          849    .text.uart_ringbuf_clear  uart_ringbuf.o
    0x00003a76   0x00003a76   0x00000016   Code   RO          837    .text.uart_ringbuf_init  uart_ringbuf.o
    0x00003a8c   0x00003a8c   0x00000032   Code   RO          841    .text.uart_ringbuf_pop  uart_ringbuf.o
    0x00003abe   0x00003abe   0x00000042   Code   RO          839    .text.uart_ringbuf_push  uart_ringbuf.o
    0x00003b00   0x00003b00   0x000000fc   Code   RO          979    .text.w800_basic_check  w800_wifi.o
    0x00003bfc   0x00003bfc   0x000000b4   Code   RO          899    .text.w800_cmd_collect  w800_at_1.o
    0x00003cb0   0x00003cb0   0x00000018   Code   RO         1007    .text.w800_get_link_status  w800_wifi.o
    0x00003cc8   0x00003cc8   0x00000050   Code   RO          905    .text.w800_hw_reset  w800_at_1.o
    0x00003d18   0x00003d18   0x00000060   Code   RO          869    .text.w800_init     w800_at_1.o
    0x00003d78   0x00003d78   0x00000018   Code   RO         1003    .text.w800_join_ap  w800_wifi.o
    0x00003d90   0x00003d90   0x00000004   Code   RO          861    .text.w800_now_ms   w800_at_1.o
    0x00003d94   0x00003d94   0x00000084   Code   RO          881    .text.w800_read_bytes_any  w800_at_1.o
    0x00003e18   0x00003e18   0x00000064   Code   RO          879    .text.w800_read_bytes_exact  w800_at_1.o
    0x00003e7c   0x00003e7c   0x0000008c   Code   RO          883    .text.w800_read_response  w800_at_1.o
    0x00003f08   0x00003f08   0x00000010   Code   RO          983    .text.w800_reset    w800_wifi.o
    0x00003f18   0x00003f18   0x00000014   Code   RO         1001    .text.w800_save_config  w800_wifi.o
    0x00003f2c   0x00003f2c   0x00000008   Code   RO          895    .text.w800_send_cmd  w800_at_1.o
    0x00003f34   0x00003f34   0x0000009c   Code   RO          891    .text.w800_send_cmd_multi  w800_at_1.o
    0x00003fd0   0x00003fd0   0x00000040   Code   RO          865    .text.w800_set_baud  w800_at_1.o
    0x00004010   0x00004010   0x00000014   Code   RO          999    .text.w800_set_dhcp  w800_wifi.o
    0x00004024   0x00004024   0x0000008c   Code   RO          981    .text.w800_set_echo  w800_wifi.o
    0x000040b0   0x000040b0   0x00000038   Code   RO          995    .text.w800_set_key_ascii  w800_wifi.o
    0x000040e8   0x000040e8   0x00000014   Code   RO          987    .text.w800_set_mode_sta  w800_wifi.o
    0x000040fc   0x000040fc   0x00000034   Code   RO          991    .text.w800_set_ssid  w800_wifi.o
    0x00004130   0x00004130   0x00000038   Code   RO          951    .text.w800_socket_close  w800_socket.o
    0x00004168   0x00004168   0x00000100   Code   RO          939    .text.w800_socket_get_status  w800_socket.o
    0x00004268   0x00004268   0x0000022c   Code   RO          933    .text.w800_socket_open_tcp  w800_socket.o
    0x00004494   0x00004494   0x00000094   Code   RO          949    .text.w800_socket_recv  w800_socket.o
    0x00004528   0x00004528   0x00000314   Code   RO          947    .text.w800_socket_send_two  w800_socket.o
    0x0000483c   0x0000483c   0x0000003c   Code   RO          953    .text.w800_socket_set_report_mode  w800_socket.o
    0x00004878   0x00004878   0x00000010   Code   RO          871    .text.w800_uart_drain_rx  w800_at_1.o
    0x00004888   0x00004888   0x0000000c   Code   RO          875    .text.w800_uart_rx_byte  w800_at_1.o
    0x00004894   0x00004894   0x00000108   Code   RO          901    .text.w800_wait_for_user_task  w800_at_1.o
    0x0000499c   0x0000499c   0x000000a8   Code   RO          877    .text.w800_write_raw  w800_at_1.o
    0x00004a44   0x00004a44   0x0000003e   Code   RO         1841    CL$$btod_d2e        c_wu.l(btod.o)
    0x00004a82   0x00004a82   0x00000046   Code   RO         1843    CL$$btod_d2e_denorm_low  c_wu.l(btod.o)
    0x00004ac8   0x00004ac8   0x00000060   Code   RO         1842    CL$$btod_d2e_norm_op1  c_wu.l(btod.o)
    0x00004b28   0x00004b28   0x00000338   Code   RO         1851    CL$$btod_div_common  c_wu.l(btod.o)
    0x00004e60   0x00004e60   0x000000dc   Code   RO         1848    CL$$btod_e2e        c_wu.l(btod.o)
    0x00004f3c   0x00004f3c   0x0000002a   Code   RO         1845    CL$$btod_ediv       c_wu.l(btod.o)
    0x00004f66   0x00004f66   0x0000002a   Code   RO         1844    CL$$btod_emul       c_wu.l(btod.o)
    0x00004f90   0x00004f90   0x00000244   Code   RO         1850    CL$$btod_mult_common  c_wu.l(btod.o)
    0x000051d4   0x000051d4   0x00000030   Code   RO         1964    i.__ARM_fpclassify  m_wm.l(fpclassify.o)
    0x00005204   0x00005204   0x0000000e   Code   RO         1681    i._is_digit         c_wu.l(__printf_wp.o)
    0x00005212   0x00005212   0x00000002   PAD
    0x00005214   0x00005214   0x0000002c   Code   RO         1803    locale$$code        c_wu.l(lc_ctype_c.o)
    0x00005240   0x00005240   0x0000002c   Code   RO         1869    locale$$code        c_wu.l(lc_numeric_c.o)
    0x0000526c   0x0000526c   0x00000004   Code   RO         1805    x$fpl$printf1       fz_wm.l(printf1.o)
    0x00005270   0x00005270   0x00000004   Code   RO         1807    x$fpl$printf2       fz_wm.l(printf2.o)
    0x00005274   0x00005274   0x00000000   Code   RO         1813    x$fpl$usenofp       fz_wm.l(usenofp.o)
    0x00005274   0x00005274   0x00000028   Data   RO         1668    .constdata          c_wu.l(_printf_hex_int_ll_ptr.o)
    0x0000529c   0x0000529c   0x00000011   Data   RO         1689    .constdata          c_wu.l(__printf_flags_ss_wp.o)
    0x000052ad   0x000052ad   0x00000003   PAD
    0x000052b0   0x000052b0   0x00000008   Data   RO         1761    .constdata          c_wu.l(_printf_wctomb.o)
    0x000052b8   0x000052b8   0x00000026   Data   RO         1830    .constdata          c_wu.l(_printf_fp_hex.o)
    0x000052de   0x000052de   0x00000002   PAD
    0x000052e0   0x000052e0   0x00000094   Data   RO         1839    .constdata          c_wu.l(bigflt0.o)
    0x00005374   0x00005374   0x00000080   Data   RO         1222    .rodata.copy_list   bsp_linker.o
    0x000053f4   0x000053f4   0x0000000d   Data   RO         1479    .rodata.g_async_baud  r_sci_uart.o
    0x00005401   0x00005401   0x00000003   PAD
    0x00005404   0x00005404   0x0000000c   Data   RO         1609    .rodata.g_bsp_pin_cfg  pin_data.o
    0x00005410   0x00005410   0x00000080   Data   RO         1608    .rodata.g_bsp_pin_cfg_data  pin_data.o
    0x00005490   0x00005490   0x0000001a   Data   RO         1480    .rodata.g_div_coefficient  r_sci_uart.o
    0x000054aa   0x000054aa   0x00000002   PAD
    0x000054ac   0x000054ac   0x00000018   Data   RO         1224    .rodata.g_init_info  bsp_linker.o
    0x000054c4   0x000054c4   0x00000048   Data   RO         1616    .rodata.g_interrupt_event_link_select  vector_data.o
    0x0000550c   0x0000550c   0x0000000c   Data   RO         1543    .rodata.g_ioport    common_data.o
    0x00005518   0x00005518   0x00000034   Data   RO         1384    .rodata.g_ioport_on_ioport  r_ioport.o
    0x0000554c   0x0000554c   0x0000000a   Data   RO         1168    .rodata.g_prcr_masks  bsp_register_protection.o
    0x00005556   0x00005556   0x00000002   PAD
    0x00005558   0x00005558   0x0000000c   Data   RO         1564    .rodata.g_uart5     hal_data.o
    0x00005564   0x00005564   0x00000044   Data   RO         1562    .rodata.g_uart5_cfg  hal_data.o
    0x000055a8   0x000055a8   0x0000002c   Data   RO         1561    .rodata.g_uart5_cfg_extend  hal_data.o
    0x000055d4   0x000055d4   0x0000000c   Data   RO         1569    .rodata.g_uart6     hal_data.o
    0x000055e0   0x000055e0   0x00000044   Data   RO         1567    .rodata.g_uart6_cfg  hal_data.o
    0x00005624   0x00005624   0x0000002c   Data   RO         1566    .rodata.g_uart6_cfg_extend  hal_data.o
    0x00005650   0x00005650   0x0000000c   Data   RO         1574    .rodata.g_uart7     hal_data.o
    0x0000565c   0x0000565c   0x00000044   Data   RO         1572    .rodata.g_uart7_cfg  hal_data.o
    0x000056a0   0x000056a0   0x0000002c   Data   RO         1571    .rodata.g_uart7_cfg_extend  hal_data.o
    0x000056cc   0x000056cc   0x0000002c   Data   RO         1478    .rodata.g_uart_on_sci  r_sci_uart.o
    0x000056f8   0x000056f8   0x00000004   Data   RO         1190    .rodata.gp_ddsc_DATA_FLASH_END  bsp_linker.o
    0x000056fc   0x000056fc   0x00000004   Data   RO         1189    .rodata.gp_ddsc_DATA_FLASH_START  bsp_linker.o
    0x00005700   0x00005700   0x00000004   Data   RO         1192    .rodata.gp_ddsc_FLASH_END  bsp_linker.o
    0x00005704   0x00005704   0x00000004   Data   RO         1191    .rodata.gp_ddsc_FLASH_START  bsp_linker.o
    0x00005708   0x00005708   0x00000004   Data   RO         1202    .rodata.gp_ddsc_OPTION_SETTING_BANKSEL_END  bsp_linker.o
    0x0000570c   0x0000570c   0x00000004   Data   RO         1210    .rodata.gp_ddsc_OPTION_SETTING_BANKSEL_SEC_END  bsp_linker.o
    0x00005710   0x00005710   0x00000004   Data   RO         1209    .rodata.gp_ddsc_OPTION_SETTING_BANKSEL_SEC_START  bsp_linker.o
    0x00005714   0x00005714   0x00000004   Data   RO         1218    .rodata.gp_ddsc_OPTION_SETTING_BANKSEL_SEL_END  bsp_linker.o
    0x00005718   0x00005718   0x00000004   Data   RO         1217    .rodata.gp_ddsc_OPTION_SETTING_BANKSEL_SEL_START  bsp_linker.o
    0x0000571c   0x0000571c   0x00000004   Data   RO         1201    .rodata.gp_ddsc_OPTION_SETTING_BANKSEL_START  bsp_linker.o
    0x00005720   0x00005720   0x00000004   Data   RO         1204    .rodata.gp_ddsc_OPTION_SETTING_BPS_END  bsp_linker.o
    0x00005724   0x00005724   0x00000004   Data   RO         1212    .rodata.gp_ddsc_OPTION_SETTING_BPS_SEC_END  bsp_linker.o
    0x00005728   0x00005728   0x00000004   Data   RO         1211    .rodata.gp_ddsc_OPTION_SETTING_BPS_SEC_START  bsp_linker.o
    0x0000572c   0x0000572c   0x00000004   Data   RO         1220    .rodata.gp_ddsc_OPTION_SETTING_BPS_SEL_END  bsp_linker.o
    0x00005730   0x00005730   0x00000004   Data   RO         1219    .rodata.gp_ddsc_OPTION_SETTING_BPS_SEL_START  bsp_linker.o
    0x00005734   0x00005734   0x00000004   Data   RO         1203    .rodata.gp_ddsc_OPTION_SETTING_BPS_START  bsp_linker.o
    0x00005738   0x00005738   0x00000004   Data   RO         1198    .rodata.gp_ddsc_OPTION_SETTING_DUALSEL_END  bsp_linker.o
    0x0000573c   0x0000573c   0x00000004   Data   RO         1197    .rodata.gp_ddsc_OPTION_SETTING_DUALSEL_START  bsp_linker.o
    0x00005740   0x00005740   0x00000004   Data   RO         1196    .rodata.gp_ddsc_OPTION_SETTING_OFS0_END  bsp_linker.o
    0x00005744   0x00005744   0x00000004   Data   RO         1195    .rodata.gp_ddsc_OPTION_SETTING_OFS0_START  bsp_linker.o
    0x00005748   0x00005748   0x00000004   Data   RO         1200    .rodata.gp_ddsc_OPTION_SETTING_OFS1_END  bsp_linker.o
    0x0000574c   0x0000574c   0x00000004   Data   RO         1208    .rodata.gp_ddsc_OPTION_SETTING_OFS1_SEC_END  bsp_linker.o
    0x00005750   0x00005750   0x00000004   Data   RO         1207    .rodata.gp_ddsc_OPTION_SETTING_OFS1_SEC_START  bsp_linker.o
    0x00005754   0x00005754   0x00000004   Data   RO         1216    .rodata.gp_ddsc_OPTION_SETTING_OFS1_SEL_END  bsp_linker.o
    0x00005758   0x00005758   0x00000004   Data   RO         1215    .rodata.gp_ddsc_OPTION_SETTING_OFS1_SEL_START  bsp_linker.o
    0x0000575c   0x0000575c   0x00000004   Data   RO         1199    .rodata.gp_ddsc_OPTION_SETTING_OFS1_START  bsp_linker.o
    0x00005760   0x00005760   0x00000004   Data   RO         1206    .rodata.gp_ddsc_OPTION_SETTING_PBPS_END  bsp_linker.o
    0x00005764   0x00005764   0x00000004   Data   RO         1214    .rodata.gp_ddsc_OPTION_SETTING_PBPS_SEC_END  bsp_linker.o
    0x00005768   0x00005768   0x00000004   Data   RO         1213    .rodata.gp_ddsc_OPTION_SETTING_PBPS_SEC_START  bsp_linker.o
    0x0000576c   0x0000576c   0x00000004   Data   RO         1205    .rodata.gp_ddsc_OPTION_SETTING_PBPS_START  bsp_linker.o
    0x00005770   0x00005770   0x00000004   Data   RO         1188    .rodata.gp_ddsc_OSPI0_CS0_END  bsp_linker.o
    0x00005774   0x00005774   0x00000004   Data   RO         1187    .rodata.gp_ddsc_OSPI0_CS0_START  bsp_linker.o
    0x00005778   0x00005778   0x00000004   Data   RO         1186    .rodata.gp_ddsc_OSPI0_CS1_END  bsp_linker.o
    0x0000577c   0x0000577c   0x00000004   Data   RO         1185    .rodata.gp_ddsc_OSPI0_CS1_START  bsp_linker.o
    0x00005780   0x00005780   0x00000004   Data   RO         1184    .rodata.gp_ddsc_QSPI_FLASH_END  bsp_linker.o
    0x00005784   0x00005784   0x00000004   Data   RO         1183    .rodata.gp_ddsc_QSPI_FLASH_START  bsp_linker.o
    0x00005788   0x00005788   0x00000004   Data   RO         1194    .rodata.gp_ddsc_RAM_END  bsp_linker.o
    0x0000578c   0x0000578c   0x00000004   Data   RO         1193    .rodata.gp_ddsc_RAM_START  bsp_linker.o
    0x00005790   0x00005790   0x00000010   Data   RO         1223    .rodata.nocache_list  bsp_linker.o
    0x000057a0   0x000057a0   0x0002e02c   Data   RO          825    .rodata.s_clip_0    test_audio_data.o
    0x000337cc   0x000337cc   0x0002ead8   Data   RO          826    .rodata.s_clip_1    test_audio_data.o
    0x000622a4   0x000622a4   0x0002ead8   Data   RO          827    .rodata.s_clip_2    test_audio_data.o
    0x00090d7c   0x00090d7c   0x0002ead8   Data   RO          828    .rodata.s_clip_3    test_audio_data.o
    0x000bf854   0x000bf854   0x00000060   Data   RO          823    .rodata.s_test_audio_clips  test_audio_data.o
    0x000bf8b4   0x000bf8b4   0x000004c7   Data   RO          706    .rodata.str1.1      w800_at.o
    0x000bfd7b   0x000bfd7b   0x00000481   Data   RO          731    .rodata.str1.1      app_main.o
    0x000c01fc   0x000c01fc   0x00000044   Data   RO          745    .rodata.str1.1      cloud_speaker_demo_client.o
    0x000c0240   0x000c0240   0x0000003d   Data   RO          824    .rodata.str1.1      test_audio_data.o
    0x000c027d   0x000c027d   0x000002a5   Data   RO          970    .rodata.str1.1      w800_socket.o
    0x000c0522   0x000c0522   0x00000002   PAD
    0x000c0524   0x000c0524   0x00000018   Data   RO         1019    .rodata.w800_basic_check.k_baud_probe_list  w800_wifi.o
    0x000c053c   0x000c053c   0x00000030   Data   RO         1221    .rodata.zero_list   bsp_linker.o
    0x000c056c   0x000c056c   0x00000004   Data   RO         1105    .version            bsp_common.o
    0x000c0570   0x000c0570   0x00000006   Data   RO         1106    .version            bsp_common.o
    0x000c0576   0x000c0576   0x00000044   Data   RO         1107    .version            bsp_common.o
    0x000c05ba   0x000c05ba   0x00000002   PAD
    0x000c05bc   0x000c05bc   0x00000110   Data   RO         1802    locale$$data        c_wu.l(lc_ctype_c.o)
    0x000c06cc   0x000c06cc   0x0000001c   Data   RO         1868    locale$$data        c_wu.l(lc_numeric_c.o)


    Execution Region __init_array_start (Exec base: 0x000c06e8, Load base: 0x000c06e8, Size: 0x00000000, Max: 0x00000000, ABSOLUTE)

    Exec Addr    Load Addr    Size         Type   Attr      Idx    E Section Name        Object

    0x000c06e8        -       0x00000000   Zero   RW           48    __init_array_start.bss  anon$$obj.o


    Execution Region __flash_init_array (Exec base: 0x000c06e8, Load base: 0x000c06e8, Size: 0x00000000, Max: 0xffffffff, ABSOLUTE, FIXED)

    **** No section assigned to this execution region ****


    Execution Region __init_array_end (Exec base: 0x000c06e8, Load base: 0x000c06e8, Size: 0x00000000, Max: 0x00000000, ABSOLUTE)

    Exec Addr    Load Addr    Size         Type   Attr      Idx    E Section Name        Object

    0x000c06e8        -       0x00000000   Zero   RW           49    __init_array_end.bss  anon$$obj.o


    Execution Region __ddsc_FLASH_END (Exec base: 0x000c0800, Load base: 0x000c06e8, Size: 0x00000000, Max: 0x00000000, ABSOLUTE)

    Exec Addr    Load Addr    Size         Type   Attr      Idx    E Section Name        Object

    0x000c0800        -       0x00000000   Zero   RW           50    __ddsc_FLASH_END.bss  anon$$obj.o


    Execution Region .flash.endof (Exec base: 0x000c0800, Load base: 0x000c06e8, Size: 0x00000000, Max: 0x00000000, ABSOLUTE)

    Exec Addr    Load Addr    Size         Type   Attr      Idx    E Section Name        Object

    0x000c0800        -       0x00000000   Zero   RW           51    .flash.endof.bss    anon$$obj.o


    Execution Region __FLASH_end (Exec base: 0x000c0800, Load base: 0x000c06e8, Size: 0x00000000, Max: 0x00000000, ABSOLUTE)

    Exec Addr    Load Addr    Size         Type   Attr      Idx    E Section Name        Object

    0x000c0800        -       0x00000000   Zero   RW           52    __FLASH_end.bss     anon$$obj.o



  Load Region LOAD_REGION_OPTION_SETTING_OFS0 (Base: 0x0100a100, Size: 0x00000004, Max: 0x00000004, ABSOLUTE)

    Execution Region __OPTION_SETTING_OFS0_start (Exec base: 0x0100a100, Load base: 0x0100a100, Size: 0x00000000, Max: 0x00000000, ABSOLUTE)

    Exec Addr    Load Addr    Size         Type   Attr      Idx    E Section Name        Object

    0x0100a100        -       0x00000000   Zero   RW           53    __OPTION_SETTING_OFS0_start.bss  anon$$obj.o


    Execution Region __OPTION_SETTING_OFS0_init (Exec base: 0x0100a100, Load base: 0x0100a100, Size: 0x00000000, Max: 0x00000000, ABSOLUTE)

    Exec Addr    Load Addr    Size         Type   Attr      Idx    E Section Name        Object

    0x0100a100        -       0x00000000   Zero   RW           54    __OPTION_SETTING_OFS0_init.bss  anon$$obj.o


    Execution Region __ddsc_OPTION_SETTING_OFS0_START (Exec base: 0x0100a100, Load base: 0x0100a100, Size: 0x00000000, Max: 0x00000000, ABSOLUTE)

    Exec Addr    Load Addr    Size         Type   Attr      Idx    E Section Name        Object

    0x0100a100        -       0x00000000   Zero   RW           55    __ddsc_OPTION_SETTING_OFS0_START.bss  anon$$obj.o


    Execution Region .option_setting_ofs0.startof (Exec base: 0x0100a100, Load base: 0x0100a100, Size: 0x00000000, Max: 0x00000000, ABSOLUTE)

    Exec Addr    Load Addr    Size         Type   Attr      Idx    E Section Name        Object

    0x0100a100        -       0x00000000   Zero   RW           56    .option_setting_ofs0.startof.bss  anon$$obj.o


    Execution Region __option_setting_ofs0_reg (Exec base: 0x0100a100, Load base: 0x0100a100, Size: 0x00000004, Max: 0xffffffff, ABSOLUTE, FIXED)

    Exec Addr    Load Addr    Size         Type   Attr      Idx    E Section Name        Object

    0x0100a100   0x0100a100   0x00000004   Data   RO         1180    .option_setting_ofs0  bsp_linker.o


    Execution Region __ddsc_OPTION_SETTING_OFS0_END (Exec base: 0x0100a104, Load base: 0x0100a104, Size: 0x00000000, Max: 0x00000000, ABSOLUTE)

    Exec Addr    Load Addr    Size         Type   Attr      Idx    E Section Name        Object

    0x0100a104        -       0x00000000   Zero   RW           57    __ddsc_OPTION_SETTING_OFS0_END.bss  anon$$obj.o


    Execution Region .option_setting_ofs0.endof (Exec base: 0x0100a104, Load base: 0x0100a104, Size: 0x00000000, Max: 0x00000000, ABSOLUTE)

    Exec Addr    Load Addr    Size         Type   Attr      Idx    E Section Name        Object

    0x0100a104        -       0x00000000   Zero   RW           58    .option_setting_ofs0.endof.bss  anon$$obj.o


    Execution Region __OPTION_SETTING_OFS0_end (Exec base: 0x0100a104, Load base: 0x0100a104, Size: 0x00000000, Max: 0x00000000, ABSOLUTE)

    Exec Addr    Load Addr    Size         Type   Attr      Idx    E Section Name        Object

    0x0100a104        -       0x00000000   Zero   RW           59    __OPTION_SETTING_OFS0_end.bss  anon$$obj.o



  Load Region LOAD_REGION_OPTION_SETTING_DUALSEL (Base: 0x0100a110, Size: 0x00000000, Max: 0x00000004, ABSOLUTE)

    Execution Region __OPTION_SETTING_DUALSEL_start (Exec base: 0x0100a110, Load base: 0x0100a110, Size: 0x00000000, Max: 0x00000000, ABSOLUTE)

    Exec Addr    Load Addr    Size         Type   Attr      Idx    E Section Name        Object

    0x0100a110        -       0x00000000   Zero   RW           60    __OPTION_SETTING_DUALSEL_start.bss  anon$$obj.o


    Execution Region __OPTION_SETTING_DUALSEL_init (Exec base: 0x0100a110, Load base: 0x0100a110, Size: 0x00000000, Max: 0x00000000, ABSOLUTE)

    Exec Addr    Load Addr    Size         Type   Attr      Idx    E Section Name        Object

    0x0100a110        -       0x00000000   Zero   RW           61    __OPTION_SETTING_DUALSEL_init.bss  anon$$obj.o


    Execution Region __ddsc_OPTION_SETTING_DUALSEL_START (Exec base: 0x0100a110, Load base: 0x0100a110, Size: 0x00000000, Max: 0x00000000, ABSOLUTE)

    Exec Addr    Load Addr    Size         Type   Attr      Idx    E Section Name        Object

    0x0100a110        -       0x00000000   Zero   RW           62    __ddsc_OPTION_SETTING_DUALSEL_START.bss  anon$$obj.o


    Execution Region .option_setting_dualsel.startof (Exec base: 0x0100a110, Load base: 0x0100a110, Size: 0x00000000, Max: 0x00000000, ABSOLUTE)

    Exec Addr    Load Addr    Size         Type   Attr      Idx    E Section Name        Object

    0x0100a110        -       0x00000000   Zero   RW           63    .option_setting_dualsel.startof.bss  anon$$obj.o


    Execution Region __option_setting_dualsel_reg (Exec base: 0x0100a110, Load base: 0x0100a110, Size: 0x00000000, Max: 0xffffffff, ABSOLUTE, FIXED)

    **** No section assigned to this execution region ****


    Execution Region __ddsc_OPTION_SETTING_DUALSEL_END (Exec base: 0x0100a110, Load base: 0x0100a110, Size: 0x00000000, Max: 0x00000000, ABSOLUTE)

    Exec Addr    Load Addr    Size         Type   Attr      Idx    E Section Name        Object

    0x0100a110        -       0x00000000   Zero   RW           64    __ddsc_OPTION_SETTING_DUALSEL_END.bss  anon$$obj.o


    Execution Region .option_setting_dualsel.endof (Exec base: 0x0100a110, Load base: 0x0100a110, Size: 0x00000000, Max: 0x00000000, ABSOLUTE)

    Exec Addr    Load Addr    Size         Type   Attr      Idx    E Section Name        Object

    0x0100a110        -       0x00000000   Zero   RW           65    .option_setting_dualsel.endof.bss  anon$$obj.o


    Execution Region __OPTION_SETTING_DUALSEL_end (Exec base: 0x0100a110, Load base: 0x0100a110, Size: 0x00000000, Max: 0x00000000, ABSOLUTE)

    Exec Addr    Load Addr    Size         Type   Attr      Idx    E Section Name        Object

    0x0100a110        -       0x00000000   Zero   RW           66    __OPTION_SETTING_DUALSEL_end.bss  anon$$obj.o



  Load Region LOAD_REGION_OPTION_SETTING_OFS1 (Base: 0x0100a180, Size: 0x00000000, Max: 0x00000004, ABSOLUTE)

    Execution Region __OPTION_SETTING_OFS1_start (Exec base: 0x0100a180, Load base: 0x0100a180, Size: 0x00000000, Max: 0x00000000, ABSOLUTE)

    Exec Addr    Load Addr    Size         Type   Attr      Idx    E Section Name        Object

    0x0100a180        -       0x00000000   Zero   RW           67    __OPTION_SETTING_OFS1_start.bss  anon$$obj.o


    Execution Region __OPTION_SETTING_OFS1_init (Exec base: 0x0100a180, Load base: 0x0100a180, Size: 0x00000000, Max: 0x00000000, ABSOLUTE)

    Exec Addr    Load Addr    Size         Type   Attr      Idx    E Section Name        Object

    0x0100a180        -       0x00000000   Zero   RW           68    __OPTION_SETTING_OFS1_init.bss  anon$$obj.o


    Execution Region __ddsc_OPTION_SETTING_OFS1_START (Exec base: 0x0100a180, Load base: 0x0100a180, Size: 0x00000000, Max: 0x00000000, ABSOLUTE)

    Exec Addr    Load Addr    Size         Type   Attr      Idx    E Section Name        Object

    0x0100a180        -       0x00000000   Zero   RW           69    __ddsc_OPTION_SETTING_OFS1_START.bss  anon$$obj.o


    Execution Region .option_setting_ofs1.startof (Exec base: 0x0100a180, Load base: 0x0100a180, Size: 0x00000000, Max: 0x00000000, ABSOLUTE)

    Exec Addr    Load Addr    Size         Type   Attr      Idx    E Section Name        Object

    0x0100a180        -       0x00000000   Zero   RW           70    .option_setting_ofs1.startof.bss  anon$$obj.o


    Execution Region __option_setting_ofs1_reg (Exec base: 0x0100a180, Load base: 0x0100a180, Size: 0x00000000, Max: 0xffffffff, ABSOLUTE, FIXED)

    **** No section assigned to this execution region ****


    Execution Region __ddsc_OPTION_SETTING_OFS1_END (Exec base: 0x0100a180, Load base: 0x0100a180, Size: 0x00000000, Max: 0x00000000, ABSOLUTE)

    Exec Addr    Load Addr    Size         Type   Attr      Idx    E Section Name        Object

    0x0100a180        -       0x00000000   Zero   RW           71    __ddsc_OPTION_SETTING_OFS1_END.bss  anon$$obj.o


    Execution Region .option_setting_ofs1.endof (Exec base: 0x0100a180, Load base: 0x0100a180, Size: 0x00000000, Max: 0x00000000, ABSOLUTE)

    Exec Addr    Load Addr    Size         Type   Attr      Idx    E Section Name        Object

    0x0100a180        -       0x00000000   Zero   RW           72    .option_setting_ofs1.endof.bss  anon$$obj.o


    Execution Region __OPTION_SETTING_OFS1_end (Exec base: 0x0100a180, Load base: 0x0100a180, Size: 0x00000000, Max: 0x00000000, ABSOLUTE)

    Exec Addr    Load Addr    Size         Type   Attr      Idx    E Section Name        Object

    0x0100a180        -       0x00000000   Zero   RW           73    __OPTION_SETTING_OFS1_end.bss  anon$$obj.o



  Load Region LOAD_REGION_OPTION_SETTING_BANKSEL (Base: 0x0100a190, Size: 0x00000000, Max: 0x00000004, ABSOLUTE)

    Execution Region __OPTION_SETTING_BANKSEL_start (Exec base: 0x0100a190, Load base: 0x0100a190, Size: 0x00000000, Max: 0x00000000, ABSOLUTE)

    Exec Addr    Load Addr    Size         Type   Attr      Idx    E Section Name        Object

    0x0100a190        -       0x00000000   Zero   RW           74    __OPTION_SETTING_BANKSEL_start.bss  anon$$obj.o


    Execution Region __OPTION_SETTING_BANKSEL_init (Exec base: 0x0100a190, Load base: 0x0100a190, Size: 0x00000000, Max: 0x00000000, ABSOLUTE)

    Exec Addr    Load Addr    Size         Type   Attr      Idx    E Section Name        Object

    0x0100a190        -       0x00000000   Zero   RW           75    __OPTION_SETTING_BANKSEL_init.bss  anon$$obj.o


    Execution Region __ddsc_OPTION_SETTING_BANKSEL_START (Exec base: 0x0100a190, Load base: 0x0100a190, Size: 0x00000000, Max: 0x00000000, ABSOLUTE)

    Exec Addr    Load Addr    Size         Type   Attr      Idx    E Section Name        Object

    0x0100a190        -       0x00000000   Zero   RW           76    __ddsc_OPTION_SETTING_BANKSEL_START.bss  anon$$obj.o


    Execution Region .option_setting_banksel.startof (Exec base: 0x0100a190, Load base: 0x0100a190, Size: 0x00000000, Max: 0x00000000, ABSOLUTE)

    Exec Addr    Load Addr    Size         Type   Attr      Idx    E Section Name        Object

    0x0100a190        -       0x00000000   Zero   RW           77    .option_setting_banksel.startof.bss  anon$$obj.o


    Execution Region __option_setting_banksel_reg (Exec base: 0x0100a190, Load base: 0x0100a190, Size: 0x00000000, Max: 0xffffffff, ABSOLUTE, FIXED)

    **** No section assigned to this execution region ****


    Execution Region __ddsc_OPTION_SETTING_BANKSEL_END (Exec base: 0x0100a190, Load base: 0x0100a190, Size: 0x00000000, Max: 0x00000000, ABSOLUTE)

    Exec Addr    Load Addr    Size         Type   Attr      Idx    E Section Name        Object

    0x0100a190        -       0x00000000   Zero   RW           78    __ddsc_OPTION_SETTING_BANKSEL_END.bss  anon$$obj.o


    Execution Region .option_setting_banksel.endof (Exec base: 0x0100a190, Load base: 0x0100a190, Size: 0x00000000, Max: 0x00000000, ABSOLUTE)

    Exec Addr    Load Addr    Size         Type   Attr      Idx    E Section Name        Object

    0x0100a190        -       0x00000000   Zero   RW           79    .option_setting_banksel.endof.bss  anon$$obj.o


    Execution Region __OPTION_SETTING_BANKSEL_end (Exec base: 0x0100a190, Load base: 0x0100a190, Size: 0x00000000, Max: 0x00000000, ABSOLUTE)

    Exec Addr    Load Addr    Size         Type   Attr      Idx    E Section Name        Object

    0x0100a190        -       0x00000000   Zero   RW           80    __OPTION_SETTING_BANKSEL_end.bss  anon$$obj.o



  Load Region LOAD_REGION_OPTION_SETTING_BPS (Base: 0x0100a1c0, Size: 0x00000000, Max: 0x00000010, ABSOLUTE)

    Execution Region __OPTION_SETTING_BPS_start (Exec base: 0x0100a1c0, Load base: 0x0100a1c0, Size: 0x00000000, Max: 0x00000000, ABSOLUTE)

    Exec Addr    Load Addr    Size         Type   Attr      Idx    E Section Name        Object

    0x0100a1c0        -       0x00000000   Zero   RW           81    __OPTION_SETTING_BPS_start.bss  anon$$obj.o


    Execution Region __OPTION_SETTING_BPS_init (Exec base: 0x0100a1c0, Load base: 0x0100a1c0, Size: 0x00000000, Max: 0x00000000, ABSOLUTE)

    Exec Addr    Load Addr    Size         Type   Attr      Idx    E Section Name        Object

    0x0100a1c0        -       0x00000000   Zero   RW           82    __OPTION_SETTING_BPS_init.bss  anon$$obj.o


    Execution Region __ddsc_OPTION_SETTING_BPS_START (Exec base: 0x0100a1c0, Load base: 0x0100a1c0, Size: 0x00000000, Max: 0x00000000, ABSOLUTE)

    Exec Addr    Load Addr    Size         Type   Attr      Idx    E Section Name        Object

    0x0100a1c0        -       0x00000000   Zero   RW           83    __ddsc_OPTION_SETTING_BPS_START.bss  anon$$obj.o


    Execution Region .option_setting_bps.startof (Exec base: 0x0100a1c0, Load base: 0x0100a1c0, Size: 0x00000000, Max: 0x00000000, ABSOLUTE)

    Exec Addr    Load Addr    Size         Type   Attr      Idx    E Section Name        Object

    0x0100a1c0        -       0x00000000   Zero   RW           84    .option_setting_bps.startof.bss  anon$$obj.o


    Execution Region __option_setting_bps_reg (Exec base: 0x0100a1c0, Load base: 0x0100a1c0, Size: 0x00000000, Max: 0xffffffff, ABSOLUTE, FIXED)

    **** No section assigned to this execution region ****


    Execution Region __ddsc_OPTION_SETTING_BPS_END (Exec base: 0x0100a1c0, Load base: 0x0100a1c0, Size: 0x00000000, Max: 0x00000000, ABSOLUTE)

    Exec Addr    Load Addr    Size         Type   Attr      Idx    E Section Name        Object

    0x0100a1c0        -       0x00000000   Zero   RW           85    __ddsc_OPTION_SETTING_BPS_END.bss  anon$$obj.o


    Execution Region .option_setting_bps.endof (Exec base: 0x0100a1c0, Load base: 0x0100a1c0, Size: 0x00000000, Max: 0x00000000, ABSOLUTE)

    Exec Addr    Load Addr    Size         Type   Attr      Idx    E Section Name        Object

    0x0100a1c0        -       0x00000000   Zero   RW           86    .option_setting_bps.endof.bss  anon$$obj.o


    Execution Region __OPTION_SETTING_BPS_end (Exec base: 0x0100a1c0, Load base: 0x0100a1c0, Size: 0x00000000, Max: 0x00000000, ABSOLUTE)

    Exec Addr    Load Addr    Size         Type   Attr      Idx    E Section Name        Object

    0x0100a1c0        -       0x00000000   Zero   RW           87    __OPTION_SETTING_BPS_end.bss  anon$$obj.o



  Load Region LOAD_REGION_OPTION_SETTING_PBPS (Base: 0x0100a1e0, Size: 0x00000000, Max: 0x00000010, ABSOLUTE)

    Execution Region __OPTION_SETTING_PBPS_start (Exec base: 0x0100a1e0, Load base: 0x0100a1e0, Size: 0x00000000, Max: 0x00000000, ABSOLUTE)

    Exec Addr    Load Addr    Size         Type   Attr      Idx    E Section Name        Object

    0x0100a1e0        -       0x00000000   Zero   RW           88    __OPTION_SETTING_PBPS_start.bss  anon$$obj.o


    Execution Region __OPTION_SETTING_PBPS_init (Exec base: 0x0100a1e0, Load base: 0x0100a1e0, Size: 0x00000000, Max: 0x00000000, ABSOLUTE)

    Exec Addr    Load Addr    Size         Type   Attr      Idx    E Section Name        Object

    0x0100a1e0        -       0x00000000   Zero   RW           89    __OPTION_SETTING_PBPS_init.bss  anon$$obj.o


    Execution Region __ddsc_OPTION_SETTING_PBPS_START (Exec base: 0x0100a1e0, Load base: 0x0100a1e0, Size: 0x00000000, Max: 0x00000000, ABSOLUTE)

    Exec Addr    Load Addr    Size         Type   Attr      Idx    E Section Name        Object

    0x0100a1e0        -       0x00000000   Zero   RW           90    __ddsc_OPTION_SETTING_PBPS_START.bss  anon$$obj.o


    Execution Region .option_setting_pbps.startof (Exec base: 0x0100a1e0, Load base: 0x0100a1e0, Size: 0x00000000, Max: 0x00000000, ABSOLUTE)

    Exec Addr    Load Addr    Size         Type   Attr      Idx    E Section Name        Object

    0x0100a1e0        -       0x00000000   Zero   RW           91    .option_setting_pbps.startof.bss  anon$$obj.o


    Execution Region __option_setting_pbps_reg (Exec base: 0x0100a1e0, Load base: 0x0100a1e0, Size: 0x00000000, Max: 0xffffffff, ABSOLUTE, FIXED)

    **** No section assigned to this execution region ****


    Execution Region __ddsc_OPTION_SETTING_PBPS_END (Exec base: 0x0100a1e0, Load base: 0x0100a1e0, Size: 0x00000000, Max: 0x00000000, ABSOLUTE)

    Exec Addr    Load Addr    Size         Type   Attr      Idx    E Section Name        Object

    0x0100a1e0        -       0x00000000   Zero   RW           92    __ddsc_OPTION_SETTING_PBPS_END.bss  anon$$obj.o


    Execution Region .option_setting_pbps.endof (Exec base: 0x0100a1e0, Load base: 0x0100a1e0, Size: 0x00000000, Max: 0x00000000, ABSOLUTE)

    Exec Addr    Load Addr    Size         Type   Attr      Idx    E Section Name        Object

    0x0100a1e0        -       0x00000000   Zero   RW           93    .option_setting_pbps.endof.bss  anon$$obj.o


    Execution Region __OPTION_SETTING_PBPS_end (Exec base: 0x0100a1e0, Load base: 0x0100a1e0, Size: 0x00000000, Max: 0x00000000, ABSOLUTE)

    Exec Addr    Load Addr    Size         Type   Attr      Idx    E Section Name        Object

    0x0100a1e0        -       0x00000000   Zero   RW           94    __OPTION_SETTING_PBPS_end.bss  anon$$obj.o



  Load Region LOAD_REGION_OPTION_SETTING_OFS1_SEC (Base: 0x0100a200, Size: 0x00000004, Max: 0x00000004, ABSOLUTE)

    Execution Region __OPTION_SETTING_OFS1_SEC_start (Exec base: 0x0100a200, Load base: 0x0100a200, Size: 0x00000000, Max: 0x00000000, ABSOLUTE)

    Exec Addr    Load Addr    Size         Type   Attr      Idx    E Section Name        Object

    0x0100a200        -       0x00000000   Zero   RW           95    __OPTION_SETTING_OFS1_SEC_start.bss  anon$$obj.o


    Execution Region __OPTION_SETTING_OFS1_SEC_init (Exec base: 0x0100a200, Load base: 0x0100a200, Size: 0x00000000, Max: 0x00000000, ABSOLUTE)

    Exec Addr    Load Addr    Size         Type   Attr      Idx    E Section Name        Object

    0x0100a200        -       0x00000000   Zero   RW           96    __OPTION_SETTING_OFS1_SEC_init.bss  anon$$obj.o


    Execution Region __ddsc_OPTION_SETTING_OFS1_SEC_START (Exec base: 0x0100a200, Load base: 0x0100a200, Size: 0x00000000, Max: 0x00000000, ABSOLUTE)

    Exec Addr    Load Addr    Size         Type   Attr      Idx    E Section Name        Object

    0x0100a200        -       0x00000000   Zero   RW           97    __ddsc_OPTION_SETTING_OFS1_SEC_START.bss  anon$$obj.o


    Execution Region .option_setting_ofs1_sec.startof (Exec base: 0x0100a200, Load base: 0x0100a200, Size: 0x00000000, Max: 0x00000000, ABSOLUTE)

    Exec Addr    Load Addr    Size         Type   Attr      Idx    E Section Name        Object

    0x0100a200        -       0x00000000   Zero   RW           98    .option_setting_ofs1_sec.startof.bss  anon$$obj.o


    Execution Region __option_setting_ofs1_sec_reg (Exec base: 0x0100a200, Load base: 0x0100a200, Size: 0x00000004, Max: 0xffffffff, ABSOLUTE, FIXED)

    Exec Addr    Load Addr    Size         Type   Attr      Idx    E Section Name        Object

    0x0100a200   0x0100a200   0x00000004   Data   RO         1181    .option_setting_ofs1_sec  bsp_linker.o


    Execution Region __ddsc_OPTION_SETTING_OFS1_SEC_END (Exec base: 0x0100a204, Load base: 0x0100a204, Size: 0x00000000, Max: 0x00000000, ABSOLUTE)

    Exec Addr    Load Addr    Size         Type   Attr      Idx    E Section Name        Object

    0x0100a204        -       0x00000000   Zero   RW           99    __ddsc_OPTION_SETTING_OFS1_SEC_END.bss  anon$$obj.o


    Execution Region .option_setting_ofs1_sec.endof (Exec base: 0x0100a204, Load base: 0x0100a204, Size: 0x00000000, Max: 0x00000000, ABSOLUTE)

    Exec Addr    Load Addr    Size         Type   Attr      Idx    E Section Name        Object

    0x0100a204        -       0x00000000   Zero   RW          100    .option_setting_ofs1_sec.endof.bss  anon$$obj.o


    Execution Region __OPTION_SETTING_OFS1_SEC_end (Exec base: 0x0100a204, Load base: 0x0100a204, Size: 0x00000000, Max: 0x00000000, ABSOLUTE)

    Exec Addr    Load Addr    Size         Type   Attr      Idx    E Section Name        Object

    0x0100a204        -       0x00000000   Zero   RW          101    __OPTION_SETTING_OFS1_SEC_end.bss  anon$$obj.o



  Load Region LOAD_REGION_OPTION_SETTING_BANKSEL_SEC (Base: 0x0100a210, Size: 0x00000000, Max: 0x00000004, ABSOLUTE)

    Execution Region __OPTION_SETTING_BANKSEL_SEC_start (Exec base: 0x0100a210, Load base: 0x0100a210, Size: 0x00000000, Max: 0x00000000, ABSOLUTE)

    Exec Addr    Load Addr    Size         Type   Attr      Idx    E Section Name        Object

    0x0100a210        -       0x00000000   Zero   RW          102    __OPTION_SETTING_BANKSEL_SEC_start.bss  anon$$obj.o


    Execution Region __OPTION_SETTING_BANKSEL_SEC_init (Exec base: 0x0100a210, Load base: 0x0100a210, Size: 0x00000000, Max: 0x00000000, ABSOLUTE)

    Exec Addr    Load Addr    Size         Type   Attr      Idx    E Section Name        Object

    0x0100a210        -       0x00000000   Zero   RW          103    __OPTION_SETTING_BANKSEL_SEC_init.bss  anon$$obj.o


    Execution Region __ddsc_OPTION_SETTING_BANKSEL_SEC_START (Exec base: 0x0100a210, Load base: 0x0100a210, Size: 0x00000000, Max: 0x00000000, ABSOLUTE)

    Exec Addr    Load Addr    Size         Type   Attr      Idx    E Section Name        Object

    0x0100a210        -       0x00000000   Zero   RW          104    __ddsc_OPTION_SETTING_BANKSEL_SEC_START.bss  anon$$obj.o


    Execution Region .option_setting_banksel_sec.startof (Exec base: 0x0100a210, Load base: 0x0100a210, Size: 0x00000000, Max: 0x00000000, ABSOLUTE)

    Exec Addr    Load Addr    Size         Type   Attr      Idx    E Section Name        Object

    0x0100a210        -       0x00000000   Zero   RW          105    .option_setting_banksel_sec.startof.bss  anon$$obj.o


    Execution Region __option_setting_banksel_sec_reg (Exec base: 0x0100a210, Load base: 0x0100a210, Size: 0x00000000, Max: 0xffffffff, ABSOLUTE, FIXED)

    **** No section assigned to this execution region ****


    Execution Region __ddsc_OPTION_SETTING_BANKSEL_SEC_END (Exec base: 0x0100a210, Load base: 0x0100a210, Size: 0x00000000, Max: 0x00000000, ABSOLUTE)

    Exec Addr    Load Addr    Size         Type   Attr      Idx    E Section Name        Object

    0x0100a210        -       0x00000000   Zero   RW          106    __ddsc_OPTION_SETTING_BANKSEL_SEC_END.bss  anon$$obj.o


    Execution Region .option_setting_banksel_sec.endof (Exec base: 0x0100a210, Load base: 0x0100a210, Size: 0x00000000, Max: 0x00000000, ABSOLUTE)

    Exec Addr    Load Addr    Size         Type   Attr      Idx    E Section Name        Object

    0x0100a210        -       0x00000000   Zero   RW          107    .option_setting_banksel_sec.endof.bss  anon$$obj.o


    Execution Region __OPTION_SETTING_BANKSEL_SEC_end (Exec base: 0x0100a210, Load base: 0x0100a210, Size: 0x00000000, Max: 0x00000000, ABSOLUTE)

    Exec Addr    Load Addr    Size         Type   Attr      Idx    E Section Name        Object

    0x0100a210        -       0x00000000   Zero   RW          108    __OPTION_SETTING_BANKSEL_SEC_end.bss  anon$$obj.o



  Load Region LOAD_REGION_OPTION_SETTING_BPS_SEC (Base: 0x0100a240, Size: 0x00000000, Max: 0x00000010, ABSOLUTE)

    Execution Region __OPTION_SETTING_BPS_SEC_start (Exec base: 0x0100a240, Load base: 0x0100a240, Size: 0x00000000, Max: 0x00000000, ABSOLUTE)

    Exec Addr    Load Addr    Size         Type   Attr      Idx    E Section Name        Object

    0x0100a240        -       0x00000000   Zero   RW          109    __OPTION_SETTING_BPS_SEC_start.bss  anon$$obj.o


    Execution Region __OPTION_SETTING_BPS_SEC_init (Exec base: 0x0100a240, Load base: 0x0100a240, Size: 0x00000000, Max: 0x00000000, ABSOLUTE)

    Exec Addr    Load Addr    Size         Type   Attr      Idx    E Section Name        Object

    0x0100a240        -       0x00000000   Zero   RW          110    __OPTION_SETTING_BPS_SEC_init.bss  anon$$obj.o


    Execution Region __ddsc_OPTION_SETTING_BPS_SEC_START (Exec base: 0x0100a240, Load base: 0x0100a240, Size: 0x00000000, Max: 0x00000000, ABSOLUTE)

    Exec Addr    Load Addr    Size         Type   Attr      Idx    E Section Name        Object

    0x0100a240        -       0x00000000   Zero   RW          111    __ddsc_OPTION_SETTING_BPS_SEC_START.bss  anon$$obj.o


    Execution Region .option_setting_bps_sec.startof (Exec base: 0x0100a240, Load base: 0x0100a240, Size: 0x00000000, Max: 0x00000000, ABSOLUTE)

    Exec Addr    Load Addr    Size         Type   Attr      Idx    E Section Name        Object

    0x0100a240        -       0x00000000   Zero   RW          112    .option_setting_bps_sec.startof.bss  anon$$obj.o


    Execution Region __option_setting_bps_sec_reg (Exec base: 0x0100a240, Load base: 0x0100a240, Size: 0x00000000, Max: 0xffffffff, ABSOLUTE, FIXED)

    **** No section assigned to this execution region ****


    Execution Region __ddsc_OPTION_SETTING_BPS_SEC_END (Exec base: 0x0100a240, Load base: 0x0100a240, Size: 0x00000000, Max: 0x00000000, ABSOLUTE)

    Exec Addr    Load Addr    Size         Type   Attr      Idx    E Section Name        Object

    0x0100a240        -       0x00000000   Zero   RW          113    __ddsc_OPTION_SETTING_BPS_SEC_END.bss  anon$$obj.o


    Execution Region .option_setting_bps_sec.endof (Exec base: 0x0100a240, Load base: 0x0100a240, Size: 0x00000000, Max: 0x00000000, ABSOLUTE)

    Exec Addr    Load Addr    Size         Type   Attr      Idx    E Section Name        Object

    0x0100a240        -       0x00000000   Zero   RW          114    .option_setting_bps_sec.endof.bss  anon$$obj.o


    Execution Region __OPTION_SETTING_BPS_SEC_end (Exec base: 0x0100a240, Load base: 0x0100a240, Size: 0x00000000, Max: 0x00000000, ABSOLUTE)

    Exec Addr    Load Addr    Size         Type   Attr      Idx    E Section Name        Object

    0x0100a240        -       0x00000000   Zero   RW          115    __OPTION_SETTING_BPS_SEC_end.bss  anon$$obj.o



  Load Region LOAD_REGION_OPTION_SETTING_PBPS_SEC (Base: 0x0100a260, Size: 0x00000000, Max: 0x00000010, ABSOLUTE)

    Execution Region __OPTION_SETTING_PBPS_SEC_start (Exec base: 0x0100a260, Load base: 0x0100a260, Size: 0x00000000, Max: 0x00000000, ABSOLUTE)

    Exec Addr    Load Addr    Size         Type   Attr      Idx    E Section Name        Object

    0x0100a260        -       0x00000000   Zero   RW          116    __OPTION_SETTING_PBPS_SEC_start.bss  anon$$obj.o


    Execution Region __OPTION_SETTING_PBPS_SEC_init (Exec base: 0x0100a260, Load base: 0x0100a260, Size: 0x00000000, Max: 0x00000000, ABSOLUTE)

    Exec Addr    Load Addr    Size         Type   Attr      Idx    E Section Name        Object

    0x0100a260        -       0x00000000   Zero   RW          117    __OPTION_SETTING_PBPS_SEC_init.bss  anon$$obj.o


    Execution Region __ddsc_OPTION_SETTING_PBPS_SEC_START (Exec base: 0x0100a260, Load base: 0x0100a260, Size: 0x00000000, Max: 0x00000000, ABSOLUTE)

    Exec Addr    Load Addr    Size         Type   Attr      Idx    E Section Name        Object

    0x0100a260        -       0x00000000   Zero   RW          118    __ddsc_OPTION_SETTING_PBPS_SEC_START.bss  anon$$obj.o


    Execution Region .option_setting_pbps_sec.startof (Exec base: 0x0100a260, Load base: 0x0100a260, Size: 0x00000000, Max: 0x00000000, ABSOLUTE)

    Exec Addr    Load Addr    Size         Type   Attr      Idx    E Section Name        Object

    0x0100a260        -       0x00000000   Zero   RW          119    .option_setting_pbps_sec.startof.bss  anon$$obj.o


    Execution Region __option_setting_pbps_sec_reg (Exec base: 0x0100a260, Load base: 0x0100a260, Size: 0x00000000, Max: 0xffffffff, ABSOLUTE, FIXED)

    **** No section assigned to this execution region ****


    Execution Region __ddsc_OPTION_SETTING_PBPS_SEC_END (Exec base: 0x0100a260, Load base: 0x0100a260, Size: 0x00000000, Max: 0x00000000, ABSOLUTE)

    Exec Addr    Load Addr    Size         Type   Attr      Idx    E Section Name        Object

    0x0100a260        -       0x00000000   Zero   RW          120    __ddsc_OPTION_SETTING_PBPS_SEC_END.bss  anon$$obj.o


    Execution Region .option_setting_pbps_sec.endof (Exec base: 0x0100a260, Load base: 0x0100a260, Size: 0x00000000, Max: 0x00000000, ABSOLUTE)

    Exec Addr    Load Addr    Size         Type   Attr      Idx    E Section Name        Object

    0x0100a260        -       0x00000000   Zero   RW          121    .option_setting_pbps_sec.endof.bss  anon$$obj.o


    Execution Region __OPTION_SETTING_PBPS_SEC_end (Exec base: 0x0100a260, Load base: 0x0100a260, Size: 0x00000000, Max: 0x00000000, ABSOLUTE)

    Exec Addr    Load Addr    Size         Type   Attr      Idx    E Section Name        Object

    0x0100a260        -       0x00000000   Zero   RW          122    __OPTION_SETTING_PBPS_SEC_end.bss  anon$$obj.o



  Load Region LOAD_REGION_OPTION_SETTING_OFS1_SEL (Base: 0x0100a280, Size: 0x00000004, Max: 0x00000004, ABSOLUTE)

    Execution Region __OPTION_SETTING_OFS1_SEL_start (Exec base: 0x0100a280, Load base: 0x0100a280, Size: 0x00000000, Max: 0x00000000, ABSOLUTE)

    Exec Addr    Load Addr    Size         Type   Attr      Idx    E Section Name        Object

    0x0100a280        -       0x00000000   Zero   RW          123    __OPTION_SETTING_OFS1_SEL_start.bss  anon$$obj.o


    Execution Region __OPTION_SETTING_OFS1_SEL_init (Exec base: 0x0100a280, Load base: 0x0100a280, Size: 0x00000000, Max: 0x00000000, ABSOLUTE)

    Exec Addr    Load Addr    Size         Type   Attr      Idx    E Section Name        Object

    0x0100a280        -       0x00000000   Zero   RW          124    __OPTION_SETTING_OFS1_SEL_init.bss  anon$$obj.o


    Execution Region __ddsc_OPTION_SETTING_OFS1_SEL_START (Exec base: 0x0100a280, Load base: 0x0100a280, Size: 0x00000000, Max: 0x00000000, ABSOLUTE)

    Exec Addr    Load Addr    Size         Type   Attr      Idx    E Section Name        Object

    0x0100a280        -       0x00000000   Zero   RW          125    __ddsc_OPTION_SETTING_OFS1_SEL_START.bss  anon$$obj.o


    Execution Region .option_setting_ofs1_sel.startof (Exec base: 0x0100a280, Load base: 0x0100a280, Size: 0x00000000, Max: 0x00000000, ABSOLUTE)

    Exec Addr    Load Addr    Size         Type   Attr      Idx    E Section Name        Object

    0x0100a280        -       0x00000000   Zero   RW          126    .option_setting_ofs1_sel.startof.bss  anon$$obj.o


    Execution Region __option_setting_ofs1_sel_reg (Exec base: 0x0100a280, Load base: 0x0100a280, Size: 0x00000004, Max: 0xffffffff, ABSOLUTE, FIXED)

    Exec Addr    Load Addr    Size         Type   Attr      Idx    E Section Name        Object

    0x0100a280   0x0100a280   0x00000004   Data   RO         1182    .option_setting_ofs1_sel  bsp_linker.o


    Execution Region __ddsc_OPTION_SETTING_OFS1_SEL_END (Exec base: 0x0100a284, Load base: 0x0100a284, Size: 0x00000000, Max: 0x00000000, ABSOLUTE)

    Exec Addr    Load Addr    Size         Type   Attr      Idx    E Section Name        Object

    0x0100a284        -       0x00000000   Zero   RW          127    __ddsc_OPTION_SETTING_OFS1_SEL_END.bss  anon$$obj.o


    Execution Region .option_setting_ofs1_sel.endof (Exec base: 0x0100a284, Load base: 0x0100a284, Size: 0x00000000, Max: 0x00000000, ABSOLUTE)

    Exec Addr    Load Addr    Size         Type   Attr      Idx    E Section Name        Object

    0x0100a284        -       0x00000000   Zero   RW          128    .option_setting_ofs1_sel.endof.bss  anon$$obj.o


    Execution Region __OPTION_SETTING_OFS1_SEL_end (Exec base: 0x0100a284, Load base: 0x0100a284, Size: 0x00000000, Max: 0x00000000, ABSOLUTE)

    Exec Addr    Load Addr    Size         Type   Attr      Idx    E Section Name        Object

    0x0100a284        -       0x00000000   Zero   RW          129    __OPTION_SETTING_OFS1_SEL_end.bss  anon$$obj.o



  Load Region LOAD_REGION_OPTION_SETTING_BANKSEL_SEL (Base: 0x0100a290, Size: 0x00000000, Max: 0x00000004, ABSOLUTE)

    Execution Region __OPTION_SETTING_BANKSEL_SEL_start (Exec base: 0x0100a290, Load base: 0x0100a290, Size: 0x00000000, Max: 0x00000000, ABSOLUTE)

    Exec Addr    Load Addr    Size         Type   Attr      Idx    E Section Name        Object

    0x0100a290        -       0x00000000   Zero   RW          130    __OPTION_SETTING_BANKSEL_SEL_start.bss  anon$$obj.o


    Execution Region __OPTION_SETTING_BANKSEL_SEL_init (Exec base: 0x0100a290, Load base: 0x0100a290, Size: 0x00000000, Max: 0x00000000, ABSOLUTE)

    Exec Addr    Load Addr    Size         Type   Attr      Idx    E Section Name        Object

    0x0100a290        -       0x00000000   Zero   RW          131    __OPTION_SETTING_BANKSEL_SEL_init.bss  anon$$obj.o


    Execution Region __ddsc_OPTION_SETTING_BANKSEL_SEL_START (Exec base: 0x0100a290, Load base: 0x0100a290, Size: 0x00000000, Max: 0x00000000, ABSOLUTE)

    Exec Addr    Load Addr    Size         Type   Attr      Idx    E Section Name        Object

    0x0100a290        -       0x00000000   Zero   RW          132    __ddsc_OPTION_SETTING_BANKSEL_SEL_START.bss  anon$$obj.o


    Execution Region .option_setting_banksel_sel.startof (Exec base: 0x0100a290, Load base: 0x0100a290, Size: 0x00000000, Max: 0x00000000, ABSOLUTE)

    Exec Addr    Load Addr    Size         Type   Attr      Idx    E Section Name        Object

    0x0100a290        -       0x00000000   Zero   RW          133    .option_setting_banksel_sel.startof.bss  anon$$obj.o


    Execution Region __option_setting_banksel_sel_reg (Exec base: 0x0100a290, Load base: 0x0100a290, Size: 0x00000000, Max: 0xffffffff, ABSOLUTE, FIXED)

    **** No section assigned to this execution region ****


    Execution Region __ddsc_OPTION_SETTING_BANKSEL_SEL_END (Exec base: 0x0100a290, Load base: 0x0100a290, Size: 0x00000000, Max: 0x00000000, ABSOLUTE)

    Exec Addr    Load Addr    Size         Type   Attr      Idx    E Section Name        Object

    0x0100a290        -       0x00000000   Zero   RW          134    __ddsc_OPTION_SETTING_BANKSEL_SEL_END.bss  anon$$obj.o


    Execution Region .option_setting_banksel_sel.endof (Exec base: 0x0100a290, Load base: 0x0100a290, Size: 0x00000000, Max: 0x00000000, ABSOLUTE)

    Exec Addr    Load Addr    Size         Type   Attr      Idx    E Section Name        Object

    0x0100a290        -       0x00000000   Zero   RW          135    .option_setting_banksel_sel.endof.bss  anon$$obj.o


    Execution Region __OPTION_SETTING_BANKSEL_SEL_end (Exec base: 0x0100a290, Load base: 0x0100a290, Size: 0x00000000, Max: 0x00000000, ABSOLUTE)

    Exec Addr    Load Addr    Size         Type   Attr      Idx    E Section Name        Object

    0x0100a290        -       0x00000000   Zero   RW          136    __OPTION_SETTING_BANKSEL_SEL_end.bss  anon$$obj.o



  Load Region LOAD_REGION_OPTION_SETTING_BPS_SEL (Base: 0x0100a2c0, Size: 0x00000000, Max: 0x00000010, ABSOLUTE)

    Execution Region __OPTION_SETTING_BPS_SEL_start (Exec base: 0x0100a2c0, Load base: 0x0100a2c0, Size: 0x00000000, Max: 0x00000000, ABSOLUTE)

    Exec Addr    Load Addr    Size         Type   Attr      Idx    E Section Name        Object

    0x0100a2c0        -       0x00000000   Zero   RW          137    __OPTION_SETTING_BPS_SEL_start.bss  anon$$obj.o


    Execution Region __OPTION_SETTING_BPS_SEL_init (Exec base: 0x0100a2c0, Load base: 0x0100a2c0, Size: 0x00000000, Max: 0x00000000, ABSOLUTE)

    Exec Addr    Load Addr    Size         Type   Attr      Idx    E Section Name        Object

    0x0100a2c0        -       0x00000000   Zero   RW          138    __OPTION_SETTING_BPS_SEL_init.bss  anon$$obj.o


    Execution Region __ddsc_OPTION_SETTING_BPS_SEL_START (Exec base: 0x0100a2c0, Load base: 0x0100a2c0, Size: 0x00000000, Max: 0x00000000, ABSOLUTE)

    Exec Addr    Load Addr    Size         Type   Attr      Idx    E Section Name        Object

    0x0100a2c0        -       0x00000000   Zero   RW          139    __ddsc_OPTION_SETTING_BPS_SEL_START.bss  anon$$obj.o


    Execution Region .option_setting_bps_sel.startof (Exec base: 0x0100a2c0, Load base: 0x0100a2c0, Size: 0x00000000, Max: 0x00000000, ABSOLUTE)

    Exec Addr    Load Addr    Size         Type   Attr      Idx    E Section Name        Object

    0x0100a2c0        -       0x00000000   Zero   RW          140    .option_setting_bps_sel.startof.bss  anon$$obj.o


    Execution Region __option_setting_bps_sel_reg (Exec base: 0x0100a2c0, Load base: 0x0100a2c0, Size: 0x00000000, Max: 0xffffffff, ABSOLUTE, FIXED)

    **** No section assigned to this execution region ****


    Execution Region __ddsc_OPTION_SETTING_BPS_SEL_END (Exec base: 0x0100a2c0, Load base: 0x0100a2c0, Size: 0x00000000, Max: 0x00000000, ABSOLUTE)

    Exec Addr    Load Addr    Size         Type   Attr      Idx    E Section Name        Object

    0x0100a2c0        -       0x00000000   Zero   RW          141    __ddsc_OPTION_SETTING_BPS_SEL_END.bss  anon$$obj.o


    Execution Region .option_setting_bps_sel.endof (Exec base: 0x0100a2c0, Load base: 0x0100a2c0, Size: 0x00000000, Max: 0x00000000, ABSOLUTE)

    Exec Addr    Load Addr    Size         Type   Attr      Idx    E Section Name        Object

    0x0100a2c0        -       0x00000000   Zero   RW          142    .option_setting_bps_sel.endof.bss  anon$$obj.o


    Execution Region __OPTION_SETTING_BPS_SEL_end (Exec base: 0x0100a2c0, Load base: 0x0100a2c0, Size: 0x00000000, Max: 0x00000000, ABSOLUTE)

    Exec Addr    Load Addr    Size         Type   Attr      Idx    E Section Name        Object

    0x0100a2c0        -       0x00000000   Zero   RW          143    __OPTION_SETTING_BPS_SEL_end.bss  anon$$obj.o


==============================================================================

Image component sizes


      Code (inc. data)   RO Data    RW Data    ZI Data      Debug   Object Name

      1602        422       1153          4        280       7354   app_main.o
       286         44          0          1       8316      91421   audio_capture.o
       406         60          0          0         28      38907   bsp_clocks.o
         2          0         78          0          0      10048   bsp_common.o
       116         20          0          0          0       1872   bsp_delay.o
        64          8          0          0         64      14162   bsp_group_irq.o
         0          0          0          0          4        516   bsp_io.o
       128         16          0          0         72      18602   bsp_irq.o
         0          0        380          0          0       3565   bsp_linker.o
       128         12         10          0         10      21866   bsp_register_protection.o
       834        144         68          0          0       5608   cloud_speaker_demo_client.o
         0          0         12          0          8      17849   common_data.o
        16          4          0          0         18      32167   drv_touch.o
         0          0        372         12        144      62966   hal_data.o
        44          8          0          0          1      17134   hal_entry.o
       144          8          0          0          0       1498   log.o
        10          0          0          0          0        441   main.o
         0          0        140          0          0       8051   pin_data.o
         0          0          0          0         72      25772   r_dtc.o
       808         60         52          0          0      56545   r_ioport.o
       540          4          0          0          0      39375   r_sci_i2c.o
      1750         76         83          0          0      71246   r_sci_uart.o
       610         16          0          0          0      38426   r_ssi.o
        14          0         64          0      20480        980   startup.o
       232         24          0          0          4       6691   system.o
        28          4     762193          0          0       1551   test_audio_data.o
       148          0          0          0          0       3131   uart_ringbuf.o
         0          0        144          0          0       9891   vector_data.o
       132          4       1223        104       8192      60055   w800_at.o
      1850        232          0          1       8237      49635   w800_at_1.o
      2316        422        677          0          2      13419   w800_socket.o
       700        312         24          0          0       5570   w800_wifi.o

    ----------------------------------------------------------------------
     12928       1900     766684        124      45944     736314   Object Totals
         0          0          0          0          0          0   (incl. Generated)
        20          0         11          2         12          0   (incl. Padding)

    ----------------------------------------------------------------------

      Code (inc. data)   RO Data    RW Data    ZI Data      Debug   Library Member Name

        64          6          0          0          0         84   __2snprintf.o
       392          4         17          0          0         92   __printf_flags_ss_wp.o
        14          0          0          0          0         68   __printf_wp.o
        72          0          0          0          0         96   _c32rtomb.o
        28          0          0          0          0         68   _chval.o
         6          0          0          0          0          0   _printf_a.o
         6          0          0          0          0          0   _printf_c.o
        44          0          0          0          0        108   _printf_char.o
        48          6          0          0          0         96   _printf_char_common.o
        40          0          0          0          0         68   _printf_charcount.o
         6          0          0          0          0          0   _printf_d.o
       120         16          0          0          0         92   _printf_dec.o
         6          0          0          0          0          0   _printf_e.o
         6          0          0          0          0          0   _printf_f.o
      1052          0          0          0          0        148   _printf_fp_dec.o
       764          8         38          0          0        100   _printf_fp_hex.o
       128         16          0          0          0         84   _printf_fp_infnan.o
         6          0          0          0          0          0   _printf_g.o
       148          4         40          0          0        160   _printf_hex_int_ll_ptr.o
         6          0          0          0          0          0   _printf_i.o
       178          0          0          0          0         88   _printf_intcommon.o
        10          0          0          0          0          0   _printf_l.o
         6          0          0          0          0          0   _printf_lc.o
        10          0          0          0          0          0   _printf_ll.o
         6          0          0          0          0          0   _printf_lld.o
         6          0          0          0          0          0   _printf_lli.o
         6          0          0          0          0          0   _printf_llo.o
         6          0          0          0          0          0   _printf_llu.o
         6          0          0          0          0          0   _printf_llx.o
       124         16          0          0          0         92   _printf_longlong_dec.o
         6          0          0          0          0          0   _printf_ls.o
         6          0          0          0          0          0   _printf_n.o
         6          0          0          0          0          0   _printf_o.o
       112          8          0          0          0        124   _printf_oct_int_ll.o
         6          0          0          0          0          0   _printf_p.o
        78          0          0          0          0        108   _printf_pad.o
         0          0          0          0          0          0   _printf_percent.o
         4          0          0          0          0          0   _printf_percent_end.o
         6          0          0          0          0          0   _printf_s.o
        82          0          0          0          0         80   _printf_str.o
        36          0          0          0          0         84   _printf_truncate.o
         6          0          0          0          0          0   _printf_u.o
        44          0          0          0          0        108   _printf_wchar.o
       188          6          8          0          0         92   _printf_wctomb.o
         6          0          0          0          0          0   _printf_x.o
        16          0          0          0          0         68   _snputc.o
       158          0          0          0          0         92   _strtoul.o
       228          4        148          0          0         96   bigflt0.o
      1936        128          0          0          0        668   btod.o
        44         10        272          0          0         76   lc_ctype_c.o
        44         10         28          0          0         76   lc_numeric_c.o
         0          0          0          0          0          0   libinit2.o
       116          0          0          0          0         84   llsdiv.o
       138          0          0          0          0         80   lludiv10.o
       240          0          0          0          0        100   lludivv7m.o
        16          4          0          0          0         76   rt_ctype_table.o
         8          4          0          0          4         68   rt_errno_addr.o
         8          4          0          0         20         68   rt_locale.o
        68          0          0          0          0         68   rt_memclr.o
        78          0          0          0          0         80   rt_memclr_w.o
       138          0          0          0          0         68   rt_memcpy_v6.o
       100          0          0          0          0         80   rt_memcpy_w.o
        20          0          0          0          0         68   strchr.o
       124          0          0          0          0         88   strcmpv8m_maindsp.o
        62          0          0          0          0         76   strlen.o
        86          0          0          0          0         76   strncpy.o
        36          0          0          0          0         80   strstr.o
       112          0          0          0          0         88   strtol.o
       114          0          0          0          0         92   strtoul.o
        60          4          0          0          0         80   vsnprintf.o
         4          0          0          0          0        116   printf1.o
         4          0          0          0          0        116   printf2.o
         0          0          0          0          0          0   usenofp.o
        48          0          0          0          0        124   fpclassify.o

    ----------------------------------------------------------------------
      7916        258        556          0         24       4892   Library Totals
        10          0          5          0          0          0   (incl. Padding)

    ----------------------------------------------------------------------

      Code (inc. data)   RO Data    RW Data    ZI Data      Debug   Library Name

      7850        258        551          0         24       4536   c_wu.l
         8          0          0          0          0        232   fz_wm.l
        48          0          0          0          0        124   m_wm.l

    ----------------------------------------------------------------------
      7916        258        556          0         24       4892   Library Totals

    ----------------------------------------------------------------------

==============================================================================


      Code (inc. data)   RO Data    RW Data    ZI Data      Debug   

     20844       2158     767240        124      45968     738026   Grand Totals
     20844       2158     767240        124      45968     738026   ELF Image Totals
     20844       2158     767240        124          0          0   ROM Totals

==============================================================================

    Total RO  Size (Code + RO Data)               788084 ( 769.61kB)
    Total RW  Size (RW Data + ZI Data)             46092 (  45.01kB)
    Total ROM Size (Code + RO Data + RW Data)     788208 ( 769.73kB)

==============================================================================

